#
# There is insufficient memory for the Java Runtime Environment to continue.
# Native memory allocation (malloc) failed to allocate 114416 bytes. Error detail: Chunk::new
# Possible reasons:
#   The system is out of physical RAM or swap space
#   This process is running with CompressedOops enabled, and the Java Heap may be blocking the growth of the native heap
# Possible solutions:
#   Reduce memory load on the system
#   Increase physical memory or swap space
#   Check if swap backing store is full
#   Decrease Java heap size (-Xmx/-Xms)
#   Decrease number of Java threads
#   Decrease Java thread stack sizes (-Xss)
#   Set larger code cache with -XX:ReservedCodeCacheSize=
#   JVM is running with Unscaled Compressed Oops mode in which the Java heap is
#     placed in the first 4GB address space. The Java Heap base address is the
#     maximum limit for the native heap growth. Please use -XX:HeapBaseMinAddress
#     to set the Java Heap base and to place the Java Heap above 4GB virtual address.
# This output file may be truncated or incomplete.
#
#  Out of Memory Error (arena.cpp:168), pid=23740, tid=16472
#
# JRE version: OpenJDK Runtime Environment Corretto-21.0.5.11.1 (21.0.5+11) (build 21.0.5+11-LTS)
# Java VM: OpenJDK 64-Bit Server VM Corretto-21.0.5.11.1 (21.0.5+11-LTS, mixed mode, sharing, tiered, compressed oops, compressed class ptrs, g1 gc, windows-amd64)
# No core dump will be written. Minidumps are not enabled by default on client versions of Windows
#

---------------  S U M M A R Y ------------

Command Line: --add-opens=java.base/java.lang=ALL-UNNAMED --add-opens=java.base/java.lang.invoke=ALL-UNNAMED --add-opens=java.base/java.util=ALL-UNNAMED --add-opens=java.prefs/java.util.prefs=ALL-UNNAMED --add-exports=jdk.compiler/com.sun.tools.javac.api=ALL-UNNAMED --add-exports=jdk.compiler/com.sun.tools.javac.util=ALL-UNNAMED --add-opens=java.base/java.util=ALL-UNNAMED --add-opens=java.prefs/java.util.prefs=ALL-UNNAMED --add-opens=java.base/java.nio.charset=ALL-UNNAMED --add-opens=java.base/java.net=ALL-UNNAMED --add-opens=java.base/java.util.concurrent.atomic=ALL-UNNAMED --add-opens=java.xml/javax.xml.namespace=ALL-UNNAMED -XX:MaxMetaspaceSize=384m -XX:+HeapDumpOnOutOfMemoryError -Xms256m -Xmx512m -Dfile.encoding=UTF-8 -Duser.country=PE -Duser.language=es -Duser.variant -javaagent:D:\Usuarios\PM71796543\.gradle\wrapper\dists\gradle-8.13-bin\5xuhj0ry160q40clulazy9h7d\gradle-8.13\lib\agents\gradle-instrumentation-agent-8.13.jar org.gradle.launcher.daemon.bootstrap.GradleDaemon 8.13

Host: 13th Gen Intel(R) Core(TM) i7-1365U, 12 cores, 15G,  Windows 11 , 64 bit Build 26100 (10.0.26100.3775)
Time: Thu May  1 22:36:18 2025 Hora est. Pacífico, Sudamérica elapsed time: 84.376109 seconds (0d 0h 1m 24s)

---------------  T H R E A D  ---------------

Current thread (0x00000250283549c0):  JavaThread "C2 CompilerThread1" daemon [_thread_in_native, id=16472, stack(0x000000c8e6d00000,0x000000c8e6e00000) (1024K)]


Current CompileTask:
C2:84376 3265       4       java.lang.invoke.InvokerBytecodeGenerator::emitPushArgument (150 bytes)

Stack: [0x000000c8e6d00000,0x000000c8e6e00000]
Native frames: (J=compiled Java code, j=interpreted, Vv=VM code, C=native code)
V  [jvm.dll+0x6d9b69]
V  [jvm.dll+0x8b6073]
V  [jvm.dll+0x8b83ce]
V  [jvm.dll+0x8b8ab3]
V  [jvm.dll+0x286226]
V  [jvm.dll+0xc65ed]
V  [jvm.dll+0xc6b23]
V  [jvm.dll+0x3c0491]
V  [jvm.dll+0x38c167]
V  [jvm.dll+0x38b5da]
V  [jvm.dll+0x24e5c2]
V  [jvm.dll+0x24db91]
V  [jvm.dll+0x1cc3c4]
V  [jvm.dll+0x25d249]
V  [jvm.dll+0x25b7fb]
V  [jvm.dll+0x3fab46]
V  [jvm.dll+0x85ed68]
V  [jvm.dll+0x6d836d]
C  [ucrtbase.dll+0x37b0]
C  [KERNEL32.DLL+0x2e8d7]
C  [ntdll.dll+0xb14fc]


---------------  P R O C E S S  ---------------

Threads class SMR info:
_java_thread_list=0x0000025029b797a0, length=26, elements={
0x000002506f3c6b20, 0x000002507b625dd0, 0x000002507b628ae0, 0x000002507b62abb0,
0x000002507b631f10, 0x000002507b6365b0, 0x000002507b63add0, 0x000002507b640790,
0x000002507b641ca0, 0x000002507b6e0090, 0x000002507b994350, 0x0000025029932500,
0x000002507b766b60, 0x000002502827e030, 0x000002507b800950, 0x000002507b7183a0,
0x000002507ba2b510, 0x00000250283a8800, 0x00000250283a5380, 0x00000250283a6dc0,
0x00000250283a8e90, 0x00000250283a7ae0, 0x00000250283a5a10, 0x00000250283a8170,
0x00000250283a9520, 0x00000250283549c0
}

Java Threads: ( => current thread )
  0x000002506f3c6b20 JavaThread "main"                              [_thread_blocked, id=22532, stack(0x000000c8e4900000,0x000000c8e4a00000) (1024K)]
  0x000002507b625dd0 JavaThread "Reference Handler"          daemon [_thread_blocked, id=16228, stack(0x000000c8e5100000,0x000000c8e5200000) (1024K)]
  0x000002507b628ae0 JavaThread "Finalizer"                  daemon [_thread_blocked, id=31392, stack(0x000000c8e5200000,0x000000c8e5300000) (1024K)]
  0x000002507b62abb0 JavaThread "Signal Dispatcher"          daemon [_thread_blocked, id=19976, stack(0x000000c8e5300000,0x000000c8e5400000) (1024K)]
  0x000002507b631f10 JavaThread "Attach Listener"            daemon [_thread_blocked, id=14356, stack(0x000000c8e5400000,0x000000c8e5500000) (1024K)]
  0x000002507b6365b0 JavaThread "Service Thread"             daemon [_thread_blocked, id=30852, stack(0x000000c8e5500000,0x000000c8e5600000) (1024K)]
  0x000002507b63add0 JavaThread "Monitor Deflation Thread"   daemon [_thread_blocked, id=19764, stack(0x000000c8e5600000,0x000000c8e5700000) (1024K)]
  0x000002507b640790 JavaThread "C2 CompilerThread0"         daemon [_thread_in_native, id=29828, stack(0x000000c8e5700000,0x000000c8e5800000) (1024K)]
  0x000002507b641ca0 JavaThread "C1 CompilerThread0"         daemon [_thread_in_vm, id=19376, stack(0x000000c8e5800000,0x000000c8e5900000) (1024K)]
  0x000002507b6e0090 JavaThread "Common-Cleaner"             daemon [_thread_blocked, id=30952, stack(0x000000c8e5900000,0x000000c8e5a00000) (1024K)]
  0x000002507b994350 JavaThread "Notification Thread"        daemon [_thread_blocked, id=32460, stack(0x000000c8e5a00000,0x000000c8e5b00000) (1024K)]
  0x0000025029932500 JavaThread "Daemon health stats"               [_thread_blocked, id=16908, stack(0x000000c8e5b00000,0x000000c8e5c00000) (1024K)]
  0x000002507b766b60 JavaThread "Incoming local TCP Connector on port 53405"        [_thread_in_native, id=29932, stack(0x000000c8e5c00000,0x000000c8e5d00000) (1024K)]
  0x000002502827e030 JavaThread "Daemon periodic checks"            [_thread_blocked, id=29356, stack(0x000000c8e6600000,0x000000c8e6700000) (1024K)]
  0x000002507b800950 JavaThread "Daemon"                            [_thread_blocked, id=23520, stack(0x000000c8e6700000,0x000000c8e6800000) (1024K)]
  0x000002507b7183a0 JavaThread "Daemon worker"                     [_thread_in_vm, id=32336, stack(0x000000c8e6a00000,0x000000c8e6b00000) (1024K)]
  0x000002507ba2b510 JavaThread "Cache worker for journal cache (D:\Usuarios\PM71796543\.gradle\caches\journal-1)"        [_thread_blocked, id=23240, stack(0x000000c8e6e00000,0x000000c8e6f00000) (1024K)]
  0x00000250283a8800 JavaThread "File lock request listener"        [_thread_in_native, id=32248, stack(0x000000c8e6f00000,0x000000c8e7000000) (1024K)]
  0x00000250283a5380 JavaThread "VFS cleanup"                       [_thread_blocked, id=17832, stack(0x000000c8e4700000,0x000000c8e4800000) (1024K)]
  0x00000250283a6dc0 JavaThread "Handler for socket connection from /127.0.0.1:53405 to /127.0.0.1:53431"        [_thread_in_native, id=15660, stack(0x000000c8e4500000,0x000000c8e4600000) (1024K)]
  0x00000250283a8e90 JavaThread "Cancel handler"                    [_thread_blocked, id=32192, stack(0x000000c8e4600000,0x000000c8e4700000) (1024K)]
  0x00000250283a7ae0 JavaThread "Asynchronous log dispatcher for DefaultDaemonConnection: socket connection from /127.0.0.1:53405 to /127.0.0.1:53431"        [_thread_blocked, id=32168, stack(0x000000c8e6800000,0x000000c8e6900000) (1024K)]
  0x00000250283a5a10 JavaThread "Stdin handler"                     [_thread_blocked, id=16984, stack(0x000000c8e6900000,0x000000c8e6a00000) (1024K)]
  0x00000250283a8170 JavaThread "Daemon client event forwarder"        [_thread_blocked, id=26644, stack(0x000000c8e6b00000,0x000000c8e6c00000) (1024K)]
  0x00000250283a9520 JavaThread "Cache worker for file hash cache (D:\Usuarios\PM71796543\.gradle\caches\8.13\fileHashes)"        [_thread_blocked, id=26080, stack(0x000000c8e6c00000,0x000000c8e6d00000) (1024K)]
=>0x00000250283549c0 JavaThread "C2 CompilerThread1"         daemon [_thread_in_native, id=16472, stack(0x000000c8e6d00000,0x000000c8e6e00000) (1024K)]
Total: 26

Other Threads:
  0x000002507b60ba50 VMThread "VM Thread"                           [id=13468, stack(0x000000c8e5000000,0x000000c8e5100000) (1024K)]
  0x000002507b5fddd0 WatcherThread "VM Periodic Task Thread"        [id=14824, stack(0x000000c8e4f00000,0x000000c8e5000000) (1024K)]
  0x000002506f3f2f30 WorkerThread "GC Thread#0"                     [id=21944, stack(0x000000c8e4a00000,0x000000c8e4b00000) (1024K)]
  0x000002507b9c2b80 WorkerThread "GC Thread#1"                     [id=8412, stack(0x000000c8e5d00000,0x000000c8e5e00000) (1024K)]
  0x0000025028464490 WorkerThread "GC Thread#2"                     [id=17812, stack(0x000000c8e5e00000,0x000000c8e5f00000) (1024K)]
  0x0000025028464830 WorkerThread "GC Thread#3"                     [id=30052, stack(0x000000c8e5f00000,0x000000c8e6000000) (1024K)]
  0x00000250284cae50 WorkerThread "GC Thread#4"                     [id=26128, stack(0x000000c8e6000000,0x000000c8e6100000) (1024K)]
  0x0000025028540e30 WorkerThread "GC Thread#5"                     [id=32568, stack(0x000000c8e6100000,0x000000c8e6200000) (1024K)]
  0x00000250285406f0 WorkerThread "GC Thread#6"                     [id=14508, stack(0x000000c8e6200000,0x000000c8e6300000) (1024K)]
  0x000002502853ffb0 WorkerThread "GC Thread#7"                     [id=22492, stack(0x000000c8e6300000,0x000000c8e6400000) (1024K)]
  0x0000025028541570 WorkerThread "GC Thread#8"                     [id=2788, stack(0x000000c8e6400000,0x000000c8e6500000) (1024K)]
  0x000002506f3f8630 ConcurrentGCThread "G1 Main Marker"            [id=30708, stack(0x000000c8e4b00000,0x000000c8e4c00000) (1024K)]
  0x000002506f3fadf0 WorkerThread "G1 Conc#0"                       [id=11144, stack(0x000000c8e4c00000,0x000000c8e4d00000) (1024K)]
  0x000002507b546b30 ConcurrentGCThread "G1 Refine#0"               [id=2176, stack(0x000000c8e4d00000,0x000000c8e4e00000) (1024K)]
  0x000002507b547350 ConcurrentGCThread "G1 Service"                [id=28248, stack(0x000000c8e4e00000,0x000000c8e4f00000) (1024K)]
Total: 15

Threads with active compile tasks:
C2 CompilerThread0  87500 3266       4       jdk.internal.org.objectweb.asm.SymbolTable::addConstantMemberReference (147 bytes)
C1 CompilerThread0  87500 3356       3       java.util.HashMap$HashMapSpliterator::estimateSize (11 bytes)
C2 CompilerThread1  87500 3265       4       java.lang.invoke.InvokerBytecodeGenerator::emitPushArgument (150 bytes)
Total: 3

VM state: not at safepoint (normal execution)

VM Mutex/Monitor currently owned by a thread:  ([mutex/lock_event])
[0x00007ffb8d77a2a0] Metaspace_lock - owner thread: 0x000002507b7183a0
[0x00007ffb8d77aea0] MethodCompileQueue_lock - owner thread: 0x000002507b641ca0
[0x00007ffb8d77c220] CodeCache_lock - owner thread: 0x000002507b641ca0
[0x00007ffb8d77c3a0] Compile_lock - owner thread: 0x000002507b641ca0

Heap address: 0x00000000e0000000, size: 512 MB, Compressed Oops mode: 32-bit

CDS archive(s) mapped at: [0x000002500f000000-0x000002500fc80000-0x000002500fc80000), size 13107200, SharedBaseAddress: 0x000002500f000000, ArchiveRelocationMode: 1.
Compressed class space mapped at: 0x0000025010000000-0x0000025024000000, reserved size: 335544320
Narrow klass base: 0x000002500f000000, Narrow klass shift: 0, Narrow klass range: 0x100000000

GC Precious Log:
 CardTable entry size: 512
 Card Set container configuration: InlinePtr #cards 5 size 8 Array Of Cards #cards 12 size 40 Howl #buckets 4 coarsen threshold 1843 Howl Bitmap #cards 512 size 80 coarsen threshold 460 Card regions per heap region 1 cards per card region 2048
 CPUs: 12 total, 12 available
 Memory: 16036M
 Large Page Support: Disabled
 NUMA Support: Disabled
 Compressed Oops: Enabled (32-bit)
 Heap Region Size: 1M
 Heap Min Capacity: 256M
 Heap Initial Capacity: 256M
 Heap Max Capacity: 512M
 Pre-touch: Disabled
 Parallel Workers: 10
 Concurrent Workers: 3
 Concurrent Refinement Workers: 10
 Periodic GC: Disabled

Heap:
 garbage-first heap   total 262144K, used 94931K [0x00000000e0000000, 0x0000000100000000)
  region size 1024K, 82 young (83968K), 6 survivors (6144K)
 Metaspace       used 20379K, committed 20992K, reserved 393216K
  class space    used 2839K, committed 3136K, reserved 327680K

Heap Regions: E=young(eden), S=young(survivor), O=old, HS=humongous(starts), HC=humongous(continues), CS=collection set, F=free, TAMS=top-at-mark-start, PB=parsable bottom
|   0|0x00000000e0000000, 0x00000000e0100000, 0x00000000e0100000|100%|HS|  |TAMS 0x00000000e0000000| PB 0x00000000e0000000| Complete 
|   1|0x00000000e0100000, 0x00000000e0200000, 0x00000000e0200000|100%|HC|  |TAMS 0x00000000e0100000| PB 0x00000000e0100000| Complete 
|   2|0x00000000e0200000, 0x00000000e0300000, 0x00000000e0300000|100%|HC|  |TAMS 0x00000000e0200000| PB 0x00000000e0200000| Complete 
|   3|0x00000000e0300000, 0x00000000e0400000, 0x00000000e0400000|100%| O|  |TAMS 0x00000000e0300000| PB 0x00000000e0300000| Untracked 
|   4|0x00000000e0400000, 0x00000000e0500000, 0x00000000e0500000|100%| O|  |TAMS 0x00000000e0400000| PB 0x00000000e0400000| Untracked 
|   5|0x00000000e0500000, 0x00000000e0600000, 0x00000000e0600000|100%| O|  |TAMS 0x00000000e0500000| PB 0x00000000e0500000| Untracked 
|   6|0x00000000e0600000, 0x00000000e0700000, 0x00000000e0700000|100%|HS|  |TAMS 0x00000000e0600000| PB 0x00000000e0600000| Complete 
|   7|0x00000000e0700000, 0x00000000e0700000, 0x00000000e0800000|  0%| F|  |TAMS 0x00000000e0700000| PB 0x00000000e0700000| Untracked 
|   8|0x00000000e0800000, 0x00000000e0900000, 0x00000000e0900000|100%| O|  |TAMS 0x00000000e0800000| PB 0x00000000e0800000| Untracked 
|   9|0x00000000e0900000, 0x00000000e0a00000, 0x00000000e0a00000|100%| O|  |TAMS 0x00000000e0900000| PB 0x00000000e0900000| Untracked 
|  10|0x00000000e0a00000, 0x00000000e0b00000, 0x00000000e0b00000|100%| O|  |TAMS 0x00000000e0a00000| PB 0x00000000e0a00000| Untracked 
|  11|0x00000000e0b00000, 0x00000000e0c00000, 0x00000000e0c00000|100%| O|  |TAMS 0x00000000e0b00000| PB 0x00000000e0b00000| Untracked 
|  12|0x00000000e0c00000, 0x00000000e0cb4ea0, 0x00000000e0d00000| 70%| O|  |TAMS 0x00000000e0c00000| PB 0x00000000e0c00000| Untracked 
|  13|0x00000000e0d00000, 0x00000000e0d00000, 0x00000000e0e00000|  0%| F|  |TAMS 0x00000000e0d00000| PB 0x00000000e0d00000| Untracked 
|  14|0x00000000e0e00000, 0x00000000e0e00000, 0x00000000e0f00000|  0%| F|  |TAMS 0x00000000e0e00000| PB 0x00000000e0e00000| Untracked 
|  15|0x00000000e0f00000, 0x00000000e0f00000, 0x00000000e1000000|  0%| F|  |TAMS 0x00000000e0f00000| PB 0x00000000e0f00000| Untracked 
|  16|0x00000000e1000000, 0x00000000e1000000, 0x00000000e1100000|  0%| F|  |TAMS 0x00000000e1000000| PB 0x00000000e1000000| Untracked 
|  17|0x00000000e1100000, 0x00000000e1100000, 0x00000000e1200000|  0%| F|  |TAMS 0x00000000e1100000| PB 0x00000000e1100000| Untracked 
|  18|0x00000000e1200000, 0x00000000e1200000, 0x00000000e1300000|  0%| F|  |TAMS 0x00000000e1200000| PB 0x00000000e1200000| Untracked 
|  19|0x00000000e1300000, 0x00000000e1300000, 0x00000000e1400000|  0%| F|  |TAMS 0x00000000e1300000| PB 0x00000000e1300000| Untracked 
|  20|0x00000000e1400000, 0x00000000e1400000, 0x00000000e1500000|  0%| F|  |TAMS 0x00000000e1400000| PB 0x00000000e1400000| Untracked 
|  21|0x00000000e1500000, 0x00000000e1500000, 0x00000000e1600000|  0%| F|  |TAMS 0x00000000e1500000| PB 0x00000000e1500000| Untracked 
|  22|0x00000000e1600000, 0x00000000e1600000, 0x00000000e1700000|  0%| F|  |TAMS 0x00000000e1600000| PB 0x00000000e1600000| Untracked 
|  23|0x00000000e1700000, 0x00000000e1700000, 0x00000000e1800000|  0%| F|  |TAMS 0x00000000e1700000| PB 0x00000000e1700000| Untracked 
|  24|0x00000000e1800000, 0x00000000e1800000, 0x00000000e1900000|  0%| F|  |TAMS 0x00000000e1800000| PB 0x00000000e1800000| Untracked 
|  25|0x00000000e1900000, 0x00000000e1900000, 0x00000000e1a00000|  0%| F|  |TAMS 0x00000000e1900000| PB 0x00000000e1900000| Untracked 
|  26|0x00000000e1a00000, 0x00000000e1a00000, 0x00000000e1b00000|  0%| F|  |TAMS 0x00000000e1a00000| PB 0x00000000e1a00000| Untracked 
|  27|0x00000000e1b00000, 0x00000000e1b00000, 0x00000000e1c00000|  0%| F|  |TAMS 0x00000000e1b00000| PB 0x00000000e1b00000| Untracked 
|  28|0x00000000e1c00000, 0x00000000e1c00000, 0x00000000e1d00000|  0%| F|  |TAMS 0x00000000e1c00000| PB 0x00000000e1c00000| Untracked 
|  29|0x00000000e1d00000, 0x00000000e1d00000, 0x00000000e1e00000|  0%| F|  |TAMS 0x00000000e1d00000| PB 0x00000000e1d00000| Untracked 
|  30|0x00000000e1e00000, 0x00000000e1e00000, 0x00000000e1f00000|  0%| F|  |TAMS 0x00000000e1e00000| PB 0x00000000e1e00000| Untracked 
|  31|0x00000000e1f00000, 0x00000000e1f00000, 0x00000000e2000000|  0%| F|  |TAMS 0x00000000e1f00000| PB 0x00000000e1f00000| Untracked 
|  32|0x00000000e2000000, 0x00000000e2000000, 0x00000000e2100000|  0%| F|  |TAMS 0x00000000e2000000| PB 0x00000000e2000000| Untracked 
|  33|0x00000000e2100000, 0x00000000e2100000, 0x00000000e2200000|  0%| F|  |TAMS 0x00000000e2100000| PB 0x00000000e2100000| Untracked 
|  34|0x00000000e2200000, 0x00000000e2200000, 0x00000000e2300000|  0%| F|  |TAMS 0x00000000e2200000| PB 0x00000000e2200000| Untracked 
|  35|0x00000000e2300000, 0x00000000e2300000, 0x00000000e2400000|  0%| F|  |TAMS 0x00000000e2300000| PB 0x00000000e2300000| Untracked 
|  36|0x00000000e2400000, 0x00000000e2400000, 0x00000000e2500000|  0%| F|  |TAMS 0x00000000e2400000| PB 0x00000000e2400000| Untracked 
|  37|0x00000000e2500000, 0x00000000e2500000, 0x00000000e2600000|  0%| F|  |TAMS 0x00000000e2500000| PB 0x00000000e2500000| Untracked 
|  38|0x00000000e2600000, 0x00000000e2600000, 0x00000000e2700000|  0%| F|  |TAMS 0x00000000e2600000| PB 0x00000000e2600000| Untracked 
|  39|0x00000000e2700000, 0x00000000e2700000, 0x00000000e2800000|  0%| F|  |TAMS 0x00000000e2700000| PB 0x00000000e2700000| Untracked 
|  40|0x00000000e2800000, 0x00000000e2800000, 0x00000000e2900000|  0%| F|  |TAMS 0x00000000e2800000| PB 0x00000000e2800000| Untracked 
|  41|0x00000000e2900000, 0x00000000e2900000, 0x00000000e2a00000|  0%| F|  |TAMS 0x00000000e2900000| PB 0x00000000e2900000| Untracked 
|  42|0x00000000e2a00000, 0x00000000e2a00000, 0x00000000e2b00000|  0%| F|  |TAMS 0x00000000e2a00000| PB 0x00000000e2a00000| Untracked 
|  43|0x00000000e2b00000, 0x00000000e2b00000, 0x00000000e2c00000|  0%| F|  |TAMS 0x00000000e2b00000| PB 0x00000000e2b00000| Untracked 
|  44|0x00000000e2c00000, 0x00000000e2c00000, 0x00000000e2d00000|  0%| F|  |TAMS 0x00000000e2c00000| PB 0x00000000e2c00000| Untracked 
|  45|0x00000000e2d00000, 0x00000000e2d00000, 0x00000000e2e00000|  0%| F|  |TAMS 0x00000000e2d00000| PB 0x00000000e2d00000| Untracked 
|  46|0x00000000e2e00000, 0x00000000e2e00000, 0x00000000e2f00000|  0%| F|  |TAMS 0x00000000e2e00000| PB 0x00000000e2e00000| Untracked 
|  47|0x00000000e2f00000, 0x00000000e2f00000, 0x00000000e3000000|  0%| F|  |TAMS 0x00000000e2f00000| PB 0x00000000e2f00000| Untracked 
|  48|0x00000000e3000000, 0x00000000e3000000, 0x00000000e3100000|  0%| F|  |TAMS 0x00000000e3000000| PB 0x00000000e3000000| Untracked 
|  49|0x00000000e3100000, 0x00000000e3100000, 0x00000000e3200000|  0%| F|  |TAMS 0x00000000e3100000| PB 0x00000000e3100000| Untracked 
|  50|0x00000000e3200000, 0x00000000e3200000, 0x00000000e3300000|  0%| F|  |TAMS 0x00000000e3200000| PB 0x00000000e3200000| Untracked 
|  51|0x00000000e3300000, 0x00000000e3300000, 0x00000000e3400000|  0%| F|  |TAMS 0x00000000e3300000| PB 0x00000000e3300000| Untracked 
|  52|0x00000000e3400000, 0x00000000e3400000, 0x00000000e3500000|  0%| F|  |TAMS 0x00000000e3400000| PB 0x00000000e3400000| Untracked 
|  53|0x00000000e3500000, 0x00000000e3500000, 0x00000000e3600000|  0%| F|  |TAMS 0x00000000e3500000| PB 0x00000000e3500000| Untracked 
|  54|0x00000000e3600000, 0x00000000e3600000, 0x00000000e3700000|  0%| F|  |TAMS 0x00000000e3600000| PB 0x00000000e3600000| Untracked 
|  55|0x00000000e3700000, 0x00000000e3700000, 0x00000000e3800000|  0%| F|  |TAMS 0x00000000e3700000| PB 0x00000000e3700000| Untracked 
|  56|0x00000000e3800000, 0x00000000e3800000, 0x00000000e3900000|  0%| F|  |TAMS 0x00000000e3800000| PB 0x00000000e3800000| Untracked 
|  57|0x00000000e3900000, 0x00000000e3900000, 0x00000000e3a00000|  0%| F|  |TAMS 0x00000000e3900000| PB 0x00000000e3900000| Untracked 
|  58|0x00000000e3a00000, 0x00000000e3a00000, 0x00000000e3b00000|  0%| F|  |TAMS 0x00000000e3a00000| PB 0x00000000e3a00000| Untracked 
|  59|0x00000000e3b00000, 0x00000000e3b00000, 0x00000000e3c00000|  0%| F|  |TAMS 0x00000000e3b00000| PB 0x00000000e3b00000| Untracked 
|  60|0x00000000e3c00000, 0x00000000e3c00000, 0x00000000e3d00000|  0%| F|  |TAMS 0x00000000e3c00000| PB 0x00000000e3c00000| Untracked 
|  61|0x00000000e3d00000, 0x00000000e3d00000, 0x00000000e3e00000|  0%| F|  |TAMS 0x00000000e3d00000| PB 0x00000000e3d00000| Untracked 
|  62|0x00000000e3e00000, 0x00000000e3e00000, 0x00000000e3f00000|  0%| F|  |TAMS 0x00000000e3e00000| PB 0x00000000e3e00000| Untracked 
|  63|0x00000000e3f00000, 0x00000000e3f00000, 0x00000000e4000000|  0%| F|  |TAMS 0x00000000e3f00000| PB 0x00000000e3f00000| Untracked 
|  64|0x00000000e4000000, 0x00000000e4000000, 0x00000000e4100000|  0%| F|  |TAMS 0x00000000e4000000| PB 0x00000000e4000000| Untracked 
|  65|0x00000000e4100000, 0x00000000e4100000, 0x00000000e4200000|  0%| F|  |TAMS 0x00000000e4100000| PB 0x00000000e4100000| Untracked 
|  66|0x00000000e4200000, 0x00000000e4200000, 0x00000000e4300000|  0%| F|  |TAMS 0x00000000e4200000| PB 0x00000000e4200000| Untracked 
|  67|0x00000000e4300000, 0x00000000e4300000, 0x00000000e4400000|  0%| F|  |TAMS 0x00000000e4300000| PB 0x00000000e4300000| Untracked 
|  68|0x00000000e4400000, 0x00000000e4400000, 0x00000000e4500000|  0%| F|  |TAMS 0x00000000e4400000| PB 0x00000000e4400000| Untracked 
|  69|0x00000000e4500000, 0x00000000e4500000, 0x00000000e4600000|  0%| F|  |TAMS 0x00000000e4500000| PB 0x00000000e4500000| Untracked 
|  70|0x00000000e4600000, 0x00000000e4600000, 0x00000000e4700000|  0%| F|  |TAMS 0x00000000e4600000| PB 0x00000000e4600000| Untracked 
|  71|0x00000000e4700000, 0x00000000e4700000, 0x00000000e4800000|  0%| F|  |TAMS 0x00000000e4700000| PB 0x00000000e4700000| Untracked 
|  72|0x00000000e4800000, 0x00000000e4800000, 0x00000000e4900000|  0%| F|  |TAMS 0x00000000e4800000| PB 0x00000000e4800000| Untracked 
|  73|0x00000000e4900000, 0x00000000e4900000, 0x00000000e4a00000|  0%| F|  |TAMS 0x00000000e4900000| PB 0x00000000e4900000| Untracked 
|  74|0x00000000e4a00000, 0x00000000e4a00000, 0x00000000e4b00000|  0%| F|  |TAMS 0x00000000e4a00000| PB 0x00000000e4a00000| Untracked 
|  75|0x00000000e4b00000, 0x00000000e4b00000, 0x00000000e4c00000|  0%| F|  |TAMS 0x00000000e4b00000| PB 0x00000000e4b00000| Untracked 
|  76|0x00000000e4c00000, 0x00000000e4c00000, 0x00000000e4d00000|  0%| F|  |TAMS 0x00000000e4c00000| PB 0x00000000e4c00000| Untracked 
|  77|0x00000000e4d00000, 0x00000000e4d00000, 0x00000000e4e00000|  0%| F|  |TAMS 0x00000000e4d00000| PB 0x00000000e4d00000| Untracked 
|  78|0x00000000e4e00000, 0x00000000e4e00000, 0x00000000e4f00000|  0%| F|  |TAMS 0x00000000e4e00000| PB 0x00000000e4e00000| Untracked 
|  79|0x00000000e4f00000, 0x00000000e4f00000, 0x00000000e5000000|  0%| F|  |TAMS 0x00000000e4f00000| PB 0x00000000e4f00000| Untracked 
|  80|0x00000000e5000000, 0x00000000e5000000, 0x00000000e5100000|  0%| F|  |TAMS 0x00000000e5000000| PB 0x00000000e5000000| Untracked 
|  81|0x00000000e5100000, 0x00000000e5100000, 0x00000000e5200000|  0%| F|  |TAMS 0x00000000e5100000| PB 0x00000000e5100000| Untracked 
|  82|0x00000000e5200000, 0x00000000e5200000, 0x00000000e5300000|  0%| F|  |TAMS 0x00000000e5200000| PB 0x00000000e5200000| Untracked 
|  83|0x00000000e5300000, 0x00000000e5300000, 0x00000000e5400000|  0%| F|  |TAMS 0x00000000e5300000| PB 0x00000000e5300000| Untracked 
|  84|0x00000000e5400000, 0x00000000e5400000, 0x00000000e5500000|  0%| F|  |TAMS 0x00000000e5400000| PB 0x00000000e5400000| Untracked 
|  85|0x00000000e5500000, 0x00000000e5500000, 0x00000000e5600000|  0%| F|  |TAMS 0x00000000e5500000| PB 0x00000000e5500000| Untracked 
|  86|0x00000000e5600000, 0x00000000e5600000, 0x00000000e5700000|  0%| F|  |TAMS 0x00000000e5600000| PB 0x00000000e5600000| Untracked 
|  87|0x00000000e5700000, 0x00000000e5700000, 0x00000000e5800000|  0%| F|  |TAMS 0x00000000e5700000| PB 0x00000000e5700000| Untracked 
|  88|0x00000000e5800000, 0x00000000e5800000, 0x00000000e5900000|  0%| F|  |TAMS 0x00000000e5800000| PB 0x00000000e5800000| Untracked 
|  89|0x00000000e5900000, 0x00000000e5900000, 0x00000000e5a00000|  0%| F|  |TAMS 0x00000000e5900000| PB 0x00000000e5900000| Untracked 
|  90|0x00000000e5a00000, 0x00000000e5a00000, 0x00000000e5b00000|  0%| F|  |TAMS 0x00000000e5a00000| PB 0x00000000e5a00000| Untracked 
|  91|0x00000000e5b00000, 0x00000000e5b00000, 0x00000000e5c00000|  0%| F|  |TAMS 0x00000000e5b00000| PB 0x00000000e5b00000| Untracked 
|  92|0x00000000e5c00000, 0x00000000e5c00000, 0x00000000e5d00000|  0%| F|  |TAMS 0x00000000e5c00000| PB 0x00000000e5c00000| Untracked 
|  93|0x00000000e5d00000, 0x00000000e5d00000, 0x00000000e5e00000|  0%| F|  |TAMS 0x00000000e5d00000| PB 0x00000000e5d00000| Untracked 
|  94|0x00000000e5e00000, 0x00000000e5e00000, 0x00000000e5f00000|  0%| F|  |TAMS 0x00000000e5e00000| PB 0x00000000e5e00000| Untracked 
|  95|0x00000000e5f00000, 0x00000000e5f00000, 0x00000000e6000000|  0%| F|  |TAMS 0x00000000e5f00000| PB 0x00000000e5f00000| Untracked 
|  96|0x00000000e6000000, 0x00000000e6000000, 0x00000000e6100000|  0%| F|  |TAMS 0x00000000e6000000| PB 0x00000000e6000000| Untracked 
|  97|0x00000000e6100000, 0x00000000e6100000, 0x00000000e6200000|  0%| F|  |TAMS 0x00000000e6100000| PB 0x00000000e6100000| Untracked 
|  98|0x00000000e6200000, 0x00000000e6200000, 0x00000000e6300000|  0%| F|  |TAMS 0x00000000e6200000| PB 0x00000000e6200000| Untracked 
|  99|0x00000000e6300000, 0x00000000e6300000, 0x00000000e6400000|  0%| F|  |TAMS 0x00000000e6300000| PB 0x00000000e6300000| Untracked 
| 100|0x00000000e6400000, 0x00000000e6400000, 0x00000000e6500000|  0%| F|  |TAMS 0x00000000e6400000| PB 0x00000000e6400000| Untracked 
| 101|0x00000000e6500000, 0x00000000e6500000, 0x00000000e6600000|  0%| F|  |TAMS 0x00000000e6500000| PB 0x00000000e6500000| Untracked 
| 102|0x00000000e6600000, 0x00000000e6600000, 0x00000000e6700000|  0%| F|  |TAMS 0x00000000e6600000| PB 0x00000000e6600000| Untracked 
| 103|0x00000000e6700000, 0x00000000e6700000, 0x00000000e6800000|  0%| F|  |TAMS 0x00000000e6700000| PB 0x00000000e6700000| Untracked 
| 104|0x00000000e6800000, 0x00000000e6800000, 0x00000000e6900000|  0%| F|  |TAMS 0x00000000e6800000| PB 0x00000000e6800000| Untracked 
| 105|0x00000000e6900000, 0x00000000e6900000, 0x00000000e6a00000|  0%| F|  |TAMS 0x00000000e6900000| PB 0x00000000e6900000| Untracked 
| 106|0x00000000e6a00000, 0x00000000e6a00000, 0x00000000e6b00000|  0%| F|  |TAMS 0x00000000e6a00000| PB 0x00000000e6a00000| Untracked 
| 107|0x00000000e6b00000, 0x00000000e6b00000, 0x00000000e6c00000|  0%| F|  |TAMS 0x00000000e6b00000| PB 0x00000000e6b00000| Untracked 
| 108|0x00000000e6c00000, 0x00000000e6c00000, 0x00000000e6d00000|  0%| F|  |TAMS 0x00000000e6c00000| PB 0x00000000e6c00000| Untracked 
| 109|0x00000000e6d00000, 0x00000000e6d00000, 0x00000000e6e00000|  0%| F|  |TAMS 0x00000000e6d00000| PB 0x00000000e6d00000| Untracked 
| 110|0x00000000e6e00000, 0x00000000e6e00000, 0x00000000e6f00000|  0%| F|  |TAMS 0x00000000e6e00000| PB 0x00000000e6e00000| Untracked 
| 111|0x00000000e6f00000, 0x00000000e6f00000, 0x00000000e7000000|  0%| F|  |TAMS 0x00000000e6f00000| PB 0x00000000e6f00000| Untracked 
| 112|0x00000000e7000000, 0x00000000e7000000, 0x00000000e7100000|  0%| F|  |TAMS 0x00000000e7000000| PB 0x00000000e7000000| Untracked 
| 113|0x00000000e7100000, 0x00000000e7100000, 0x00000000e7200000|  0%| F|  |TAMS 0x00000000e7100000| PB 0x00000000e7100000| Untracked 
| 114|0x00000000e7200000, 0x00000000e7200000, 0x00000000e7300000|  0%| F|  |TAMS 0x00000000e7200000| PB 0x00000000e7200000| Untracked 
| 115|0x00000000e7300000, 0x00000000e7300000, 0x00000000e7400000|  0%| F|  |TAMS 0x00000000e7300000| PB 0x00000000e7300000| Untracked 
| 116|0x00000000e7400000, 0x00000000e7400000, 0x00000000e7500000|  0%| F|  |TAMS 0x00000000e7400000| PB 0x00000000e7400000| Untracked 
| 117|0x00000000e7500000, 0x00000000e7500000, 0x00000000e7600000|  0%| F|  |TAMS 0x00000000e7500000| PB 0x00000000e7500000| Untracked 
| 118|0x00000000e7600000, 0x00000000e7600000, 0x00000000e7700000|  0%| F|  |TAMS 0x00000000e7600000| PB 0x00000000e7600000| Untracked 
| 119|0x00000000e7700000, 0x00000000e7700000, 0x00000000e7800000|  0%| F|  |TAMS 0x00000000e7700000| PB 0x00000000e7700000| Untracked 
| 120|0x00000000e7800000, 0x00000000e7800000, 0x00000000e7900000|  0%| F|  |TAMS 0x00000000e7800000| PB 0x00000000e7800000| Untracked 
| 121|0x00000000e7900000, 0x00000000e7900000, 0x00000000e7a00000|  0%| F|  |TAMS 0x00000000e7900000| PB 0x00000000e7900000| Untracked 
| 122|0x00000000e7a00000, 0x00000000e7a00000, 0x00000000e7b00000|  0%| F|  |TAMS 0x00000000e7a00000| PB 0x00000000e7a00000| Untracked 
| 123|0x00000000e7b00000, 0x00000000e7b00000, 0x00000000e7c00000|  0%| F|  |TAMS 0x00000000e7b00000| PB 0x00000000e7b00000| Untracked 
| 124|0x00000000e7c00000, 0x00000000e7c00000, 0x00000000e7d00000|  0%| F|  |TAMS 0x00000000e7c00000| PB 0x00000000e7c00000| Untracked 
| 125|0x00000000e7d00000, 0x00000000e7d00000, 0x00000000e7e00000|  0%| F|  |TAMS 0x00000000e7d00000| PB 0x00000000e7d00000| Untracked 
| 126|0x00000000e7e00000, 0x00000000e7e00000, 0x00000000e7f00000|  0%| F|  |TAMS 0x00000000e7e00000| PB 0x00000000e7e00000| Untracked 
| 127|0x00000000e7f00000, 0x00000000e7f00000, 0x00000000e8000000|  0%| F|  |TAMS 0x00000000e7f00000| PB 0x00000000e7f00000| Untracked 
| 128|0x00000000e8000000, 0x00000000e8000000, 0x00000000e8100000|  0%| F|  |TAMS 0x00000000e8000000| PB 0x00000000e8000000| Untracked 
| 129|0x00000000e8100000, 0x00000000e8100000, 0x00000000e8200000|  0%| F|  |TAMS 0x00000000e8100000| PB 0x00000000e8100000| Untracked 
| 130|0x00000000e8200000, 0x00000000e8200000, 0x00000000e8300000|  0%| F|  |TAMS 0x00000000e8200000| PB 0x00000000e8200000| Untracked 
| 131|0x00000000e8300000, 0x00000000e8300000, 0x00000000e8400000|  0%| F|  |TAMS 0x00000000e8300000| PB 0x00000000e8300000| Untracked 
| 132|0x00000000e8400000, 0x00000000e8400000, 0x00000000e8500000|  0%| F|  |TAMS 0x00000000e8400000| PB 0x00000000e8400000| Untracked 
| 133|0x00000000e8500000, 0x00000000e8500000, 0x00000000e8600000|  0%| F|  |TAMS 0x00000000e8500000| PB 0x00000000e8500000| Untracked 
| 134|0x00000000e8600000, 0x00000000e8600000, 0x00000000e8700000|  0%| F|  |TAMS 0x00000000e8600000| PB 0x00000000e8600000| Untracked 
| 135|0x00000000e8700000, 0x00000000e8700000, 0x00000000e8800000|  0%| F|  |TAMS 0x00000000e8700000| PB 0x00000000e8700000| Untracked 
| 136|0x00000000e8800000, 0x00000000e8800000, 0x00000000e8900000|  0%| F|  |TAMS 0x00000000e8800000| PB 0x00000000e8800000| Untracked 
| 137|0x00000000e8900000, 0x00000000e8900000, 0x00000000e8a00000|  0%| F|  |TAMS 0x00000000e8900000| PB 0x00000000e8900000| Untracked 
| 138|0x00000000e8a00000, 0x00000000e8a00000, 0x00000000e8b00000|  0%| F|  |TAMS 0x00000000e8a00000| PB 0x00000000e8a00000| Untracked 
| 139|0x00000000e8b00000, 0x00000000e8b00000, 0x00000000e8c00000|  0%| F|  |TAMS 0x00000000e8b00000| PB 0x00000000e8b00000| Untracked 
| 140|0x00000000e8c00000, 0x00000000e8c00000, 0x00000000e8d00000|  0%| F|  |TAMS 0x00000000e8c00000| PB 0x00000000e8c00000| Untracked 
| 141|0x00000000e8d00000, 0x00000000e8d00000, 0x00000000e8e00000|  0%| F|  |TAMS 0x00000000e8d00000| PB 0x00000000e8d00000| Untracked 
| 142|0x00000000e8e00000, 0x00000000e8e00000, 0x00000000e8f00000|  0%| F|  |TAMS 0x00000000e8e00000| PB 0x00000000e8e00000| Untracked 
| 143|0x00000000e8f00000, 0x00000000e8f00000, 0x00000000e9000000|  0%| F|  |TAMS 0x00000000e8f00000| PB 0x00000000e8f00000| Untracked 
| 144|0x00000000e9000000, 0x00000000e9000000, 0x00000000e9100000|  0%| F|  |TAMS 0x00000000e9000000| PB 0x00000000e9000000| Untracked 
| 145|0x00000000e9100000, 0x00000000e9100000, 0x00000000e9200000|  0%| F|  |TAMS 0x00000000e9100000| PB 0x00000000e9100000| Untracked 
| 146|0x00000000e9200000, 0x00000000e9200000, 0x00000000e9300000|  0%| F|  |TAMS 0x00000000e9200000| PB 0x00000000e9200000| Untracked 
| 147|0x00000000e9300000, 0x00000000e9300000, 0x00000000e9400000|  0%| F|  |TAMS 0x00000000e9300000| PB 0x00000000e9300000| Untracked 
| 148|0x00000000e9400000, 0x00000000e9400000, 0x00000000e9500000|  0%| F|  |TAMS 0x00000000e9400000| PB 0x00000000e9400000| Untracked 
| 149|0x00000000e9500000, 0x00000000e9500000, 0x00000000e9600000|  0%| F|  |TAMS 0x00000000e9500000| PB 0x00000000e9500000| Untracked 
| 150|0x00000000e9600000, 0x00000000e9600000, 0x00000000e9700000|  0%| F|  |TAMS 0x00000000e9600000| PB 0x00000000e9600000| Untracked 
| 151|0x00000000e9700000, 0x00000000e9700000, 0x00000000e9800000|  0%| F|  |TAMS 0x00000000e9700000| PB 0x00000000e9700000| Untracked 
| 152|0x00000000e9800000, 0x00000000e9800000, 0x00000000e9900000|  0%| F|  |TAMS 0x00000000e9800000| PB 0x00000000e9800000| Untracked 
| 153|0x00000000e9900000, 0x00000000e9900000, 0x00000000e9a00000|  0%| F|  |TAMS 0x00000000e9900000| PB 0x00000000e9900000| Untracked 
| 154|0x00000000e9a00000, 0x00000000e9a00000, 0x00000000e9b00000|  0%| F|  |TAMS 0x00000000e9a00000| PB 0x00000000e9a00000| Untracked 
| 155|0x00000000e9b00000, 0x00000000e9b00000, 0x00000000e9c00000|  0%| F|  |TAMS 0x00000000e9b00000| PB 0x00000000e9b00000| Untracked 
| 156|0x00000000e9c00000, 0x00000000e9c00000, 0x00000000e9d00000|  0%| F|  |TAMS 0x00000000e9c00000| PB 0x00000000e9c00000| Untracked 
| 157|0x00000000e9d00000, 0x00000000e9d00000, 0x00000000e9e00000|  0%| F|  |TAMS 0x00000000e9d00000| PB 0x00000000e9d00000| Untracked 
| 158|0x00000000e9e00000, 0x00000000e9e00000, 0x00000000e9f00000|  0%| F|  |TAMS 0x00000000e9e00000| PB 0x00000000e9e00000| Untracked 
| 159|0x00000000e9f00000, 0x00000000e9f00000, 0x00000000ea000000|  0%| F|  |TAMS 0x00000000e9f00000| PB 0x00000000e9f00000| Untracked 
| 160|0x00000000ea000000, 0x00000000ea000000, 0x00000000ea100000|  0%| F|  |TAMS 0x00000000ea000000| PB 0x00000000ea000000| Untracked 
| 161|0x00000000ea100000, 0x00000000ea100000, 0x00000000ea200000|  0%| F|  |TAMS 0x00000000ea100000| PB 0x00000000ea100000| Untracked 
| 162|0x00000000ea200000, 0x00000000ea200000, 0x00000000ea300000|  0%| F|  |TAMS 0x00000000ea200000| PB 0x00000000ea200000| Untracked 
| 163|0x00000000ea300000, 0x00000000ea300000, 0x00000000ea400000|  0%| F|  |TAMS 0x00000000ea300000| PB 0x00000000ea300000| Untracked 
| 164|0x00000000ea400000, 0x00000000ea400000, 0x00000000ea500000|  0%| F|  |TAMS 0x00000000ea400000| PB 0x00000000ea400000| Untracked 
| 165|0x00000000ea500000, 0x00000000ea500000, 0x00000000ea600000|  0%| F|  |TAMS 0x00000000ea500000| PB 0x00000000ea500000| Untracked 
| 166|0x00000000ea600000, 0x00000000ea600000, 0x00000000ea700000|  0%| F|  |TAMS 0x00000000ea600000| PB 0x00000000ea600000| Untracked 
| 167|0x00000000ea700000, 0x00000000ea700000, 0x00000000ea800000|  0%| F|  |TAMS 0x00000000ea700000| PB 0x00000000ea700000| Untracked 
| 168|0x00000000ea800000, 0x00000000ea800000, 0x00000000ea900000|  0%| F|  |TAMS 0x00000000ea800000| PB 0x00000000ea800000| Untracked 
| 169|0x00000000ea900000, 0x00000000ea900000, 0x00000000eaa00000|  0%| F|  |TAMS 0x00000000ea900000| PB 0x00000000ea900000| Untracked 
| 170|0x00000000eaa00000, 0x00000000eaa00000, 0x00000000eab00000|  0%| F|  |TAMS 0x00000000eaa00000| PB 0x00000000eaa00000| Untracked 
| 171|0x00000000eab00000, 0x00000000eab00000, 0x00000000eac00000|  0%| F|  |TAMS 0x00000000eab00000| PB 0x00000000eab00000| Untracked 
| 172|0x00000000eac00000, 0x00000000eac00000, 0x00000000ead00000|  0%| F|  |TAMS 0x00000000eac00000| PB 0x00000000eac00000| Untracked 
| 173|0x00000000ead00000, 0x00000000ead00000, 0x00000000eae00000|  0%| F|  |TAMS 0x00000000ead00000| PB 0x00000000ead00000| Untracked 
| 174|0x00000000eae00000, 0x00000000eaf00000, 0x00000000eaf00000|100%| E|  |TAMS 0x00000000eae00000| PB 0x00000000eae00000| Complete 
| 175|0x00000000eaf00000, 0x00000000eb000000, 0x00000000eb000000|100%| E|CS|TAMS 0x00000000eaf00000| PB 0x00000000eaf00000| Complete 
| 176|0x00000000eb000000, 0x00000000eb100000, 0x00000000eb100000|100%| E|CS|TAMS 0x00000000eb000000| PB 0x00000000eb000000| Complete 
| 177|0x00000000eb100000, 0x00000000eb200000, 0x00000000eb200000|100%| E|CS|TAMS 0x00000000eb100000| PB 0x00000000eb100000| Complete 
| 178|0x00000000eb200000, 0x00000000eb300000, 0x00000000eb300000|100%| E|CS|TAMS 0x00000000eb200000| PB 0x00000000eb200000| Complete 
| 179|0x00000000eb300000, 0x00000000eb400000, 0x00000000eb400000|100%| E|CS|TAMS 0x00000000eb300000| PB 0x00000000eb300000| Complete 
| 180|0x00000000eb400000, 0x00000000eb500000, 0x00000000eb500000|100%| E|CS|TAMS 0x00000000eb400000| PB 0x00000000eb400000| Complete 
| 181|0x00000000eb500000, 0x00000000eb600000, 0x00000000eb600000|100%| E|CS|TAMS 0x00000000eb500000| PB 0x00000000eb500000| Complete 
| 182|0x00000000eb600000, 0x00000000eb700000, 0x00000000eb700000|100%| E|CS|TAMS 0x00000000eb600000| PB 0x00000000eb600000| Complete 
| 183|0x00000000eb700000, 0x00000000eb800000, 0x00000000eb800000|100%| E|CS|TAMS 0x00000000eb700000| PB 0x00000000eb700000| Complete 
| 184|0x00000000eb800000, 0x00000000eb900000, 0x00000000eb900000|100%| E|CS|TAMS 0x00000000eb800000| PB 0x00000000eb800000| Complete 
| 185|0x00000000eb900000, 0x00000000eba00000, 0x00000000eba00000|100%| E|CS|TAMS 0x00000000eb900000| PB 0x00000000eb900000| Complete 
| 186|0x00000000eba00000, 0x00000000ebb00000, 0x00000000ebb00000|100%| E|CS|TAMS 0x00000000eba00000| PB 0x00000000eba00000| Complete 
| 187|0x00000000ebb00000, 0x00000000ebc00000, 0x00000000ebc00000|100%| E|CS|TAMS 0x00000000ebb00000| PB 0x00000000ebb00000| Complete 
| 188|0x00000000ebc00000, 0x00000000ebd00000, 0x00000000ebd00000|100%| E|CS|TAMS 0x00000000ebc00000| PB 0x00000000ebc00000| Complete 
| 189|0x00000000ebd00000, 0x00000000ebe00000, 0x00000000ebe00000|100%| E|CS|TAMS 0x00000000ebd00000| PB 0x00000000ebd00000| Complete 
| 190|0x00000000ebe00000, 0x00000000ebf00000, 0x00000000ebf00000|100%| E|CS|TAMS 0x00000000ebe00000| PB 0x00000000ebe00000| Complete 
| 191|0x00000000ebf00000, 0x00000000ec000000, 0x00000000ec000000|100%| S|CS|TAMS 0x00000000ebf00000| PB 0x00000000ebf00000| Complete 
| 192|0x00000000ec000000, 0x00000000ec100000, 0x00000000ec100000|100%| S|CS|TAMS 0x00000000ec000000| PB 0x00000000ec000000| Complete 
| 193|0x00000000ec100000, 0x00000000ec200000, 0x00000000ec200000|100%| S|CS|TAMS 0x00000000ec100000| PB 0x00000000ec100000| Complete 
| 194|0x00000000ec200000, 0x00000000ec300000, 0x00000000ec300000|100%| S|CS|TAMS 0x00000000ec200000| PB 0x00000000ec200000| Complete 
| 195|0x00000000ec300000, 0x00000000ec400000, 0x00000000ec400000|100%| S|CS|TAMS 0x00000000ec300000| PB 0x00000000ec300000| Complete 
| 196|0x00000000ec400000, 0x00000000ec500000, 0x00000000ec500000|100%| S|CS|TAMS 0x00000000ec400000| PB 0x00000000ec400000| Complete 
| 197|0x00000000ec500000, 0x00000000ec600000, 0x00000000ec600000|100%| E|CS|TAMS 0x00000000ec500000| PB 0x00000000ec500000| Complete 
| 198|0x00000000ec600000, 0x00000000ec700000, 0x00000000ec700000|100%| E|CS|TAMS 0x00000000ec600000| PB 0x00000000ec600000| Complete 
| 199|0x00000000ec700000, 0x00000000ec800000, 0x00000000ec800000|100%| E|CS|TAMS 0x00000000ec700000| PB 0x00000000ec700000| Complete 
| 200|0x00000000ec800000, 0x00000000ec900000, 0x00000000ec900000|100%| E|CS|TAMS 0x00000000ec800000| PB 0x00000000ec800000| Complete 
| 201|0x00000000ec900000, 0x00000000eca00000, 0x00000000eca00000|100%| E|CS|TAMS 0x00000000ec900000| PB 0x00000000ec900000| Complete 
| 202|0x00000000eca00000, 0x00000000ecb00000, 0x00000000ecb00000|100%| E|CS|TAMS 0x00000000eca00000| PB 0x00000000eca00000| Complete 
| 203|0x00000000ecb00000, 0x00000000ecc00000, 0x00000000ecc00000|100%| E|CS|TAMS 0x00000000ecb00000| PB 0x00000000ecb00000| Complete 
| 204|0x00000000ecc00000, 0x00000000ecd00000, 0x00000000ecd00000|100%| E|CS|TAMS 0x00000000ecc00000| PB 0x00000000ecc00000| Complete 
| 205|0x00000000ecd00000, 0x00000000ece00000, 0x00000000ece00000|100%| E|CS|TAMS 0x00000000ecd00000| PB 0x00000000ecd00000| Complete 
| 206|0x00000000ece00000, 0x00000000ecf00000, 0x00000000ecf00000|100%| E|CS|TAMS 0x00000000ece00000| PB 0x00000000ece00000| Complete 
| 207|0x00000000ecf00000, 0x00000000ed000000, 0x00000000ed000000|100%| E|CS|TAMS 0x00000000ecf00000| PB 0x00000000ecf00000| Complete 
| 208|0x00000000ed000000, 0x00000000ed100000, 0x00000000ed100000|100%| E|CS|TAMS 0x00000000ed000000| PB 0x00000000ed000000| Complete 
| 209|0x00000000ed100000, 0x00000000ed200000, 0x00000000ed200000|100%| E|CS|TAMS 0x00000000ed100000| PB 0x00000000ed100000| Complete 
| 210|0x00000000ed200000, 0x00000000ed300000, 0x00000000ed300000|100%| E|CS|TAMS 0x00000000ed200000| PB 0x00000000ed200000| Complete 
| 211|0x00000000ed300000, 0x00000000ed400000, 0x00000000ed400000|100%| E|CS|TAMS 0x00000000ed300000| PB 0x00000000ed300000| Complete 
| 212|0x00000000ed400000, 0x00000000ed500000, 0x00000000ed500000|100%| E|CS|TAMS 0x00000000ed400000| PB 0x00000000ed400000| Complete 
| 213|0x00000000ed500000, 0x00000000ed600000, 0x00000000ed600000|100%| E|CS|TAMS 0x00000000ed500000| PB 0x00000000ed500000| Complete 
| 214|0x00000000ed600000, 0x00000000ed700000, 0x00000000ed700000|100%| E|CS|TAMS 0x00000000ed600000| PB 0x00000000ed600000| Complete 
| 215|0x00000000ed700000, 0x00000000ed800000, 0x00000000ed800000|100%| E|CS|TAMS 0x00000000ed700000| PB 0x00000000ed700000| Complete 
| 216|0x00000000ed800000, 0x00000000ed900000, 0x00000000ed900000|100%| E|CS|TAMS 0x00000000ed800000| PB 0x00000000ed800000| Complete 
| 217|0x00000000ed900000, 0x00000000eda00000, 0x00000000eda00000|100%| E|CS|TAMS 0x00000000ed900000| PB 0x00000000ed900000| Complete 
| 218|0x00000000eda00000, 0x00000000edb00000, 0x00000000edb00000|100%| E|CS|TAMS 0x00000000eda00000| PB 0x00000000eda00000| Complete 
| 219|0x00000000edb00000, 0x00000000edc00000, 0x00000000edc00000|100%| E|CS|TAMS 0x00000000edb00000| PB 0x00000000edb00000| Complete 
| 220|0x00000000edc00000, 0x00000000edd00000, 0x00000000edd00000|100%| E|CS|TAMS 0x00000000edc00000| PB 0x00000000edc00000| Complete 
| 221|0x00000000edd00000, 0x00000000ede00000, 0x00000000ede00000|100%| E|CS|TAMS 0x00000000edd00000| PB 0x00000000edd00000| Complete 
| 222|0x00000000ede00000, 0x00000000edf00000, 0x00000000edf00000|100%| E|CS|TAMS 0x00000000ede00000| PB 0x00000000ede00000| Complete 
| 223|0x00000000edf00000, 0x00000000ee000000, 0x00000000ee000000|100%| E|CS|TAMS 0x00000000edf00000| PB 0x00000000edf00000| Complete 
| 224|0x00000000ee000000, 0x00000000ee100000, 0x00000000ee100000|100%| E|CS|TAMS 0x00000000ee000000| PB 0x00000000ee000000| Complete 
| 225|0x00000000ee100000, 0x00000000ee200000, 0x00000000ee200000|100%| E|CS|TAMS 0x00000000ee100000| PB 0x00000000ee100000| Complete 
| 226|0x00000000ee200000, 0x00000000ee300000, 0x00000000ee300000|100%| E|CS|TAMS 0x00000000ee200000| PB 0x00000000ee200000| Complete 
| 227|0x00000000ee300000, 0x00000000ee400000, 0x00000000ee400000|100%| E|CS|TAMS 0x00000000ee300000| PB 0x00000000ee300000| Complete 
| 228|0x00000000ee400000, 0x00000000ee500000, 0x00000000ee500000|100%| E|CS|TAMS 0x00000000ee400000| PB 0x00000000ee400000| Complete 
| 229|0x00000000ee500000, 0x00000000ee600000, 0x00000000ee600000|100%| E|CS|TAMS 0x00000000ee500000| PB 0x00000000ee500000| Complete 
| 230|0x00000000ee600000, 0x00000000ee700000, 0x00000000ee700000|100%| E|CS|TAMS 0x00000000ee600000| PB 0x00000000ee600000| Complete 
| 231|0x00000000ee700000, 0x00000000ee800000, 0x00000000ee800000|100%| E|CS|TAMS 0x00000000ee700000| PB 0x00000000ee700000| Complete 
| 232|0x00000000ee800000, 0x00000000ee900000, 0x00000000ee900000|100%| E|CS|TAMS 0x00000000ee800000| PB 0x00000000ee800000| Complete 
| 233|0x00000000ee900000, 0x00000000eea00000, 0x00000000eea00000|100%| E|CS|TAMS 0x00000000ee900000| PB 0x00000000ee900000| Complete 
| 234|0x00000000eea00000, 0x00000000eeb00000, 0x00000000eeb00000|100%| E|CS|TAMS 0x00000000eea00000| PB 0x00000000eea00000| Complete 
| 235|0x00000000eeb00000, 0x00000000eec00000, 0x00000000eec00000|100%| E|CS|TAMS 0x00000000eeb00000| PB 0x00000000eeb00000| Complete 
| 236|0x00000000eec00000, 0x00000000eed00000, 0x00000000eed00000|100%| E|CS|TAMS 0x00000000eec00000| PB 0x00000000eec00000| Complete 
| 237|0x00000000eed00000, 0x00000000eee00000, 0x00000000eee00000|100%| E|CS|TAMS 0x00000000eed00000| PB 0x00000000eed00000| Complete 
| 238|0x00000000eee00000, 0x00000000eef00000, 0x00000000eef00000|100%| E|CS|TAMS 0x00000000eee00000| PB 0x00000000eee00000| Complete 
| 239|0x00000000eef00000, 0x00000000ef000000, 0x00000000ef000000|100%| E|CS|TAMS 0x00000000eef00000| PB 0x00000000eef00000| Complete 
| 240|0x00000000ef000000, 0x00000000ef100000, 0x00000000ef100000|100%| E|CS|TAMS 0x00000000ef000000| PB 0x00000000ef000000| Complete 
| 241|0x00000000ef100000, 0x00000000ef200000, 0x00000000ef200000|100%| E|CS|TAMS 0x00000000ef100000| PB 0x00000000ef100000| Complete 
| 242|0x00000000ef200000, 0x00000000ef300000, 0x00000000ef300000|100%| E|CS|TAMS 0x00000000ef200000| PB 0x00000000ef200000| Complete 
| 243|0x00000000ef300000, 0x00000000ef400000, 0x00000000ef400000|100%| E|CS|TAMS 0x00000000ef300000| PB 0x00000000ef300000| Complete 
| 244|0x00000000ef400000, 0x00000000ef500000, 0x00000000ef500000|100%| E|CS|TAMS 0x00000000ef400000| PB 0x00000000ef400000| Complete 
| 245|0x00000000ef500000, 0x00000000ef600000, 0x00000000ef600000|100%| E|CS|TAMS 0x00000000ef500000| PB 0x00000000ef500000| Complete 
| 246|0x00000000ef600000, 0x00000000ef700000, 0x00000000ef700000|100%| E|CS|TAMS 0x00000000ef600000| PB 0x00000000ef600000| Complete 
| 247|0x00000000ef700000, 0x00000000ef800000, 0x00000000ef800000|100%| E|CS|TAMS 0x00000000ef700000| PB 0x00000000ef700000| Complete 
| 248|0x00000000ef800000, 0x00000000ef900000, 0x00000000ef900000|100%| E|CS|TAMS 0x00000000ef800000| PB 0x00000000ef800000| Complete 
| 249|0x00000000ef900000, 0x00000000efa00000, 0x00000000efa00000|100%| E|CS|TAMS 0x00000000ef900000| PB 0x00000000ef900000| Complete 
| 250|0x00000000efa00000, 0x00000000efb00000, 0x00000000efb00000|100%| E|CS|TAMS 0x00000000efa00000| PB 0x00000000efa00000| Complete 
| 251|0x00000000efb00000, 0x00000000efc00000, 0x00000000efc00000|100%| E|CS|TAMS 0x00000000efb00000| PB 0x00000000efb00000| Complete 
| 252|0x00000000efc00000, 0x00000000efd00000, 0x00000000efd00000|100%| E|CS|TAMS 0x00000000efc00000| PB 0x00000000efc00000| Complete 
| 253|0x00000000efd00000, 0x00000000efe00000, 0x00000000efe00000|100%| E|CS|TAMS 0x00000000efd00000| PB 0x00000000efd00000| Complete 
| 254|0x00000000efe00000, 0x00000000eff00000, 0x00000000eff00000|100%| E|CS|TAMS 0x00000000efe00000| PB 0x00000000efe00000| Complete 
| 255|0x00000000eff00000, 0x00000000f0000000, 0x00000000f0000000|100%| E|CS|TAMS 0x00000000eff00000| PB 0x00000000eff00000| Complete 

Card table byte_map: [0x00000250780c0000,0x00000250781c0000] _byte_map_base: 0x00000250779c0000

Marking Bits: (CMBitMap*) 0x000002506f3f3540
 Bits: [0x00000250781c0000, 0x00000250789c0000)

Polling page: 0x000002506db10000

Metaspace:

Usage:
  Non-class:     17.13 MB used.
      Class:      2.77 MB used.
       Both:     19.90 MB used.

Virtual space:
  Non-class space:       64.00 MB reserved,      17.44 MB ( 27%) committed,  1 nodes.
      Class space:      320.00 MB reserved,       3.06 MB ( <1%) committed,  1 nodes.
             Both:      384.00 MB reserved,      20.50 MB (  5%) committed. 

Chunk freelists:
   Non-Class:  13.86 MB
       Class:  12.94 MB
        Both:  26.80 MB

MaxMetaspaceSize: 384.00 MB
CompressedClassSpaceSize: 320.00 MB
Initial GC threshold: 21.00 MB
Current GC threshold: 21.00 MB
CDS: on
 - commit_granule_bytes: 65536.
 - commit_granule_words: 8192.
 - virtual_space_node_default_size: 8388608.
 - enlarge_chunks_in_place: 1.
 - use_allocation_guard: 0.


Internal statistics:

num_allocs_failed_limit: 0.
num_arena_births: 878.
num_arena_deaths: 0.
num_vsnodes_births: 2.
num_vsnodes_deaths: 0.
num_space_committed: 328.
num_space_uncommitted: 0.
num_chunks_returned_to_freelist: 0.
num_chunks_taken_from_freelist: 1673.
num_chunk_merges: 0.
num_chunk_splits: 1065.
num_chunks_enlarged: 680.
num_inconsistent_stats: 0.

CodeHeap 'non-profiled nmethods': size=120000Kb used=1674Kb max_used=1674Kb free=118325Kb
 bounds [0x0000025007ad0000, 0x0000025007d40000, 0x000002500f000000]
CodeHeap 'profiled nmethods': size=120000Kb used=6655Kb max_used=6655Kb free=113344Kb
 bounds [0x0000025000000000, 0x0000025000680000, 0x0000025007530000]
CodeHeap 'non-nmethods': size=5760Kb used=1507Kb max_used=1526Kb free=4252Kb
 bounds [0x0000025007530000, 0x00000250077a0000, 0x0000025007ad0000]
 total_blobs=3929 nmethods=3348 adapters=485
 compilation: enabled
              stopped_count=0, restarted_count=0
 full_count=0

Compilation events (20 events):
Event: 80.281 Thread 0x000002507b640790 nmethod 3214 0x0000025007c6e090 code [0x0000025007c6e2c0, 0x0000025007c6f318]
Event: 80.281 Thread 0x000002507b641ca0 3269       3       java.lang.invoke.LambdaForm$NamedFunction::<init> (10 bytes)
Event: 80.281 Thread 0x000002507b640790 3266       4       jdk.internal.org.objectweb.asm.SymbolTable::addConstantMemberReference (147 bytes)
Event: 80.281 Thread 0x000002507b641ca0 nmethod 3269 0x000002500063e010 code [0x000002500063e1e0, 0x000002500063e538]
Event: 80.282 Thread 0x000002507b641ca0 3271       3       jdk.internal.org.objectweb.asm.Frame::addInitializedType (77 bytes)
Event: 80.283 Thread 0x000002507b641ca0 nmethod 3271 0x000002500063e690 code [0x000002500063e860, 0x000002500063ed60]
Event: 80.284 Thread 0x000002507b641ca0 3276       3       java.lang.invoke.MemberName::<init> (26 bytes)
Event: 80.284 Thread 0x000002507b641ca0 nmethod 3276 0x000002500063ef10 code [0x000002500063f0e0, 0x000002500063f328]
Event: 80.284 Thread 0x000002507b641ca0 3277       3       java.lang.invoke.MethodHandles$Lookup::resolveOrFail (47 bytes)
Event: 80.286 Thread 0x000002507b641ca0 nmethod 3277 0x000002500063f490 code [0x000002500063f6e0, 0x000002500063fe98]
Event: 80.313 Thread 0x000002507b641ca0 3279       3       java.lang.invoke.MethodHandles$Lookup::getDirectMethodNoSecurityManager (18 bytes)
Event: 80.313 Thread 0x000002507b641ca0 nmethod 3279 0x0000025000640210 code [0x00000250006403c0, 0x0000025000640510]
Event: 80.318 Thread 0x00000250283549c0 nmethod 3260 0x0000025007c70290 code [0x0000025007c70580, 0x0000025007c71598]
Event: 80.318 Thread 0x00000250283549c0 3265       4       java.lang.invoke.InvokerBytecodeGenerator::emitPushArgument (150 bytes)
Event: 80.333 Thread 0x000002507b641ca0 3280       3       java.lang.Byte::hashCode (8 bytes)
Event: 80.334 Thread 0x000002507b641ca0 nmethod 3280 0x0000025000640610 code [0x00000250006407c0, 0x0000025000640928]
Event: 80.334 Thread 0x000002507b641ca0 3281       3       java.lang.Byte::hashCode (2 bytes)
Event: 80.334 Thread 0x000002507b641ca0 nmethod 3281 0x0000025000640a10 code [0x0000025000640ba0, 0x0000025000640c90]
Event: 80.334 Thread 0x000002507b641ca0 3282       3       java.lang.Module::isExported (18 bytes)
Event: 80.335 Thread 0x000002507b641ca0 nmethod 3282 0x0000025000640d10 code [0x0000025000640f00, 0x00000250006412f8]

GC Heap History (6 events):
Event: 1.316 GC heap before
{Heap before GC invocations=0 (full 0):
 garbage-first heap   total 262144K, used 23552K [0x00000000e0000000, 0x0000000100000000)
  region size 1024K, 23 young (23552K), 0 survivors (0K)
 Metaspace       used 1060K, committed 1216K, reserved 393216K
  class space    used 76K, committed 128K, reserved 327680K
}
Event: 1.322 GC heap after
{Heap after GC invocations=1 (full 0):
 garbage-first heap   total 262144K, used 2261K [0x00000000e0000000, 0x0000000100000000)
  region size 1024K, 3 young (3072K), 3 survivors (3072K)
 Metaspace       used 1060K, committed 1216K, reserved 393216K
  class space    used 76K, committed 128K, reserved 327680K
}
Event: 2.883 GC heap before
{Heap before GC invocations=1 (full 0):
 garbage-first heap   total 262144K, used 41173K [0x00000000e0000000, 0x0000000100000000)
  region size 1024K, 39 young (39936K), 3 survivors (3072K)
 Metaspace       used 4414K, committed 4608K, reserved 393216K
  class space    used 540K, committed 640K, reserved 327680K
}
Event: 2.888 GC heap after
{Heap after GC invocations=2 (full 0):
 garbage-first heap   total 262144K, used 10700K [0x00000000e0000000, 0x0000000100000000)
  region size 1024K, 5 young (5120K), 5 survivors (5120K)
 Metaspace       used 4414K, committed 4608K, reserved 393216K
  class space    used 540K, committed 640K, reserved 327680K
}
Event: 5.375 GC heap before
{Heap before GC invocations=2 (full 0):
 garbage-first heap   total 262144K, used 67020K [0x00000000e0000000, 0x0000000100000000)
  region size 1024K, 59 young (60416K), 5 survivors (5120K)
 Metaspace       used 7468K, committed 7744K, reserved 393216K
  class space    used 967K, committed 1088K, reserved 327680K
}
Event: 5.386 GC heap after
{Heap after GC invocations=3 (full 0):
 garbage-first heap   total 262144K, used 18131K [0x00000000e0000000, 0x0000000100000000)
  region size 1024K, 6 young (6144K), 6 survivors (6144K)
 Metaspace       used 7468K, committed 7744K, reserved 393216K
  class space    used 967K, committed 1088K, reserved 327680K
}

Dll operation events (15 events):
Event: 0.094 Loaded shared library D:\Usuarios\PM71796543\.jdks\corretto-21.0.5\bin\java.dll
Event: 0.231 Loaded shared library D:\Usuarios\PM71796543\.jdks\corretto-21.0.5\bin\jsvml.dll
Event: 0.321 Loaded shared library D:\Usuarios\PM71796543\.jdks\corretto-21.0.5\bin\zip.dll
Event: 0.329 Loaded shared library D:\Usuarios\PM71796543\.jdks\corretto-21.0.5\bin\instrument.dll
Event: 0.363 Loaded shared library D:\Usuarios\PM71796543\.jdks\corretto-21.0.5\bin\net.dll
Event: 0.385 Loaded shared library D:\Usuarios\PM71796543\.jdks\corretto-21.0.5\bin\nio.dll
Event: 0.392 Loaded shared library D:\Usuarios\PM71796543\.jdks\corretto-21.0.5\bin\zip.dll
Event: 1.210 Loaded shared library D:\Usuarios\PM71796543\.jdks\corretto-21.0.5\bin\jimage.dll
Event: 2.063 Loaded shared library D:\Usuarios\PM71796543\.jdks\corretto-21.0.5\bin\verify.dll
Event: 2.199 Loaded shared library D:\Usuarios\PM71796543\.gradle\native\1def1411415f61bf3af743bc5b6707747c0891f09f0c88961ee8f79bc544acac\windows-amd64\native-platform.dll
Event: 2.239 Loaded shared library D:\Usuarios\PM71796543\.gradle\native\0.2.7\x86_64-windows-gnu\gradle-fileevents.dll
Event: 5.032 Loaded shared library D:\Usuarios\PM71796543\.jdks\corretto-21.0.5\bin\management.dll
Event: 5.049 Loaded shared library D:\Usuarios\PM71796543\.jdks\corretto-21.0.5\bin\management_ext.dll
Event: 5.415 Loaded shared library D:\Usuarios\PM71796543\.jdks\corretto-21.0.5\bin\extnet.dll
Event: 5.871 Loaded shared library D:\Usuarios\PM71796543\.jdks\corretto-21.0.5\bin\sunmscapi.dll

Deoptimization events (20 events):
Event: 77.767 Thread 0x000002507b7183a0 DEOPT PACKING pc=0x0000025007bdc380 sp=0x000000c8e6afabf0
Event: 77.767 Thread 0x000002507b7183a0 DEOPT UNPACKING pc=0x00000250075846a2 sp=0x000000c8e6afaa88 mode 2
Event: 77.767 Thread 0x000002507b7183a0 Uncommon trap: trap_request=0xffffff45 fr.pc=0x0000025007bdb5ac relative=0x000000000000008c
Event: 77.767 Thread 0x000002507b7183a0 Uncommon trap: reason=unstable_if action=reinterpret pc=0x0000025007bdb5ac method=jdk.internal.misc.Unsafe.convEndian(ZI)I @ 4 c2
Event: 77.767 Thread 0x000002507b7183a0 DEOPT PACKING pc=0x0000025007bdb5ac sp=0x000000c8e6afab50
Event: 77.767 Thread 0x000002507b7183a0 DEOPT UNPACKING pc=0x00000250075846a2 sp=0x000000c8e6afaa80 mode 2
Event: 77.767 Thread 0x000002507b7183a0 Uncommon trap: trap_request=0xffffff45 fr.pc=0x0000025007be7be8 relative=0x0000000000000048
Event: 77.767 Thread 0x000002507b7183a0 Uncommon trap: reason=unstable_if action=reinterpret pc=0x0000025007be7be8 method=jdk.internal.misc.Unsafe.convEndian(ZI)I @ 4 c2
Event: 77.767 Thread 0x000002507b7183a0 DEOPT PACKING pc=0x0000025007be7be8 sp=0x000000c8e6afaae0
Event: 77.767 Thread 0x000002507b7183a0 DEOPT UNPACKING pc=0x00000250075846a2 sp=0x000000c8e6afaa78 mode 2
Event: 78.828 Thread 0x000002507b7183a0 DEOPT PACKING pc=0x000002500050fe02 sp=0x000000c8e6afab70
Event: 78.828 Thread 0x000002507b7183a0 DEOPT UNPACKING pc=0x0000025007584e42 sp=0x000000c8e6afa080 mode 0
Event: 78.958 Thread 0x000002507b7183a0 Uncommon trap: trap_request=0xffffff45 fr.pc=0x0000025007afc914 relative=0x00000000000000f4
Event: 78.958 Thread 0x000002507b7183a0 Uncommon trap: reason=unstable_if action=reinterpret pc=0x0000025007afc914 method=java.util.HashMap.hash(Ljava/lang/Object;)I @ 1 c2
Event: 78.958 Thread 0x000002507b7183a0 DEOPT PACKING pc=0x0000025007afc914 sp=0x000000c8e6afc050
Event: 78.958 Thread 0x000002507b7183a0 DEOPT UNPACKING pc=0x00000250075846a2 sp=0x000000c8e6afbf90 mode 2
Event: 79.097 Thread 0x000002507b7183a0 Uncommon trap: trap_request=0xffffff45 fr.pc=0x0000025007c5b9c0 relative=0x0000000000000580
Event: 79.097 Thread 0x000002507b7183a0 Uncommon trap: reason=unstable_if action=reinterpret pc=0x0000025007c5b9c0 method=java.util.ArrayList.grow(I)[Ljava/lang/Object; @ 17 c2
Event: 79.097 Thread 0x000002507b7183a0 DEOPT PACKING pc=0x0000025007c5b9c0 sp=0x000000c8e6afcfe0
Event: 79.097 Thread 0x000002507b7183a0 DEOPT UNPACKING pc=0x00000250075846a2 sp=0x000000c8e6afcf98 mode 2

Classes loaded (20 events):
Event: 79.200 Loading class java/lang/invoke/BoundMethodHandle$Species_LLLLLLLLLLLLLLL
Event: 79.200 Loading class java/lang/invoke/BoundMethodHandle$Species_LLLLLLLLLLLLLLL done
Event: 79.205 Loading class java/lang/invoke/BoundMethodHandle$Species_LLLLLLLLLLLLLLLL
Event: 79.205 Loading class java/lang/invoke/BoundMethodHandle$Species_LLLLLLLLLLLLLLLL done
Event: 79.211 Loading class java/lang/invoke/BoundMethodHandle$Species_LLLLLLLLLLLLLLLLL
Event: 79.211 Loading class java/lang/invoke/BoundMethodHandle$Species_LLLLLLLLLLLLLLLLL done
Event: 79.216 Loading class java/lang/invoke/BoundMethodHandle$Species_LLLLLLLLLLLLLLLLLL
Event: 79.216 Loading class java/lang/invoke/BoundMethodHandle$Species_LLLLLLLLLLLLLLLLLL done
Event: 79.222 Loading class java/lang/invoke/BoundMethodHandle$Species_LLLLLLLLLLLLLLLLLLL
Event: 79.222 Loading class java/lang/invoke/BoundMethodHandle$Species_LLLLLLLLLLLLLLLLLLL done
Event: 79.227 Loading class java/lang/invoke/BoundMethodHandle$Species_LLLLLLLLLLLLLLLLLLLL
Event: 79.227 Loading class java/lang/invoke/BoundMethodHandle$Species_LLLLLLLLLLLLLLLLLLLL done
Event: 79.234 Loading class java/lang/invoke/BoundMethodHandle$Species_LLLLLLLLLLLLLLLLLLLLL
Event: 79.235 Loading class java/lang/invoke/BoundMethodHandle$Species_LLLLLLLLLLLLLLLLLLLLL done
Event: 79.244 Loading class java/lang/invoke/BoundMethodHandle$Species_LLLLLLLLLLLLLLLLLLLLLL
Event: 79.244 Loading class java/lang/invoke/BoundMethodHandle$Species_LLLLLLLLLLLLLLLLLLLLLL done
Event: 79.250 Loading class java/lang/invoke/BoundMethodHandle$Species_LLLLLLLLLLLLLLLLLLLLLLL
Event: 79.250 Loading class java/lang/invoke/BoundMethodHandle$Species_LLLLLLLLLLLLLLLLLLLLLLL done
Event: 80.282 Loading class java/lang/invoke/BoundMethodHandle$Species_LLLLLLLLLLLLLLLLLLLLLLLL
Event: 80.282 Loading class java/lang/invoke/BoundMethodHandle$Species_LLLLLLLLLLLLLLLLLLLLLLLL done

Classes unloaded (0 events):
No events

Classes redefined (0 events):
No events

Internal exceptions (20 events):
Event: 74.950 Thread 0x00000250283a5380 Exception <a 'java/lang/NoSuchMethodError'{0x00000000ed298aa8}: 'java.lang.Object java.lang.invoke.DirectMethodHandle$Holder.invokeVirtual(java.lang.Object, java.lang.Object, java.lang.Object, java.lang.Object, java.lang.Object, java.lang.Object, java.lang.Object, java.lang.Object, java.lang.Object, java.lang.Object)'> (0x00000000ed298aa8) 
thrown [s\src\hotspot\share\interpreter\linkResolver.cpp, line 773]
Event: 75.105 Thread 0x00000250283a5380 Exception <a 'java/lang/NoSuchMethodError'{0x00000000ed161400}: 'java.lang.Object java.lang.invoke.DirectMethodHandle$Holder.invokeInterface(java.lang.Object, java.lang.Object, java.lang.Object)'> (0x00000000ed161400) 
thrown [s\src\hotspot\share\interpreter\linkResolver.cpp, line 773]
Event: 78.829 Thread 0x000002507b7183a0 Exception <a 'java/lang/NoSuchMethodError'{0x00000000ecda7ce8}: 'java.lang.Object java.lang.invoke.DirectMethodHandle$Holder.invokeVirtual(java.lang.Object, java.lang.Object, java.lang.Object, java.lang.Object, java.lang.Object, java.lang.Object, java.lang.Object, java.lang.Object)'> (0x00000000ecda7ce8) 
thrown [s\src\hotspot\share\interpreter\linkResolver.cpp, line 773]
Event: 78.877 Thread 0x000002507b7183a0 Exception <a 'java/lang/NoSuchMethodError'{0x00000000ecc79fc0}: 'int java.lang.invoke.DirectMethodHandle$Holder.invokeSpecialIFC(java.lang.Object, java.lang.Object, java.lang.Object, java.lang.Object)'> (0x00000000ecc79fc0) 
thrown [s\src\hotspot\share\interpreter\linkResolver.cpp, line 773]
Event: 78.881 Thread 0x000002507b7183a0 Exception <a 'java/lang/IncompatibleClassChangeError'{0x00000000ecc87428}: Found class java.lang.Object, but interface was expected> (0x00000000ecc87428) 
thrown [s\src\hotspot\share\interpreter\linkResolver.cpp, line 840]
Event: 78.958 Thread 0x000002507b7183a0 Implicit null exception at 0x0000025007afc866 to 0x0000025007afc90a
Event: 79.012 Thread 0x000002507b7183a0 Exception <a 'java/lang/NoSuchMethodError'{0x00000000eca763c0}: 'int java.lang.invoke.DirectMethodHandle$Holder.invokeStatic(java.lang.Object, java.lang.Object, java.lang.Object, java.lang.Object)'> (0x00000000eca763c0) 
thrown [s\src\hotspot\share\interpreter\linkResolver.cpp, line 773]
Event: 79.177 Thread 0x000002507b7183a0 Exception <a 'java/lang/NoSuchMethodError'{0x00000000ec8d27f8}: 'java.lang.Object java.lang.invoke.DelegatingMethodHandle$Holder.reinvoke_L(java.lang.Object, java.lang.Object, java.lang.Object, java.lang.Object, java.lang.Object, java.lang.Object, java.lang.Object, java.lang.Object, java.lang.Object, java.lang.Object, java.lang.Object, java.lang.Object, java.lang.Object, java.lang.Object, java.lang.Object, java.lang.Object, java.lang.Object, java.lang.Object, java.lang.Object, java.lang.Object, java.lang.O
Event: 79.196 Thread 0x000002507b7183a0 Exception <a 'java/lang/NoSuchMethodError'{0x00000000ec740e08}: 'java.lang.Object java.lang.invoke.DirectMethodHandle$Holder.invokeStatic(java.lang.Object, java.lang.Object, java.lang.Object, java.lang.Object, java.lang.Object, java.lang.Object, java.lang.Object, java.lang.Object, java.lang.Object, java.lang.Object, java.lang.Object, java.lang.Object, java.lang.Object, java.lang.Object, java.lang.Object, java.lang.Object, java.lang.Object)'> (0x00000000ec740e08) 
thrown [s\src\hotspot\share\interpreter\lin
Event: 79.202 Thread 0x000002507b7183a0 Exception <a 'java/lang/NoSuchMethodError'{0x00000000ec769768}: 'java.lang.Object java.lang.invoke.DirectMethodHandle$Holder.invokeStatic(java.lang.Object, java.lang.Object, java.lang.Object, java.lang.Object, java.lang.Object, java.lang.Object, java.lang.Object, java.lang.Object, java.lang.Object, java.lang.Object, java.lang.Object, java.lang.Object, java.lang.Object, java.lang.Object, java.lang.Object, java.lang.Object, java.lang.Object, java.lang.Object)'> (0x00000000ec769768) 
thrown [s\src\hotspot\sha
Event: 79.208 Thread 0x000002507b7183a0 Exception <a 'java/lang/NoSuchMethodError'{0x00000000ec793788}: 'java.lang.Object java.lang.invoke.DirectMethodHandle$Holder.invokeStatic(java.lang.Object, java.lang.Object, java.lang.Object, java.lang.Object, java.lang.Object, java.lang.Object, java.lang.Object, java.lang.Object, java.lang.Object, java.lang.Object, java.lang.Object, java.lang.Object, java.lang.Object, java.lang.Object, java.lang.Object, java.lang.Object, java.lang.Object, java.lang.Object, java.lang.Object)'> (0x00000000ec793788) 
thrown 
Event: 79.213 Thread 0x000002507b7183a0 Exception <a 'java/lang/NoSuchMethodError'{0x00000000ec7beba8}: 'java.lang.Object java.lang.invoke.DirectMethodHandle$Holder.invokeStatic(java.lang.Object, java.lang.Object, java.lang.Object, java.lang.Object, java.lang.Object, java.lang.Object, java.lang.Object, java.lang.Object, java.lang.Object, java.lang.Object, java.lang.Object, java.lang.Object, java.lang.Object, java.lang.Object, java.lang.Object, java.lang.Object, java.lang.Object, java.lang.Object, java.lang.Object, java.lang.Object)'> (0x00000000
Event: 79.218 Thread 0x000002507b7183a0 Exception <a 'java/lang/NoSuchMethodError'{0x00000000ec7eaf98}: 'java.lang.Object java.lang.invoke.DirectMethodHandle$Holder.invokeStatic(java.lang.Object, java.lang.Object, java.lang.Object, java.lang.Object, java.lang.Object, java.lang.Object, java.lang.Object, java.lang.Object, java.lang.Object, java.lang.Object, java.lang.Object, java.lang.Object, java.lang.Object, java.lang.Object, java.lang.Object, java.lang.Object, java.lang.Object, java.lang.Object, java.lang.Object, java.lang.Object, java.lang.Obj
Event: 79.225 Thread 0x000002507b7183a0 Exception <a 'java/lang/NoSuchMethodError'{0x00000000ec6187d8}: 'java.lang.Object java.lang.invoke.DirectMethodHandle$Holder.invokeStatic(java.lang.Object, java.lang.Object, java.lang.Object, java.lang.Object, java.lang.Object, java.lang.Object, java.lang.Object, java.lang.Object, java.lang.Object, java.lang.Object, java.lang.Object, java.lang.Object, java.lang.Object, java.lang.Object, java.lang.Object, java.lang.Object, java.lang.Object, java.lang.Object, java.lang.Object, java.lang.Object, java.lang.Obj
Event: 79.230 Thread 0x000002507b7183a0 Exception <a 'java/lang/NoSuchMethodError'{0x00000000ec646df0}: 'java.lang.Object java.lang.invoke.DirectMethodHandle$Holder.invokeStatic(java.lang.Object, java.lang.Object, java.lang.Object, java.lang.Object, java.lang.Object, java.lang.Object, java.lang.Object, java.lang.Object, java.lang.Object, java.lang.Object, java.lang.Object, java.lang.Object, java.lang.Object, java.lang.Object, java.lang.Object, java.lang.Object, java.lang.Object, java.lang.Object, java.lang.Object, java.lang.Object, java.lang.Obj
Event: 79.239 Thread 0x000002507b7183a0 Exception <a 'java/lang/NoSuchMethodError'{0x00000000ec675f58}: 'java.lang.Object java.lang.invoke.DirectMethodHandle$Holder.invokeStatic(java.lang.Object, java.lang.Object, java.lang.Object, java.lang.Object, java.lang.Object, java.lang.Object, java.lang.Object, java.lang.Object, java.lang.Object, java.lang.Object, java.lang.Object, java.lang.Object, java.lang.Object, java.lang.Object, java.lang.Object, java.lang.Object, java.lang.Object, java.lang.Object, java.lang.Object, java.lang.Object, java.lang.Obj
Event: 79.247 Thread 0x000002507b7183a0 Exception <a 'java/lang/NoSuchMethodError'{0x00000000ec6a6700}: 'java.lang.Object java.lang.invoke.DirectMethodHandle$Holder.invokeStatic(java.lang.Object, java.lang.Object, java.lang.Object, java.lang.Object, java.lang.Object, java.lang.Object, java.lang.Object, java.lang.Object, java.lang.Object, java.lang.Object, java.lang.Object, java.lang.Object, java.lang.Object, java.lang.Object, java.lang.Object, java.lang.Object, java.lang.Object, java.lang.Object, java.lang.Object, java.lang.Object, java.lang.Obj
Event: 80.280 Thread 0x000002507b7183a0 Exception <a 'java/lang/NoSuchMethodError'{0x00000000ec6d7090}: 'java.lang.Object java.lang.invoke.DirectMethodHandle$Holder.invokeStatic(java.lang.Object, java.lang.Object, java.lang.Object, java.lang.Object, java.lang.Object, java.lang.Object, java.lang.Object, java.lang.Object, java.lang.Object, java.lang.Object, java.lang.Object, java.lang.Object, java.lang.Object, java.lang.Object, java.lang.Object, java.lang.Object, java.lang.Object, java.lang.Object, java.lang.Object, java.lang.Object, java.lang.Obj
Event: 80.283 Thread 0x000002507b7183a0 Exception <a 'java/lang/NoSuchMethodError'{0x00000000ec509ff0}: 'java.lang.Object java.lang.invoke.DirectMethodHandle$Holder.invokeStatic(java.lang.Object, java.lang.Object, java.lang.Object, java.lang.Object, java.lang.Object, java.lang.Object, java.lang.Object, java.lang.Object, java.lang.Object, java.lang.Object, java.lang.Object, java.lang.Object, java.lang.Object, java.lang.Object, java.lang.Object, java.lang.Object, java.lang.Object, java.lang.Object, java.lang.Object, java.lang.Object, java.lang.Obj
Event: 80.333 Thread 0x000002507b7183a0 Exception <a 'java/lang/IncompatibleClassChangeError'{0x00000000ebe2a0c0}: Found class java.lang.Object, but interface was expected> (0x00000000ebe2a0c0) 
thrown [s\src\hotspot\share\interpreter\linkResolver.cpp, line 840]

ZGC Phase Switch (0 events):
No events

VM Operations (20 events):
Event: 66.983 Executing VM operation: HandshakeAllThreads (Deoptimize) done
Event: 66.989 Executing VM operation: HandshakeAllThreads (Deoptimize)
Event: 66.989 Executing VM operation: HandshakeAllThreads (Deoptimize) done
Event: 68.000 Executing VM operation: Cleanup
Event: 68.000 Executing VM operation: Cleanup done
Event: 70.015 Executing VM operation: Cleanup
Event: 70.015 Executing VM operation: Cleanup done
Event: 71.020 Executing VM operation: Cleanup
Event: 71.020 Executing VM operation: Cleanup done
Event: 75.048 Executing VM operation: Cleanup
Event: 75.048 Executing VM operation: Cleanup done
Event: 76.054 Executing VM operation: Cleanup
Event: 76.055 Executing VM operation: Cleanup done
Event: 77.061 Executing VM operation: Cleanup
Event: 77.635 Executing VM operation: Cleanup done
Event: 78.639 Executing VM operation: Cleanup
Event: 78.640 Executing VM operation: Cleanup done
Event: 79.645 Executing VM operation: Cleanup
Event: 80.279 Executing VM operation: Cleanup done
Event: 81.289 Executing VM operation: Cleanup

Memory protections (0 events):
No events

Nmethod flushes (0 events):
No events

Events (20 events):
Event: 6.166 Thread 0x000002507b7183a0 Thread added: 0x000002507ba2ae80
Event: 6.524 Thread 0x000002507b7183a0 Thread added: 0x000002507ba2b510
Event: 6.539 Thread 0x000002507b7183a0 Thread added: 0x00000250283a8800
Event: 67.030 Thread 0x000002507b640790 Thread added: 0x000002502983e760
Event: 67.030 Thread 0x000002507b640790 Thread added: 0x000002502983ee30
Event: 67.039 Thread 0x000002507ba2ae80 Thread exited: 0x000002507ba2ae80
Event: 67.039 Thread 0x000002507ba2a7f0 Thread exited: 0x000002507ba2a7f0
Event: 67.040 Thread 0x000002507ba2a160 Thread exited: 0x000002507ba2a160
Event: 67.105 Thread 0x000002507b800950 Thread added: 0x00000250283a5380
Event: 67.106 Thread 0x000002507b7eedc0 Thread exited: 0x000002507b7eedc0
Event: 67.118 Thread 0x000002507b800fb0 Thread exited: 0x000002507b800fb0
Event: 67.318 Thread 0x000002502983ee30 Thread exited: 0x000002502983ee30
Event: 67.318 Thread 0x000002502983e760 Thread exited: 0x000002502983e760
Event: 76.583 Thread 0x000002507b800950 Thread added: 0x00000250283a6dc0
Event: 76.600 Thread 0x000002507b800950 Thread added: 0x00000250283a8e90
Event: 77.690 Thread 0x000002507b7183a0 Thread added: 0x00000250283a7ae0
Event: 77.701 Thread 0x000002507b7183a0 Thread added: 0x00000250283a5a10
Event: 77.706 Thread 0x000002507b7183a0 Thread added: 0x00000250283a8170
Event: 77.728 Thread 0x000002507b7183a0 Thread added: 0x00000250283a9520
Event: 79.218 Thread 0x000002507b641ca0 Thread added: 0x00000250283549c0


Dynamic libraries:
0x00007ff68f5a0000 - 0x00007ff68f5ae000 	D:\Usuarios\PM71796543\.jdks\corretto-21.0.5\bin\java.exe
0x00007ffc78520000 - 0x00007ffc78780000 	C:\WINDOWS\SYSTEM32\ntdll.dll
0x00007ffc77040000 - 0x00007ffc77107000 	C:\WINDOWS\System32\KERNEL32.DLL
0x00007ffc757f0000 - 0x00007ffc75bba000 	C:\WINDOWS\System32\KERNELBASE.dll
0x00007ffc75bc0000 - 0x00007ffc75d0b000 	C:\WINDOWS\System32\ucrtbase.dll
0x00007ffc68f40000 - 0x00007ffc68f5b000 	D:\Usuarios\PM71796543\.jdks\corretto-21.0.5\bin\VCRUNTIME140.dll
0x00007ffc68e80000 - 0x00007ffc68e98000 	D:\Usuarios\PM71796543\.jdks\corretto-21.0.5\bin\jli.dll
0x00007ffc76320000 - 0x00007ffc764ec000 	C:\WINDOWS\System32\USER32.dll
0x00007ffc75700000 - 0x00007ffc75727000 	C:\WINDOWS\System32\win32u.dll
0x00007ffc76ad0000 - 0x00007ffc76afa000 	C:\WINDOWS\System32\GDI32.dll
0x00007ffc75ef0000 - 0x00007ffc76021000 	C:\WINDOWS\System32\gdi32full.dll
0x00007ffc75d10000 - 0x00007ffc75db3000 	C:\WINDOWS\System32\msvcp_win.dll
0x00007ffc64720000 - 0x00007ffc649b7000 	C:\WINDOWS\WinSxS\amd64_microsoft.windows.common-controls_6595b64144ccf1df_6.0.26100.3624_none_3e086962e3345f24\COMCTL32.dll
0x00007ffc76f90000 - 0x00007ffc77039000 	C:\WINDOWS\System32\msvcrt.dll
0x00007ffc77650000 - 0x00007ffc7767f000 	C:\WINDOWS\System32\IMM32.DLL
0x00007ffc684b0000 - 0x00007ffc6860b000 	C:\WINDOWS\system32\tmumh\20019\AddOn\8.55.0.1350\TmUmEvt64.dll
0x00007ffc77480000 - 0x00007ffc77488000 	C:\WINDOWS\System32\PSAPI.DLL
0x00007ffc76c00000 - 0x00007ffc76cb2000 	C:\WINDOWS\System32\ADVAPI32.dll
0x00007ffc775a0000 - 0x00007ffc77646000 	C:\WINDOWS\System32\sechost.dll
0x00007ffc764f0000 - 0x00007ffc76606000 	C:\WINDOWS\System32\RPCRT4.dll
0x000000005cb90000 - 0x000000005ccb6000 	C:\WINDOWS\system32\tmumh\20019\TmMon\2.9.0.1205\tmmon64.dll
0x00007ffc5aa40000 - 0x00007ffc5ad7f000 	C:\WINDOWS\System32\TmLWE\TmUmSnsr64\1.0.0.1147\TmUmSnsr64.dll
0x00007ffc744d0000 - 0x00007ffc744ea000 	C:\WINDOWS\SYSTEM32\kernel.appcore.dll
0x00007ffc68e70000 - 0x00007ffc68e7c000 	D:\Usuarios\PM71796543\.jdks\corretto-21.0.5\bin\vcruntime140_1.dll
0x00007ffc50560000 - 0x00007ffc505ed000 	D:\Usuarios\PM71796543\.jdks\corretto-21.0.5\bin\msvcp140.dll
0x00007ffb8cac0000 - 0x00007ffb8d85d000 	D:\Usuarios\PM71796543\.jdks\corretto-21.0.5\bin\server\jvm.dll
0x00007ffc77490000 - 0x00007ffc77504000 	C:\WINDOWS\System32\WS2_32.dll
0x00007ffc75550000 - 0x00007ffc755ae000 	C:\WINDOWS\SYSTEM32\POWRPROF.dll
0x00007ffc68830000 - 0x00007ffc68866000 	C:\WINDOWS\SYSTEM32\WINMM.dll
0x00007ffc64f20000 - 0x00007ffc64f2b000 	C:\WINDOWS\SYSTEM32\VERSION.dll
0x00007ffc75530000 - 0x00007ffc75544000 	C:\WINDOWS\SYSTEM32\UMPDC.dll
0x00007ffc68e60000 - 0x00007ffc68e6a000 	D:\Usuarios\PM71796543\.jdks\corretto-21.0.5\bin\jimage.dll
0x00007ffc72bf0000 - 0x00007ffc72e31000 	C:\WINDOWS\SYSTEM32\DBGHELP.DLL
0x00007ffc78150000 - 0x00007ffc784d2000 	C:\WINDOWS\System32\combase.dll
0x00007ffc77180000 - 0x00007ffc77256000 	C:\WINDOWS\System32\OLEAUT32.dll
0x00007ffc646e0000 - 0x00007ffc64719000 	C:\WINDOWS\SYSTEM32\dbgcore.DLL
0x00007ffc75dc0000 - 0x00007ffc75e59000 	C:\WINDOWS\System32\bcryptPrimitives.dll
0x00007ffc63c80000 - 0x00007ffc63c8e000 	D:\Usuarios\PM71796543\.jdks\corretto-21.0.5\bin\instrument.dll
0x00007ffc54aa0000 - 0x00007ffc54abf000 	D:\Usuarios\PM71796543\.jdks\corretto-21.0.5\bin\java.dll
0x00007ffc77a20000 - 0x00007ffc78149000 	C:\WINDOWS\System32\SHELL32.dll
0x00007ffc761b0000 - 0x00007ffc76318000 	C:\WINDOWS\System32\wintypes.dll
0x00007ffc731a0000 - 0x00007ffc739f2000 	C:\WINDOWS\SYSTEM32\windows.storage.dll
0x00007ffc76cc0000 - 0x00007ffc76dad000 	C:\WINDOWS\System32\SHCORE.dll
0x00007ffc76b80000 - 0x00007ffc76be4000 	C:\WINDOWS\System32\shlwapi.dll
0x00007ffc75610000 - 0x00007ffc7563f000 	C:\WINDOWS\SYSTEM32\profapi.dll
0x00007ffc15cb0000 - 0x00007ffc15d87000 	D:\Usuarios\PM71796543\.jdks\corretto-21.0.5\bin\jsvml.dll
0x00007ffc53f20000 - 0x00007ffc53f38000 	D:\Usuarios\PM71796543\.jdks\corretto-21.0.5\bin\zip.dll
0x00007ffc55100000 - 0x00007ffc55110000 	D:\Usuarios\PM71796543\.jdks\corretto-21.0.5\bin\net.dll
0x00007ffc6d5b0000 - 0x00007ffc6d6cd000 	C:\WINDOWS\SYSTEM32\WINHTTP.dll
0x00007ffc749d0000 - 0x00007ffc74a3a000 	C:\WINDOWS\system32\mswsock.dll
0x00007ffc53f00000 - 0x00007ffc53f16000 	D:\Usuarios\PM71796543\.jdks\corretto-21.0.5\bin\nio.dll
0x00007ffc54cd0000 - 0x00007ffc54ce0000 	D:\Usuarios\PM71796543\.jdks\corretto-21.0.5\bin\verify.dll
0x00007ffbc7930000 - 0x00007ffbc7957000 	D:\Usuarios\PM71796543\.gradle\native\1def1411415f61bf3af743bc5b6707747c0891f09f0c88961ee8f79bc544acac\windows-amd64\native-platform.dll
0x00007ffc1bc20000 - 0x00007ffc1bc98000 	D:\Usuarios\PM71796543\.gradle\native\0.2.7\x86_64-windows-gnu\gradle-fileevents.dll
0x00007ffc54a90000 - 0x00007ffc54a99000 	D:\Usuarios\PM71796543\.jdks\corretto-21.0.5\bin\management.dll
0x00007ffc50bb0000 - 0x00007ffc50bbb000 	D:\Usuarios\PM71796543\.jdks\corretto-21.0.5\bin\management_ext.dll
0x00007ffc73c30000 - 0x00007ffc73c63000 	C:\WINDOWS\SYSTEM32\IPHLPAPI.DLL
0x000002502a8e0000 - 0x000002502a8ea000 	C:\WINDOWS\System32\NSI.dll
0x00007ffc50b60000 - 0x00007ffc50b69000 	D:\Usuarios\PM71796543\.jdks\corretto-21.0.5\bin\extnet.dll
0x00007ffc74d80000 - 0x00007ffc74d9c000 	C:\WINDOWS\SYSTEM32\CRYPTSP.dll
0x00007ffc74430000 - 0x00007ffc7446a000 	C:\WINDOWS\system32\rsaenh.dll
0x00007ffc74a70000 - 0x00007ffc74a9b000 	C:\WINDOWS\SYSTEM32\USERENV.dll
0x00007ffc755e0000 - 0x00007ffc75606000 	C:\WINDOWS\SYSTEM32\bcrypt.dll
0x00007ffc74c00000 - 0x00007ffc74c0c000 	C:\WINDOWS\SYSTEM32\CRYPTBASE.dll
0x00007ffc50b50000 - 0x00007ffc50b5e000 	D:\Usuarios\PM71796543\.jdks\corretto-21.0.5\bin\sunmscapi.dll
0x00007ffc76030000 - 0x00007ffc761a7000 	C:\WINDOWS\System32\CRYPT32.dll
0x00007ffc74ed0000 - 0x00007ffc74f00000 	C:\WINDOWS\SYSTEM32\ncrypt.dll
0x00007ffc74e80000 - 0x00007ffc74ebf000 	C:\WINDOWS\SYSTEM32\NTASN1.dll
0x00007ffc4ba80000 - 0x00007ffc4ba88000 	C:\WINDOWS\system32\wshunix.dll

dbghelp: loaded successfully - version: 4.0.5 - missing functions: none
symbol engine: initialized successfully - sym options: 0x614 - pdb path: .;D:\Usuarios\PM71796543\.jdks\corretto-21.0.5\bin;C:\WINDOWS\SYSTEM32;C:\WINDOWS\WinSxS\amd64_microsoft.windows.common-controls_6595b64144ccf1df_6.0.26100.3624_none_3e086962e3345f24;C:\WINDOWS\system32\tmumh\20019\AddOn\8.55.0.1350;C:\WINDOWS\system32\tmumh\20019\TmMon\2.9.0.1205;C:\WINDOWS\System32\TmLWE\TmUmSnsr64\1.0.0.1147;D:\Usuarios\PM71796543\.jdks\corretto-21.0.5\bin\server;D:\Usuarios\PM71796543\.gradle\native\1def1411415f61bf3af743bc5b6707747c0891f09f0c88961ee8f79bc544acac\windows-amd64;D:\Usuarios\PM71796543\.gradle\native\0.2.7\x86_64-windows-gnu

VM Arguments:
jvm_args: --add-opens=java.base/java.lang=ALL-UNNAMED --add-opens=java.base/java.lang.invoke=ALL-UNNAMED --add-opens=java.base/java.util=ALL-UNNAMED --add-opens=java.prefs/java.util.prefs=ALL-UNNAMED --add-exports=jdk.compiler/com.sun.tools.javac.api=ALL-UNNAMED --add-exports=jdk.compiler/com.sun.tools.javac.util=ALL-UNNAMED --add-opens=java.base/java.util=ALL-UNNAMED --add-opens=java.prefs/java.util.prefs=ALL-UNNAMED --add-opens=java.base/java.nio.charset=ALL-UNNAMED --add-opens=java.base/java.net=ALL-UNNAMED --add-opens=java.base/java.util.concurrent.atomic=ALL-UNNAMED --add-opens=java.xml/javax.xml.namespace=ALL-UNNAMED -XX:MaxMetaspaceSize=384m -XX:+HeapDumpOnOutOfMemoryError -Xms256m -Xmx512m -Dfile.encoding=UTF-8 -Duser.country=PE -Duser.language=es -Duser.variant -javaagent:D:\Usuarios\PM71796543\.gradle\wrapper\dists\gradle-8.13-bin\5xuhj0ry160q40clulazy9h7d\gradle-8.13\lib\agents\gradle-instrumentation-agent-8.13.jar 
java_command: org.gradle.launcher.daemon.bootstrap.GradleDaemon 8.13
java_class_path (initial): D:\Usuarios\PM71796543\.gradle\wrapper\dists\gradle-8.13-bin\5xuhj0ry160q40clulazy9h7d\gradle-8.13\lib\gradle-daemon-main-8.13.jar
Launcher Type: SUN_STANDARD

[Global flags]
     intx CICompilerCount                          = 4                                         {product} {ergonomic}
   size_t CompressedClassSpaceSize                 = 335544320                                 {product} {ergonomic}
     uint ConcGCThreads                            = 3                                         {product} {ergonomic}
     uint G1ConcRefinementThreads                  = 10                                        {product} {ergonomic}
   size_t G1HeapRegionSize                         = 1048576                                   {product} {ergonomic}
    uintx GCDrainStackTargetSize                   = 64                                        {product} {ergonomic}
     bool HeapDumpOnOutOfMemoryError               = true                                   {manageable} {command line}
   size_t InitialHeapSize                          = 268435456                                 {product} {command line}
   size_t MarkStackSize                            = 4194304                                   {product} {ergonomic}
   size_t MaxHeapSize                              = 536870912                                 {product} {command line}
   size_t MaxMetaspaceSize                         = 402653184                                 {product} {command line}
   size_t MaxNewSize                               = 321912832                                 {product} {ergonomic}
   size_t MinHeapDeltaBytes                        = 1048576                                   {product} {ergonomic}
   size_t MinHeapSize                              = 268435456                                 {product} {command line}
    uintx NonNMethodCodeHeapSize                   = 5839372                                {pd product} {ergonomic}
    uintx NonProfiledCodeHeapSize                  = 122909434                              {pd product} {ergonomic}
    uintx ProfiledCodeHeapSize                     = 122909434                              {pd product} {ergonomic}
    uintx ReservedCodeCacheSize                    = 251658240                              {pd product} {ergonomic}
     bool SegmentedCodeCache                       = true                                      {product} {ergonomic}
   size_t SoftMaxHeapSize                          = 536870912                              {manageable} {ergonomic}
     bool UseCompressedOops                        = true                           {product lp64_product} {ergonomic}
     bool UseG1GC                                  = true                                      {product} {ergonomic}
     bool UseLargePagesIndividualAllocation        = false                                  {pd product} {ergonomic}

Logging:
Log output configuration:
 #0: stdout all=warning uptime,level,tags foldmultilines=false
 #1: stderr all=off uptime,level,tags foldmultilines=false

Environment Variables:
JAVA_HOME=C:\Program Files\Java\jdk-17.0.6
PATH=C:\Program Files\Alacritty\;C:\Archivos de programa\Java\jdk-17.0.6\bin;C:\Program Files\PowerShell\7;C:\Program Files\Common Files\Oracle\Java\javapath;C:\Python312\Scripts\;C:\Python312\;C:\Oracle\product\11.2.0\client_1\bin;C:\Windows\system32;C:\Windows;C:\Windows\System32\Wbem;C:\Windows\System32\WindowsPowerShell\v1.0\;C:\Windows\System32\OpenSSH\;C:\Program Files\dotnet\;C:\ProgramData\chocolatey\bin;C:\Program Files (x86)\Microsoft SQL Server\160\Tools\Binn\;C:\Program Files\Microsoft SQL Server\160\Tools\Binn\;C:\Program Files\Microsoft SQL Server\Client SDK\ODBC\170\Tools\Binn\;C:\Program Files\Microsoft SQL Server\160\DTS\Binn\;C:\Program Files (x86)\Microsoft SQL Server\160\DTS\Binn\;D:\Usuarios\PM71796543\AppData\Local\Microsoft\WindowsApps;D:\Usuarios\PM71796543\AppData\Local\Programs\Microsoft VS Code\bin;D:\Usuarios\PM71796543\AppData\Local\Programs\oh-my-posh\bin;D:\Usuarios\PM71796543\AppData\Roaming\npm;C:\Program Files\Git\cmd;C:\Users\PM71796543\AppData\Roaming\nvm;C:\Program Files\nodejs;C:\Program Files\GitHub CLI\;C:\Program Files\PuTTY\;C:\Program Files\Docker\Docker\resources\bin;C:\Program Files (x86)\Go\bin;C:\WINDOWS\system32;C:\WINDOWS;C:\WINDOWS\System32\Wbem;C:\WINDOWS\System32\WindowsPowerShell\v1.0\;C:\WINDOWS\System32\OpenSSH\;C:\Program Files\PowerShell\7\;C:\Program Files\PowerShell\7-preview\preview;D:\Usuarios\PM71796543\.console-ninja\.bin;D:\Usuarios\PM71796543\AppData\Local\Microsoft\WindowsApps;D:\Usuarios\PM71796543\AppData\Local\Programs\Microsoft VS Code\bin;D:\Usuarios\PM71796543\AppData\Local\Programs\oh-my-posh\bin;D:\Usuarios\PM71796543\AppData\Roaming\nvm;C:\Program Files\nodejs;D:\Usuarios\PM71796543\.jetbrains\helm;D:\Usuarios\PM71796543\AppData\Local\JetBrains\Toolbox\scripts;D:\Usuarios\PM71796543\AppData\Local\Google\Cloud SDK\google-cloud-sdk\bin;D:\Usuarios\PM71796543\.bun\bin;D:\Usuarios\PM71796543\go\bin;D:\Usuarios\PM71796543\AppData\Local\Microsoft\WindowsApps;
USERNAME=PM71796543
OS=Windows_NT
PROCESSOR_IDENTIFIER=Intel64 Family 6 Model 186 Stepping 3, GenuineIntel
TMP=D:\Usuarios\PM71796543\AppData\Local\Temp
TEMP=D:\Usuarios\PM71796543\AppData\Local\Temp




Periodic native trim disabled

---------------  S Y S T E M  ---------------

OS:
 Windows 11 , 64 bit Build 26100 (10.0.26100.3775)
OS uptime: 0 days 13:25 hours
Hyper-V role detected

CPU: total 12 (initial active 12) (6 cores per cpu, 2 threads per core) family 6 model 186 stepping 3 microcode 0x4123, cx8, cmov, fxsr, ht, mmx, 3dnowpref, sse, sse2, sse3, ssse3, sse4.1, sse4.2, popcnt, lzcnt, tsc, tscinvbit, avx, avx2, aes, erms, clmul, bmi1, bmi2, adx, sha, fma, vzeroupper, clflush, clflushopt, clwb, hv, serialize, rdtscp, rdpid, fsrm, f16c, cet_ibt, cet_ss
Processor Information for all 12 processors :
  Max Mhz: 1800, Current Mhz: 1800, Mhz Limit: 1800

Memory: 4k page, system-wide physical 16036M (1665M free)
TotalPageFile size 54542M (AvailPageFile size 6M)
current process WorkingSet (physical memory assigned to process): 197M, peak: 197M
current process commit charge ("private bytes"): 409M, peak: 423M

vm_info: OpenJDK 64-Bit Server VM (21.0.5+11-LTS) for windows-amd64 JRE (21.0.5+11-LTS), built on 2024-10-11T20:58:34Z by "Administrator" with MS VC++ 16.10 / 16.11 (VS2019)

END.
