#
# There is insufficient memory for the Java Runtime Environment to continue.
# Native memory allocation (malloc) failed to allocate 131088 bytes. Error detail: Chunk::new
# Possible reasons:
#   The system is out of physical RAM or swap space
#   This process is running with CompressedOops enabled, and the Java Heap may be blocking the growth of the native heap
# Possible solutions:
#   Reduce memory load on the system
#   Increase physical memory or swap space
#   Check if swap backing store is full
#   Decrease Java heap size (-Xmx/-Xms)
#   Decrease number of Java threads
#   Decrease Java thread stack sizes (-Xss)
#   Set larger code cache with -XX:ReservedCodeCacheSize=
#   JVM is running with Unscaled Compressed Oops mode in which the Java heap is
#     placed in the first 4GB address space. The Java Heap base address is the
#     maximum limit for the native heap growth. Please use -XX:HeapBaseMinAddress
#     to set the Java Heap base and to place the Java Heap above 4GB virtual address.
# This output file may be truncated or incomplete.
#
#  Out of Memory Error (arena.cpp:168), pid=22140, tid=13704
#
# JRE version: OpenJDK Runtime Environment Corretto-21.0.5.11.1 (21.0.5+11) (build 21.0.5+11-LTS)
# Java VM: OpenJDK 64-Bit Server VM Corretto-21.0.5.11.1 (21.0.5+11-LTS, mixed mode, sharing, tiered, compressed oops, compressed class ptrs, g1 gc, windows-amd64)
# No core dump will be written. Minidumps are not enabled by default on client versions of Windows
#

---------------  S U M M A R Y ------------

Command Line: --add-opens=java.base/java.lang=ALL-UNNAMED --add-opens=java.base/java.lang.invoke=ALL-UNNAMED --add-opens=java.base/java.util=ALL-UNNAMED --add-opens=java.prefs/java.util.prefs=ALL-UNNAMED --add-exports=jdk.compiler/com.sun.tools.javac.api=ALL-UNNAMED --add-exports=jdk.compiler/com.sun.tools.javac.util=ALL-UNNAMED --add-opens=java.base/java.util=ALL-UNNAMED --add-opens=java.prefs/java.util.prefs=ALL-UNNAMED --add-opens=java.base/java.nio.charset=ALL-UNNAMED --add-opens=java.base/java.net=ALL-UNNAMED --add-opens=java.base/java.util.concurrent.atomic=ALL-UNNAMED --add-opens=java.xml/javax.xml.namespace=ALL-UNNAMED -XX:MaxMetaspaceSize=384m -XX:+HeapDumpOnOutOfMemoryError -Xms256m -Xmx512m -Dfile.encoding=UTF-8 -Duser.country=PE -Duser.language=es -Duser.variant -javaagent:D:\Usuarios\PM71796543\.gradle\wrapper\dists\gradle-8.13-bin\5xuhj0ry160q40clulazy9h7d\gradle-8.13\lib\agents\gradle-instrumentation-agent-8.13.jar org.gradle.launcher.daemon.bootstrap.GradleDaemon 8.13

Host: 13th Gen Intel(R) Core(TM) i7-1365U, 12 cores, 15G,  Windows 11 , 64 bit Build 26100 (10.0.26100.3775)
Time: Thu May  1 22:34:10 2025 Hora est. Pacífico, Sudamérica elapsed time: 24.940749 seconds (0d 0h 0m 24s)

---------------  T H R E A D  ---------------

Current thread (0x000001b2765be030):  JavaThread "C2 CompilerThread1" daemon [_thread_in_native, id=13704, stack(0x0000004615500000,0x0000004615600000) (1024K)]


Current CompileTask:
C2:24940 5981   !   4       sun.reflect.annotation.AnnotationParser::parseAnnotations (37 bytes)

Stack: [0x0000004615500000,0x0000004615600000]
Native frames: (J=compiled Java code, j=interpreted, Vv=VM code, C=native code)
V  [jvm.dll+0x6d9b69]
V  [jvm.dll+0x8b6073]
V  [jvm.dll+0x8b83ce]
V  [jvm.dll+0x8b8ab3]
V  [jvm.dll+0x286226]
V  [jvm.dll+0xc65ed]
V  [jvm.dll+0xc6b23]
V  [jvm.dll+0xc6715]
V  [jvm.dll+0x6b4e1c]
V  [jvm.dll+0x30983f]
V  [jvm.dll+0x30a579]
V  [jvm.dll+0x306a3f]
V  [jvm.dll+0x3070cc]
V  [jvm.dll+0x24fccc]
V  [jvm.dll+0x24da8e]
V  [jvm.dll+0x1cc3c4]
V  [jvm.dll+0x25d249]
V  [jvm.dll+0x25b7fb]
V  [jvm.dll+0x3fab46]
V  [jvm.dll+0x85ed68]
V  [jvm.dll+0x6d836d]
C  [ucrtbase.dll+0x37b0]
C  [KERNEL32.DLL+0x2e8d7]
C  [ntdll.dll+0xb14fc]


---------------  P R O C E S S  ---------------

Threads class SMR info:
_java_thread_list=0x000001b2752d0b70, length=67, elements={
0x000001b253895210, 0x000001b26eafb9c0, 0x000001b26eafc410, 0x000001b26eb03540,
0x000001b26eb04750, 0x000001b26eb083f0, 0x000001b26eb14480, 0x000001b26eb19750,
0x000001b26eb1a1e0, 0x000001b26ec3c270, 0x000001b26edc73e0, 0x000001b26edaed10,
0x000001b273cba180, 0x000001b27496c960, 0x000001b274470830, 0x000001b27494f480,
0x000001b2744a8920, 0x000001b2744acf90, 0x000001b274912130, 0x000001b2749127c0,
0x000001b274914890, 0x000001b274912e50, 0x000001b274913b70, 0x000001b2749134e0,
0x000001b274911aa0, 0x000001b274914200, 0x000001b274911410, 0x000001b276aae610,
0x000001b276aadf80, 0x000001b276ab2120, 0x000001b276ab0d70, 0x000001b276ab1400,
0x000001b276aaeca0, 0x000001b276ab27b0, 0x000001b276ab1a90, 0x000001b276aaf330,
0x000001b276ab0050, 0x000001b276ab2e40, 0x000001b276ab06e0, 0x000001b276aaf9c0,
0x000001b276ab4f10, 0x000001b276ab34d0, 0x000001b276ab41f0, 0x000001b276ab4880,
0x000001b2750261e0, 0x000001b275026f00, 0x000001b275026870, 0x000001b2750247a0,
0x000001b275024110, 0x000001b275027590, 0x000001b275025b50, 0x000001b275027c20,
0x000001b2750282b0, 0x000001b275024e30, 0x000001b275028940, 0x000001b2750254c0,
0x000001b275028fd0, 0x000001b275029cf0, 0x000001b275029660, 0x000001b27502aa10,
0x000001b27502a380, 0x000001b27502b0a0, 0x000001b27502b730, 0x000001b27640d930,
0x000001b27640ece0, 0x000001b27640bef0, 0x000001b2765be030
}

Java Threads: ( => current thread )
  0x000001b253895210 JavaThread "main"                              [_thread_blocked, id=20888, stack(0x0000004612d00000,0x0000004612e00000) (1024K)]
  0x000001b26eafb9c0 JavaThread "Reference Handler"          daemon [_thread_blocked, id=3804, stack(0x0000004613500000,0x0000004613600000) (1024K)]
  0x000001b26eafc410 JavaThread "Finalizer"                  daemon [_thread_blocked, id=16904, stack(0x0000004613600000,0x0000004613700000) (1024K)]
  0x000001b26eb03540 JavaThread "Signal Dispatcher"          daemon [_thread_blocked, id=32108, stack(0x0000004613700000,0x0000004613800000) (1024K)]
  0x000001b26eb04750 JavaThread "Attach Listener"            daemon [_thread_blocked, id=32524, stack(0x0000004613800000,0x0000004613900000) (1024K)]
  0x000001b26eb083f0 JavaThread "Service Thread"             daemon [_thread_blocked, id=27484, stack(0x0000004613900000,0x0000004613a00000) (1024K)]
  0x000001b26eb14480 JavaThread "Monitor Deflation Thread"   daemon [_thread_blocked, id=18964, stack(0x0000004613a00000,0x0000004613b00000) (1024K)]
  0x000001b26eb19750 JavaThread "C2 CompilerThread0"         daemon [_thread_in_vm, id=8300, stack(0x0000004613b00000,0x0000004613c00000) (1024K)]
  0x000001b26eb1a1e0 JavaThread "C1 CompilerThread0"         daemon [_thread_blocked, id=31960, stack(0x0000004613c00000,0x0000004613d00000) (1024K)]
  0x000001b26ec3c270 JavaThread "Common-Cleaner"             daemon [_thread_blocked, id=23852, stack(0x0000004613d00000,0x0000004613e00000) (1024K)]
  0x000001b26edc73e0 JavaThread "Notification Thread"        daemon [_thread_blocked, id=16884, stack(0x0000004613e00000,0x0000004613f00000) (1024K)]
  0x000001b26edaed10 JavaThread "Daemon health stats"               [_thread_blocked, id=26016, stack(0x0000004614800000,0x0000004614900000) (1024K)]
  0x000001b273cba180 JavaThread "Incoming local TCP Connector on port 53389"        [_thread_in_native, id=30028, stack(0x0000004614400000,0x0000004614500000) (1024K)]
  0x000001b27496c960 JavaThread "Daemon periodic checks"            [_thread_blocked, id=28872, stack(0x0000004614a00000,0x0000004614b00000) (1024K)]
  0x000001b274470830 JavaThread "Daemon"                            [_thread_blocked, id=27516, stack(0x0000004614b00000,0x0000004614c00000) (1024K)]
  0x000001b27494f480 JavaThread "Handler for socket connection from /127.0.0.1:53389 to /127.0.0.1:53390"        [_thread_in_native, id=4192, stack(0x0000004614c00000,0x0000004614d00000) (1024K)]
  0x000001b2744a8920 JavaThread "Cancel handler"                    [_thread_blocked, id=8476, stack(0x0000004614d00000,0x0000004614e00000) (1024K)]
  0x000001b2744acf90 JavaThread "Daemon worker"                     [_thread_blocked, id=30668, stack(0x0000004614e00000,0x0000004614f00000) (1024K)]
  0x000001b274912130 JavaThread "Asynchronous log dispatcher for DefaultDaemonConnection: socket connection from /127.0.0.1:53389 to /127.0.0.1:53390"        [_thread_blocked, id=2180, stack(0x0000004614f00000,0x0000004615000000) (1024K)]
  0x000001b2749127c0 JavaThread "Stdin handler"                     [_thread_blocked, id=22280, stack(0x0000004615000000,0x0000004615100000) (1024K)]
  0x000001b274914890 JavaThread "Daemon client event forwarder"        [_thread_blocked, id=20500, stack(0x0000004615100000,0x0000004615200000) (1024K)]
  0x000001b274912e50 JavaThread "Cache worker for journal cache (D:\Usuarios\PM71796543\.gradle\caches\journal-1)"        [_thread_blocked, id=3144, stack(0x0000004615200000,0x0000004615300000) (1024K)]
  0x000001b274913b70 JavaThread "File lock request listener"        [_thread_in_native, id=5112, stack(0x0000004615300000,0x0000004615400000) (1024K)]
  0x000001b2749134e0 JavaThread "Cache worker for file hash cache (D:\Usuarios\PM71796543\.gradle\caches\8.13\fileHashes)"        [_thread_blocked, id=21260, stack(0x0000004615400000,0x0000004615500000) (1024K)]
  0x000001b274911aa0 JavaThread "Cache worker for file hash cache (D:\Usuarios\PM71796543\Desktop\example-practice\example-practice\.gradle\8.13\fileHashes)"        [_thread_blocked, id=29712, stack(0x0000004615900000,0x0000004615a00000) (1024K)]
  0x000001b274914200 JavaThread "Cache worker for Build Output Cleanup Cache (D:\Usuarios\PM71796543\Desktop\example-practice\example-practice\.gradle\buildOutputCleanup)"        [_thread_blocked, id=21772, stack(0x0000004615a00000,0x0000004615b00000) (1024K)]
  0x000001b274911410 JavaThread "File watcher server"        daemon [_thread_in_native, id=17040, stack(0x0000004615b00000,0x0000004615c00000) (1024K)]
  0x000001b276aae610 JavaThread "File watcher consumer"      daemon [_thread_blocked, id=32404, stack(0x0000004615c00000,0x0000004615d00000) (1024K)]
  0x000001b276aadf80 JavaThread "jar transforms"                    [_thread_blocked, id=27912, stack(0x0000004615e00000,0x0000004615f00000) (1024K)]
  0x000001b276ab2120 JavaThread "jar transforms Thread 2"           [_thread_blocked, id=19328, stack(0x0000004615f00000,0x0000004616000000) (1024K)]
  0x000001b276ab0d70 JavaThread "jar transforms Thread 3"           [_thread_blocked, id=16936, stack(0x0000004616000000,0x0000004616100000) (1024K)]
  0x000001b276ab1400 JavaThread "jar transforms Thread 4"           [_thread_blocked, id=2156, stack(0x0000004616100000,0x0000004616200000) (1024K)]
  0x000001b276aaeca0 JavaThread "jar transforms Thread 5"           [_thread_blocked, id=24996, stack(0x0000004616200000,0x0000004616300000) (1024K)]
  0x000001b276ab27b0 JavaThread "jar transforms Thread 6"           [_thread_blocked, id=8828, stack(0x0000004616300000,0x0000004616400000) (1024K)]
  0x000001b276ab1a90 JavaThread "jar transforms Thread 7"           [_thread_blocked, id=24276, stack(0x0000004616400000,0x0000004616500000) (1024K)]
  0x000001b276aaf330 JavaThread "jar transforms Thread 8"           [_thread_blocked, id=10264, stack(0x0000004616500000,0x0000004616600000) (1024K)]
  0x000001b276ab0050 JavaThread "jar transforms Thread 9"           [_thread_blocked, id=8732, stack(0x0000004616600000,0x0000004616700000) (1024K)]
  0x000001b276ab2e40 JavaThread "jar transforms Thread 10"          [_thread_blocked, id=12112, stack(0x0000004616700000,0x0000004616800000) (1024K)]
  0x000001b276ab06e0 JavaThread "jar transforms Thread 11"          [_thread_blocked, id=31860, stack(0x0000004616800000,0x0000004616900000) (1024K)]
  0x000001b276aaf9c0 JavaThread "jar transforms Thread 12"          [_thread_blocked, id=19728, stack(0x0000004616900000,0x0000004616a00000) (1024K)]
  0x000001b276ab4f10 JavaThread "Cache worker for checksums cache (D:\Usuarios\PM71796543\Desktop\example-practice\example-practice\.gradle\8.13\checksums)"        [_thread_blocked, id=21780, stack(0x0000004616a00000,0x0000004616b00000) (1024K)]
  0x000001b276ab34d0 JavaThread "Cache worker for file content cache (D:\Usuarios\PM71796543\.gradle\caches\8.13\fileContent)"        [_thread_blocked, id=19544, stack(0x0000004616b00000,0x0000004616c00000) (1024K)]
  0x000001b276ab41f0 JavaThread "Cache worker for cache directory md-supplier (D:\Usuarios\PM71796543\.gradle\caches\8.13\md-supplier)"        [_thread_blocked, id=21560, stack(0x0000004616c00000,0x0000004616d00000) (1024K)]
  0x000001b276ab4880 JavaThread "Cache worker for cache directory md-rule (D:\Usuarios\PM71796543\.gradle\caches\8.13\md-rule)"        [_thread_blocked, id=30100, stack(0x0000004616d00000,0x0000004616e00000) (1024K)]
  0x000001b2750261e0 JavaThread "Unconstrained build operations"        [_thread_blocked, id=15628, stack(0x0000004616e00000,0x0000004616f00000) (1024K)]
  0x000001b275026f00 JavaThread "Unconstrained build operations Thread 2"        [_thread_blocked, id=30704, stack(0x0000004616f00000,0x0000004617000000) (1024K)]
  0x000001b275026870 JavaThread "Unconstrained build operations Thread 3"        [_thread_blocked, id=5304, stack(0x0000004617000000,0x0000004617100000) (1024K)]
  0x000001b2750247a0 JavaThread "Unconstrained build operations Thread 4"        [_thread_blocked, id=22092, stack(0x0000004617100000,0x0000004617200000) (1024K)]
  0x000001b275024110 JavaThread "Unconstrained build operations Thread 5"        [_thread_blocked, id=12080, stack(0x0000004617200000,0x0000004617300000) (1024K)]
  0x000001b275027590 JavaThread "Unconstrained build operations Thread 6"        [_thread_blocked, id=31124, stack(0x0000004617300000,0x0000004617400000) (1024K)]
  0x000001b275025b50 JavaThread "Unconstrained build operations Thread 7"        [_thread_blocked, id=30104, stack(0x0000004617400000,0x0000004617500000) (1024K)]
  0x000001b275027c20 JavaThread "Unconstrained build operations Thread 8"        [_thread_blocked, id=32488, stack(0x0000004617500000,0x0000004617600000) (1024K)]
  0x000001b2750282b0 JavaThread "Unconstrained build operations Thread 9"        [_thread_blocked, id=29500, stack(0x0000004617600000,0x0000004617700000) (1024K)]
  0x000001b275024e30 JavaThread "Unconstrained build operations Thread 10"        [_thread_blocked, id=30284, stack(0x0000004617700000,0x0000004617800000) (1024K)]
  0x000001b275028940 JavaThread "Unconstrained build operations Thread 11"        [_thread_blocked, id=26992, stack(0x0000004617800000,0x0000004617900000) (1024K)]
  0x000001b2750254c0 JavaThread "Unconstrained build operations Thread 12"        [_thread_blocked, id=2052, stack(0x0000004617900000,0x0000004617a00000) (1024K)]
  0x000001b275028fd0 JavaThread "Unconstrained build operations Thread 13"        [_thread_blocked, id=27048, stack(0x0000004617a00000,0x0000004617b00000) (1024K)]
  0x000001b275029cf0 JavaThread "Unconstrained build operations Thread 14"        [_thread_blocked, id=23040, stack(0x0000004617b00000,0x0000004617c00000) (1024K)]
  0x000001b275029660 JavaThread "Unconstrained build operations Thread 15"        [_thread_blocked, id=21816, stack(0x0000004617c00000,0x0000004617d00000) (1024K)]
  0x000001b27502aa10 JavaThread "Unconstrained build operations Thread 16"        [_thread_blocked, id=3076, stack(0x0000004617d00000,0x0000004617e00000) (1024K)]
  0x000001b27502a380 JavaThread "Unconstrained build operations Thread 17"        [_thread_blocked, id=4636, stack(0x0000004617e00000,0x0000004617f00000) (1024K)]
  0x000001b27502b0a0 JavaThread "Unconstrained build operations Thread 18"        [_thread_blocked, id=29960, stack(0x0000004617f00000,0x0000004618000000) (1024K)]
  0x000001b27502b730 JavaThread "Unconstrained build operations Thread 19"        [_thread_blocked, id=30036, stack(0x0000004618000000,0x0000004618100000) (1024K)]
  0x000001b27640d930 JavaThread "Unconstrained build operations Thread 20"        [_thread_blocked, id=21128, stack(0x0000004618100000,0x0000004618200000) (1024K)]
  0x000001b27640ece0 JavaThread "Unconstrained build operations Thread 21"        [_thread_blocked, id=10340, stack(0x0000004618200000,0x0000004618300000) (1024K)]
  0x000001b27640bef0 JavaThread "Unconstrained build operations Thread 22"        [_thread_blocked, id=29952, stack(0x0000004618300000,0x0000004618400000) (1024K)]
=>0x000001b2765be030 JavaThread "C2 CompilerThread1"         daemon [_thread_in_native, id=13704, stack(0x0000004615500000,0x0000004615600000) (1024K)]
Total: 67

Other Threads:
  0x000001b26eadca40 VMThread "VM Thread"                           [id=23664, stack(0x0000004613400000,0x0000004613500000) (1024K)] _threads_hazard_ptr=0x000001b2752d0b70
  0x000001b26eac8740 WatcherThread "VM Periodic Task Thread"        [id=4244, stack(0x0000004613300000,0x0000004613400000) (1024K)]
  0x000001b2538c1250 WorkerThread "GC Thread#0"                     [id=30652, stack(0x0000004612e00000,0x0000004612f00000) (1024K)]
  0x000001b2733270b0 WorkerThread "GC Thread#1"                     [id=13596, stack(0x0000004613f00000,0x0000004614000000) (1024K)]
  0x000001b273402d60 WorkerThread "GC Thread#2"                     [id=27604, stack(0x0000004614000000,0x0000004614100000) (1024K)]
  0x000001b26ee77ac0 WorkerThread "GC Thread#3"                     [id=29964, stack(0x0000004614100000,0x0000004614200000) (1024K)]
  0x000001b2734f03b0 WorkerThread "GC Thread#4"                     [id=3956, stack(0x0000004614200000,0x0000004614300000) (1024K)]
  0x000001b2734f0750 WorkerThread "GC Thread#5"                     [id=27976, stack(0x0000004614300000,0x0000004614400000) (1024K)]
  0x000001b2734435f0 WorkerThread "GC Thread#6"                     [id=20148, stack(0x0000004614500000,0x0000004614600000) (1024K)]
  0x000001b26edd0300 WorkerThread "GC Thread#7"                     [id=16012, stack(0x0000004614600000,0x0000004614700000) (1024K)]
  0x000001b26edd06a0 WorkerThread "GC Thread#8"                     [id=29820, stack(0x0000004614700000,0x0000004614800000) (1024K)]
  0x000001b2735ec630 WorkerThread "GC Thread#9"                     [id=5104, stack(0x0000004615600000,0x0000004615700000) (1024K)]
  0x000001b2538c6a40 ConcurrentGCThread "G1 Main Marker"            [id=30280, stack(0x0000004612f00000,0x0000004613000000) (1024K)]
  0x000001b2538c83c0 WorkerThread "G1 Conc#0"                       [id=31364, stack(0x0000004613000000,0x0000004613100000) (1024K)]
  0x000001b2735eb7b0 WorkerThread "G1 Conc#1"                       [id=20944, stack(0x0000004615700000,0x0000004615800000) (1024K)]
  0x000001b2735ebb50 WorkerThread "G1 Conc#2"                       [id=18784, stack(0x0000004615800000,0x0000004615900000) (1024K)]
  0x000001b26ea19750 ConcurrentGCThread "G1 Refine#0"               [id=19768, stack(0x0000004613100000,0x0000004613200000) (1024K)]
  0x000001b26ea1b080 ConcurrentGCThread "G1 Service"                [id=28456, stack(0x0000004613200000,0x0000004613300000) (1024K)]
Total: 18

Threads with active compile tasks:
C2 CompilerThread0  25937 5984       4       java.lang.invoke.InvokerBytecodeGenerator::addMethod (725 bytes)
C2 CompilerThread1  25937 5981   !   4       sun.reflect.annotation.AnnotationParser::parseAnnotations (37 bytes)
Total: 2

VM state: synchronizing (normal execution)

VM Mutex/Monitor currently owned by a thread:  ([mutex/lock_event])
[0x00007ffb8d77c320] Threads_lock - owner thread: 0x000001b26eadca40

Heap address: 0x00000000e0000000, size: 512 MB, Compressed Oops mode: 32-bit

CDS archive(s) mapped at: [0x000001b200000000-0x000001b200c80000-0x000001b200c80000), size 13107200, SharedBaseAddress: 0x000001b200000000, ArchiveRelocationMode: 1.
Compressed class space mapped at: 0x000001b201000000-0x000001b215000000, reserved size: 335544320
Narrow klass base: 0x000001b200000000, Narrow klass shift: 0, Narrow klass range: 0x100000000

GC Precious Log:
 CardTable entry size: 512
 Card Set container configuration: InlinePtr #cards 5 size 8 Array Of Cards #cards 12 size 40 Howl #buckets 4 coarsen threshold 1843 Howl Bitmap #cards 512 size 80 coarsen threshold 460 Card regions per heap region 1 cards per card region 2048
 CPUs: 12 total, 12 available
 Memory: 16036M
 Large Page Support: Disabled
 NUMA Support: Disabled
 Compressed Oops: Enabled (32-bit)
 Heap Region Size: 1M
 Heap Min Capacity: 256M
 Heap Initial Capacity: 256M
 Heap Max Capacity: 512M
 Pre-touch: Disabled
 Parallel Workers: 10
 Concurrent Workers: 3
 Concurrent Refinement Workers: 10
 Periodic GC: Disabled

Heap:
 garbage-first heap   total 262144K, used 81606K [0x00000000e0000000, 0x0000000100000000)
  region size 1024K, 34 young (34816K), 20 survivors (20480K)
 Metaspace       used 49478K, committed 51264K, reserved 393216K
  class space    used 6960K, committed 7872K, reserved 327680K

Heap Regions: E=young(eden), S=young(survivor), O=old, HS=humongous(starts), HC=humongous(continues), CS=collection set, F=free, TAMS=top-at-mark-start, PB=parsable bottom
|   0|0x00000000e0000000, 0x00000000e0100000, 0x00000000e0100000|100%|HS|  |TAMS 0x00000000e0000000| PB 0x00000000e0000000| Complete 
|   1|0x00000000e0100000, 0x00000000e0200000, 0x00000000e0200000|100%|HC|  |TAMS 0x00000000e0100000| PB 0x00000000e0100000| Complete 
|   2|0x00000000e0200000, 0x00000000e0300000, 0x00000000e0300000|100%|HC|  |TAMS 0x00000000e0200000| PB 0x00000000e0200000| Complete 
|   3|0x00000000e0300000, 0x00000000e0400000, 0x00000000e0400000|100%| O|  |TAMS 0x00000000e0300000| PB 0x00000000e0300000| Untracked 
|   4|0x00000000e0400000, 0x00000000e0500000, 0x00000000e0500000|100%| O|  |TAMS 0x00000000e0400000| PB 0x00000000e0400000| Untracked 
|   5|0x00000000e0500000, 0x00000000e0600000, 0x00000000e0600000|100%| O|  |TAMS 0x00000000e0500000| PB 0x00000000e0500000| Untracked 
|   6|0x00000000e0600000, 0x00000000e0700000, 0x00000000e0700000|100%|HS|  |TAMS 0x00000000e0600000| PB 0x00000000e0600000| Complete 
|   7|0x00000000e0700000, 0x00000000e0800000, 0x00000000e0800000|100%|HS|  |TAMS 0x00000000e0700000| PB 0x00000000e0700000| Complete 
|   8|0x00000000e0800000, 0x00000000e0900000, 0x00000000e0900000|100%| O|  |TAMS 0x00000000e0800000| PB 0x00000000e0800000| Untracked 
|   9|0x00000000e0900000, 0x00000000e0a00000, 0x00000000e0a00000|100%| O|  |TAMS 0x00000000e0900000| PB 0x00000000e0900000| Untracked 
|  10|0x00000000e0a00000, 0x00000000e0b00000, 0x00000000e0b00000|100%| O|  |TAMS 0x00000000e0a00000| PB 0x00000000e0a00000| Untracked 
|  11|0x00000000e0b00000, 0x00000000e0c00000, 0x00000000e0c00000|100%| O|  |TAMS 0x00000000e0b00000| PB 0x00000000e0b00000| Untracked 
|  12|0x00000000e0c00000, 0x00000000e0d00000, 0x00000000e0d00000|100%| O|  |TAMS 0x00000000e0c00000| PB 0x00000000e0c00000| Untracked 
|  13|0x00000000e0d00000, 0x00000000e0e00000, 0x00000000e0e00000|100%|HS|  |TAMS 0x00000000e0d00000| PB 0x00000000e0d00000| Complete 
|  14|0x00000000e0e00000, 0x00000000e0f00000, 0x00000000e0f00000|100%|HC|  |TAMS 0x00000000e0e00000| PB 0x00000000e0e00000| Complete 
|  15|0x00000000e0f00000, 0x00000000e1000000, 0x00000000e1000000|100%|HC|  |TAMS 0x00000000e0f00000| PB 0x00000000e0f00000| Complete 
|  16|0x00000000e1000000, 0x00000000e1100000, 0x00000000e1100000|100%|HC|  |TAMS 0x00000000e1000000| PB 0x00000000e1000000| Complete 
|  17|0x00000000e1100000, 0x00000000e1200000, 0x00000000e1200000|100%|HC|  |TAMS 0x00000000e1100000| PB 0x00000000e1100000| Complete 
|  18|0x00000000e1200000, 0x00000000e1300000, 0x00000000e1300000|100%|HS|  |TAMS 0x00000000e1200000| PB 0x00000000e1200000| Complete 
|  19|0x00000000e1300000, 0x00000000e1400000, 0x00000000e1400000|100%|HC|  |TAMS 0x00000000e1300000| PB 0x00000000e1300000| Complete 
|  20|0x00000000e1400000, 0x00000000e1500000, 0x00000000e1500000|100%|HC|  |TAMS 0x00000000e1400000| PB 0x00000000e1400000| Complete 
|  21|0x00000000e1500000, 0x00000000e1600000, 0x00000000e1600000|100%|HS|  |TAMS 0x00000000e1500000| PB 0x00000000e1500000| Complete 
|  22|0x00000000e1600000, 0x00000000e1700000, 0x00000000e1700000|100%|HC|  |TAMS 0x00000000e1600000| PB 0x00000000e1600000| Complete 
|  23|0x00000000e1700000, 0x00000000e1800000, 0x00000000e1800000|100%| O|  |TAMS 0x00000000e1700000| PB 0x00000000e1700000| Untracked 
|  24|0x00000000e1800000, 0x00000000e1900000, 0x00000000e1900000|100%| O|  |TAMS 0x00000000e1800000| PB 0x00000000e1800000| Untracked 
|  25|0x00000000e1900000, 0x00000000e1a00000, 0x00000000e1a00000|100%| O|  |TAMS 0x00000000e1900000| PB 0x00000000e1900000| Untracked 
|  26|0x00000000e1a00000, 0x00000000e1b00000, 0x00000000e1b00000|100%| O|  |TAMS 0x00000000e1a00000| PB 0x00000000e1a00000| Untracked 
|  27|0x00000000e1b00000, 0x00000000e1c00000, 0x00000000e1c00000|100%| O|  |TAMS 0x00000000e1b00000| PB 0x00000000e1b00000| Untracked 
|  28|0x00000000e1c00000, 0x00000000e1d00000, 0x00000000e1d00000|100%| O|  |TAMS 0x00000000e1c00000| PB 0x00000000e1c00000| Untracked 
|  29|0x00000000e1d00000, 0x00000000e1d00000, 0x00000000e1e00000|  0%| F|  |TAMS 0x00000000e1d00000| PB 0x00000000e1d00000| Untracked 
|  30|0x00000000e1e00000, 0x00000000e1e00000, 0x00000000e1f00000|  0%| F|  |TAMS 0x00000000e1e00000| PB 0x00000000e1e00000| Untracked 
|  31|0x00000000e1f00000, 0x00000000e1f00000, 0x00000000e2000000|  0%| F|  |TAMS 0x00000000e1f00000| PB 0x00000000e1f00000| Untracked 
|  32|0x00000000e2000000, 0x00000000e2000000, 0x00000000e2100000|  0%| F|  |TAMS 0x00000000e2000000| PB 0x00000000e2000000| Untracked 
|  33|0x00000000e2100000, 0x00000000e2100000, 0x00000000e2200000|  0%| F|  |TAMS 0x00000000e2100000| PB 0x00000000e2100000| Untracked 
|  34|0x00000000e2200000, 0x00000000e2300000, 0x00000000e2300000|100%|HS|  |TAMS 0x00000000e2200000| PB 0x00000000e2200000| Complete 
|  35|0x00000000e2300000, 0x00000000e2400000, 0x00000000e2400000|100%|HC|  |TAMS 0x00000000e2300000| PB 0x00000000e2300000| Complete 
|  36|0x00000000e2400000, 0x00000000e2500000, 0x00000000e2500000|100%|HC|  |TAMS 0x00000000e2400000| PB 0x00000000e2400000| Complete 
|  37|0x00000000e2500000, 0x00000000e2600000, 0x00000000e2600000|100%|HC|  |TAMS 0x00000000e2500000| PB 0x00000000e2500000| Complete 
|  38|0x00000000e2600000, 0x00000000e2700000, 0x00000000e2700000|100%|HC|  |TAMS 0x00000000e2600000| PB 0x00000000e2600000| Complete 
|  39|0x00000000e2700000, 0x00000000e2800000, 0x00000000e2800000|100%|HS|  |TAMS 0x00000000e2700000| PB 0x00000000e2700000| Complete 
|  40|0x00000000e2800000, 0x00000000e2900000, 0x00000000e2900000|100%|HC|  |TAMS 0x00000000e2800000| PB 0x00000000e2800000| Complete 
|  41|0x00000000e2900000, 0x00000000e2a00000, 0x00000000e2a00000|100%|HS|  |TAMS 0x00000000e2900000| PB 0x00000000e2900000| Complete 
|  42|0x00000000e2a00000, 0x00000000e2b00000, 0x00000000e2b00000|100%|HC|  |TAMS 0x00000000e2a00000| PB 0x00000000e2a00000| Complete 
|  43|0x00000000e2b00000, 0x00000000e2c00000, 0x00000000e2c00000|100%|HC|  |TAMS 0x00000000e2b00000| PB 0x00000000e2b00000| Complete 
|  44|0x00000000e2c00000, 0x00000000e2d00000, 0x00000000e2d00000|100%|HC|  |TAMS 0x00000000e2c00000| PB 0x00000000e2c00000| Complete 
|  45|0x00000000e2d00000, 0x00000000e2e00000, 0x00000000e2e00000|100%|HC|  |TAMS 0x00000000e2d00000| PB 0x00000000e2d00000| Complete 
|  46|0x00000000e2e00000, 0x00000000e2e00000, 0x00000000e2f00000|  0%| F|  |TAMS 0x00000000e2e00000| PB 0x00000000e2e00000| Untracked 
|  47|0x00000000e2f00000, 0x00000000e2f00000, 0x00000000e3000000|  0%| F|  |TAMS 0x00000000e2f00000| PB 0x00000000e2f00000| Untracked 
|  48|0x00000000e3000000, 0x00000000e3100000, 0x00000000e3100000|100%| O|  |TAMS 0x00000000e3000000| PB 0x00000000e3000000| Untracked 
|  49|0x00000000e3100000, 0x00000000e3200000, 0x00000000e3200000|100%| O|  |TAMS 0x00000000e3100000| PB 0x00000000e3100000| Untracked 
|  50|0x00000000e3200000, 0x00000000e3300000, 0x00000000e3300000|100%| O|  |TAMS 0x00000000e3200000| PB 0x00000000e3200000| Untracked 
|  51|0x00000000e3300000, 0x00000000e3400000, 0x00000000e3400000|100%| O|  |TAMS 0x00000000e3300000| PB 0x00000000e3300000| Untracked 
|  52|0x00000000e3400000, 0x00000000e3500000, 0x00000000e3500000|100%| O|  |TAMS 0x00000000e3400000| PB 0x00000000e3400000| Untracked 
|  53|0x00000000e3500000, 0x00000000e35b1a00, 0x00000000e3600000| 69%| O|  |TAMS 0x00000000e3500000| PB 0x00000000e3500000| Untracked 
|  54|0x00000000e3600000, 0x00000000e3600000, 0x00000000e3700000|  0%| F|  |TAMS 0x00000000e3600000| PB 0x00000000e3600000| Untracked 
|  55|0x00000000e3700000, 0x00000000e3700000, 0x00000000e3800000|  0%| F|  |TAMS 0x00000000e3700000| PB 0x00000000e3700000| Untracked 
|  56|0x00000000e3800000, 0x00000000e3800000, 0x00000000e3900000|  0%| F|  |TAMS 0x00000000e3800000| PB 0x00000000e3800000| Untracked 
|  57|0x00000000e3900000, 0x00000000e3900000, 0x00000000e3a00000|  0%| F|  |TAMS 0x00000000e3900000| PB 0x00000000e3900000| Untracked 
|  58|0x00000000e3a00000, 0x00000000e3a00000, 0x00000000e3b00000|  0%| F|  |TAMS 0x00000000e3a00000| PB 0x00000000e3a00000| Untracked 
|  59|0x00000000e3b00000, 0x00000000e3b00000, 0x00000000e3c00000|  0%| F|  |TAMS 0x00000000e3b00000| PB 0x00000000e3b00000| Untracked 
|  60|0x00000000e3c00000, 0x00000000e3c00000, 0x00000000e3d00000|  0%| F|  |TAMS 0x00000000e3c00000| PB 0x00000000e3c00000| Untracked 
|  61|0x00000000e3d00000, 0x00000000e3d00000, 0x00000000e3e00000|  0%| F|  |TAMS 0x00000000e3d00000| PB 0x00000000e3d00000| Untracked 
|  62|0x00000000e3e00000, 0x00000000e3e00000, 0x00000000e3f00000|  0%| F|  |TAMS 0x00000000e3e00000| PB 0x00000000e3e00000| Untracked 
|  63|0x00000000e3f00000, 0x00000000e3f00000, 0x00000000e4000000|  0%| F|  |TAMS 0x00000000e3f00000| PB 0x00000000e3f00000| Untracked 
|  64|0x00000000e4000000, 0x00000000e4000000, 0x00000000e4100000|  0%| F|  |TAMS 0x00000000e4000000| PB 0x00000000e4000000| Untracked 
|  65|0x00000000e4100000, 0x00000000e4100000, 0x00000000e4200000|  0%| F|  |TAMS 0x00000000e4100000| PB 0x00000000e4100000| Untracked 
|  66|0x00000000e4200000, 0x00000000e4200000, 0x00000000e4300000|  0%| F|  |TAMS 0x00000000e4200000| PB 0x00000000e4200000| Untracked 
|  67|0x00000000e4300000, 0x00000000e4300000, 0x00000000e4400000|  0%| F|  |TAMS 0x00000000e4300000| PB 0x00000000e4300000| Untracked 
|  68|0x00000000e4400000, 0x00000000e4400000, 0x00000000e4500000|  0%| F|  |TAMS 0x00000000e4400000| PB 0x00000000e4400000| Untracked 
|  69|0x00000000e4500000, 0x00000000e4500000, 0x00000000e4600000|  0%| F|  |TAMS 0x00000000e4500000| PB 0x00000000e4500000| Untracked 
|  70|0x00000000e4600000, 0x00000000e4600000, 0x00000000e4700000|  0%| F|  |TAMS 0x00000000e4600000| PB 0x00000000e4600000| Untracked 
|  71|0x00000000e4700000, 0x00000000e4700000, 0x00000000e4800000|  0%| F|  |TAMS 0x00000000e4700000| PB 0x00000000e4700000| Untracked 
|  72|0x00000000e4800000, 0x00000000e4800000, 0x00000000e4900000|  0%| F|  |TAMS 0x00000000e4800000| PB 0x00000000e4800000| Untracked 
|  73|0x00000000e4900000, 0x00000000e4900000, 0x00000000e4a00000|  0%| F|  |TAMS 0x00000000e4900000| PB 0x00000000e4900000| Untracked 
|  74|0x00000000e4a00000, 0x00000000e4a00000, 0x00000000e4b00000|  0%| F|  |TAMS 0x00000000e4a00000| PB 0x00000000e4a00000| Untracked 
|  75|0x00000000e4b00000, 0x00000000e4b00000, 0x00000000e4c00000|  0%| F|  |TAMS 0x00000000e4b00000| PB 0x00000000e4b00000| Untracked 
|  76|0x00000000e4c00000, 0x00000000e4c00000, 0x00000000e4d00000|  0%| F|  |TAMS 0x00000000e4c00000| PB 0x00000000e4c00000| Untracked 
|  77|0x00000000e4d00000, 0x00000000e4d00000, 0x00000000e4e00000|  0%| F|  |TAMS 0x00000000e4d00000| PB 0x00000000e4d00000| Untracked 
|  78|0x00000000e4e00000, 0x00000000e4e00000, 0x00000000e4f00000|  0%| F|  |TAMS 0x00000000e4e00000| PB 0x00000000e4e00000| Untracked 
|  79|0x00000000e4f00000, 0x00000000e4f00000, 0x00000000e5000000|  0%| F|  |TAMS 0x00000000e4f00000| PB 0x00000000e4f00000| Untracked 
|  80|0x00000000e5000000, 0x00000000e5000000, 0x00000000e5100000|  0%| F|  |TAMS 0x00000000e5000000| PB 0x00000000e5000000| Untracked 
|  81|0x00000000e5100000, 0x00000000e5100000, 0x00000000e5200000|  0%| F|  |TAMS 0x00000000e5100000| PB 0x00000000e5100000| Untracked 
|  82|0x00000000e5200000, 0x00000000e5200000, 0x00000000e5300000|  0%| F|  |TAMS 0x00000000e5200000| PB 0x00000000e5200000| Untracked 
|  83|0x00000000e5300000, 0x00000000e5400000, 0x00000000e5400000|100%| S|CS|TAMS 0x00000000e5300000| PB 0x00000000e5300000| Complete 
|  84|0x00000000e5400000, 0x00000000e5500000, 0x00000000e5500000|100%| S|CS|TAMS 0x00000000e5400000| PB 0x00000000e5400000| Complete 
|  85|0x00000000e5500000, 0x00000000e5600000, 0x00000000e5600000|100%| S|CS|TAMS 0x00000000e5500000| PB 0x00000000e5500000| Complete 
|  86|0x00000000e5600000, 0x00000000e5700000, 0x00000000e5700000|100%| S|CS|TAMS 0x00000000e5600000| PB 0x00000000e5600000| Complete 
|  87|0x00000000e5700000, 0x00000000e5800000, 0x00000000e5800000|100%| S|CS|TAMS 0x00000000e5700000| PB 0x00000000e5700000| Complete 
|  88|0x00000000e5800000, 0x00000000e5900000, 0x00000000e5900000|100%| S|CS|TAMS 0x00000000e5800000| PB 0x00000000e5800000| Complete 
|  89|0x00000000e5900000, 0x00000000e5a00000, 0x00000000e5a00000|100%| S|CS|TAMS 0x00000000e5900000| PB 0x00000000e5900000| Complete 
|  90|0x00000000e5a00000, 0x00000000e5b00000, 0x00000000e5b00000|100%| S|CS|TAMS 0x00000000e5a00000| PB 0x00000000e5a00000| Complete 
|  91|0x00000000e5b00000, 0x00000000e5c00000, 0x00000000e5c00000|100%| S|CS|TAMS 0x00000000e5b00000| PB 0x00000000e5b00000| Complete 
|  92|0x00000000e5c00000, 0x00000000e5d00000, 0x00000000e5d00000|100%| S|CS|TAMS 0x00000000e5c00000| PB 0x00000000e5c00000| Complete 
|  93|0x00000000e5d00000, 0x00000000e5e00000, 0x00000000e5e00000|100%| S|CS|TAMS 0x00000000e5d00000| PB 0x00000000e5d00000| Complete 
|  94|0x00000000e5e00000, 0x00000000e5f00000, 0x00000000e5f00000|100%| S|CS|TAMS 0x00000000e5e00000| PB 0x00000000e5e00000| Complete 
|  95|0x00000000e5f00000, 0x00000000e6000000, 0x00000000e6000000|100%| S|CS|TAMS 0x00000000e5f00000| PB 0x00000000e5f00000| Complete 
|  96|0x00000000e6000000, 0x00000000e6100000, 0x00000000e6100000|100%| S|CS|TAMS 0x00000000e6000000| PB 0x00000000e6000000| Complete 
|  97|0x00000000e6100000, 0x00000000e6200000, 0x00000000e6200000|100%| S|CS|TAMS 0x00000000e6100000| PB 0x00000000e6100000| Complete 
|  98|0x00000000e6200000, 0x00000000e6300000, 0x00000000e6300000|100%| S|CS|TAMS 0x00000000e6200000| PB 0x00000000e6200000| Complete 
|  99|0x00000000e6300000, 0x00000000e6400000, 0x00000000e6400000|100%| S|CS|TAMS 0x00000000e6300000| PB 0x00000000e6300000| Complete 
| 100|0x00000000e6400000, 0x00000000e6500000, 0x00000000e6500000|100%| S|CS|TAMS 0x00000000e6400000| PB 0x00000000e6400000| Complete 
| 101|0x00000000e6500000, 0x00000000e6600000, 0x00000000e6600000|100%| S|CS|TAMS 0x00000000e6500000| PB 0x00000000e6500000| Complete 
| 102|0x00000000e6600000, 0x00000000e6700000, 0x00000000e6700000|100%| S|CS|TAMS 0x00000000e6600000| PB 0x00000000e6600000| Complete 
| 103|0x00000000e6700000, 0x00000000e6700000, 0x00000000e6800000|  0%| F|  |TAMS 0x00000000e6700000| PB 0x00000000e6700000| Untracked 
| 104|0x00000000e6800000, 0x00000000e6800000, 0x00000000e6900000|  0%| F|  |TAMS 0x00000000e6800000| PB 0x00000000e6800000| Untracked 
| 105|0x00000000e6900000, 0x00000000e6900000, 0x00000000e6a00000|  0%| F|  |TAMS 0x00000000e6900000| PB 0x00000000e6900000| Untracked 
| 106|0x00000000e6a00000, 0x00000000e6a00000, 0x00000000e6b00000|  0%| F|  |TAMS 0x00000000e6a00000| PB 0x00000000e6a00000| Untracked 
| 107|0x00000000e6b00000, 0x00000000e6b00000, 0x00000000e6c00000|  0%| F|  |TAMS 0x00000000e6b00000| PB 0x00000000e6b00000| Untracked 
| 108|0x00000000e6c00000, 0x00000000e6c00000, 0x00000000e6d00000|  0%| F|  |TAMS 0x00000000e6c00000| PB 0x00000000e6c00000| Untracked 
| 109|0x00000000e6d00000, 0x00000000e6d00000, 0x00000000e6e00000|  0%| F|  |TAMS 0x00000000e6d00000| PB 0x00000000e6d00000| Untracked 
| 110|0x00000000e6e00000, 0x00000000e6e00000, 0x00000000e6f00000|  0%| F|  |TAMS 0x00000000e6e00000| PB 0x00000000e6e00000| Untracked 
| 111|0x00000000e6f00000, 0x00000000e6f00000, 0x00000000e7000000|  0%| F|  |TAMS 0x00000000e6f00000| PB 0x00000000e6f00000| Untracked 
| 112|0x00000000e7000000, 0x00000000e7000000, 0x00000000e7100000|  0%| F|  |TAMS 0x00000000e7000000| PB 0x00000000e7000000| Untracked 
| 113|0x00000000e7100000, 0x00000000e7100000, 0x00000000e7200000|  0%| F|  |TAMS 0x00000000e7100000| PB 0x00000000e7100000| Untracked 
| 114|0x00000000e7200000, 0x00000000e7200000, 0x00000000e7300000|  0%| F|  |TAMS 0x00000000e7200000| PB 0x00000000e7200000| Untracked 
| 115|0x00000000e7300000, 0x00000000e7300000, 0x00000000e7400000|  0%| F|  |TAMS 0x00000000e7300000| PB 0x00000000e7300000| Untracked 
| 116|0x00000000e7400000, 0x00000000e7400000, 0x00000000e7500000|  0%| F|  |TAMS 0x00000000e7400000| PB 0x00000000e7400000| Untracked 
| 117|0x00000000e7500000, 0x00000000e7500000, 0x00000000e7600000|  0%| F|  |TAMS 0x00000000e7500000| PB 0x00000000e7500000| Untracked 
| 118|0x00000000e7600000, 0x00000000e7600000, 0x00000000e7700000|  0%| F|  |TAMS 0x00000000e7600000| PB 0x00000000e7600000| Untracked 
| 119|0x00000000e7700000, 0x00000000e7700000, 0x00000000e7800000|  0%| F|  |TAMS 0x00000000e7700000| PB 0x00000000e7700000| Untracked 
| 120|0x00000000e7800000, 0x00000000e7800000, 0x00000000e7900000|  0%| F|  |TAMS 0x00000000e7800000| PB 0x00000000e7800000| Untracked 
| 121|0x00000000e7900000, 0x00000000e7900000, 0x00000000e7a00000|  0%| F|  |TAMS 0x00000000e7900000| PB 0x00000000e7900000| Untracked 
| 122|0x00000000e7a00000, 0x00000000e7a00000, 0x00000000e7b00000|  0%| F|  |TAMS 0x00000000e7a00000| PB 0x00000000e7a00000| Untracked 
| 123|0x00000000e7b00000, 0x00000000e7b00000, 0x00000000e7c00000|  0%| F|  |TAMS 0x00000000e7b00000| PB 0x00000000e7b00000| Untracked 
| 124|0x00000000e7c00000, 0x00000000e7c00000, 0x00000000e7d00000|  0%| F|  |TAMS 0x00000000e7c00000| PB 0x00000000e7c00000| Untracked 
| 125|0x00000000e7d00000, 0x00000000e7d00000, 0x00000000e7e00000|  0%| F|  |TAMS 0x00000000e7d00000| PB 0x00000000e7d00000| Untracked 
| 126|0x00000000e7e00000, 0x00000000e7e00000, 0x00000000e7f00000|  0%| F|  |TAMS 0x00000000e7e00000| PB 0x00000000e7e00000| Untracked 
| 127|0x00000000e7f00000, 0x00000000e7f00000, 0x00000000e8000000|  0%| F|  |TAMS 0x00000000e7f00000| PB 0x00000000e7f00000| Untracked 
| 128|0x00000000e8000000, 0x00000000e8000000, 0x00000000e8100000|  0%| F|  |TAMS 0x00000000e8000000| PB 0x00000000e8000000| Untracked 
| 129|0x00000000e8100000, 0x00000000e8100000, 0x00000000e8200000|  0%| F|  |TAMS 0x00000000e8100000| PB 0x00000000e8100000| Untracked 
| 130|0x00000000e8200000, 0x00000000e8200000, 0x00000000e8300000|  0%| F|  |TAMS 0x00000000e8200000| PB 0x00000000e8200000| Untracked 
| 131|0x00000000e8300000, 0x00000000e8300000, 0x00000000e8400000|  0%| F|  |TAMS 0x00000000e8300000| PB 0x00000000e8300000| Untracked 
| 132|0x00000000e8400000, 0x00000000e8400000, 0x00000000e8500000|  0%| F|  |TAMS 0x00000000e8400000| PB 0x00000000e8400000| Untracked 
| 133|0x00000000e8500000, 0x00000000e8500000, 0x00000000e8600000|  0%| F|  |TAMS 0x00000000e8500000| PB 0x00000000e8500000| Untracked 
| 134|0x00000000e8600000, 0x00000000e8600000, 0x00000000e8700000|  0%| F|  |TAMS 0x00000000e8600000| PB 0x00000000e8600000| Untracked 
| 135|0x00000000e8700000, 0x00000000e8700000, 0x00000000e8800000|  0%| F|  |TAMS 0x00000000e8700000| PB 0x00000000e8700000| Untracked 
| 136|0x00000000e8800000, 0x00000000e8800000, 0x00000000e8900000|  0%| F|  |TAMS 0x00000000e8800000| PB 0x00000000e8800000| Untracked 
| 137|0x00000000e8900000, 0x00000000e8900000, 0x00000000e8a00000|  0%| F|  |TAMS 0x00000000e8900000| PB 0x00000000e8900000| Untracked 
| 138|0x00000000e8a00000, 0x00000000e8a00000, 0x00000000e8b00000|  0%| F|  |TAMS 0x00000000e8a00000| PB 0x00000000e8a00000| Untracked 
| 139|0x00000000e8b00000, 0x00000000e8b00000, 0x00000000e8c00000|  0%| F|  |TAMS 0x00000000e8b00000| PB 0x00000000e8b00000| Untracked 
| 140|0x00000000e8c00000, 0x00000000e8c00000, 0x00000000e8d00000|  0%| F|  |TAMS 0x00000000e8c00000| PB 0x00000000e8c00000| Untracked 
| 141|0x00000000e8d00000, 0x00000000e8d00000, 0x00000000e8e00000|  0%| F|  |TAMS 0x00000000e8d00000| PB 0x00000000e8d00000| Untracked 
| 142|0x00000000e8e00000, 0x00000000e8e00000, 0x00000000e8f00000|  0%| F|  |TAMS 0x00000000e8e00000| PB 0x00000000e8e00000| Untracked 
| 143|0x00000000e8f00000, 0x00000000e8f00000, 0x00000000e9000000|  0%| F|  |TAMS 0x00000000e8f00000| PB 0x00000000e8f00000| Untracked 
| 144|0x00000000e9000000, 0x00000000e9000000, 0x00000000e9100000|  0%| F|  |TAMS 0x00000000e9000000| PB 0x00000000e9000000| Untracked 
| 145|0x00000000e9100000, 0x00000000e9100000, 0x00000000e9200000|  0%| F|  |TAMS 0x00000000e9100000| PB 0x00000000e9100000| Untracked 
| 146|0x00000000e9200000, 0x00000000e9200000, 0x00000000e9300000|  0%| F|  |TAMS 0x00000000e9200000| PB 0x00000000e9200000| Untracked 
| 147|0x00000000e9300000, 0x00000000e9300000, 0x00000000e9400000|  0%| F|  |TAMS 0x00000000e9300000| PB 0x00000000e9300000| Untracked 
| 148|0x00000000e9400000, 0x00000000e9400000, 0x00000000e9500000|  0%| F|  |TAMS 0x00000000e9400000| PB 0x00000000e9400000| Untracked 
| 149|0x00000000e9500000, 0x00000000e9500000, 0x00000000e9600000|  0%| F|  |TAMS 0x00000000e9500000| PB 0x00000000e9500000| Untracked 
| 150|0x00000000e9600000, 0x00000000e9600000, 0x00000000e9700000|  0%| F|  |TAMS 0x00000000e9600000| PB 0x00000000e9600000| Untracked 
| 151|0x00000000e9700000, 0x00000000e9700000, 0x00000000e9800000|  0%| F|  |TAMS 0x00000000e9700000| PB 0x00000000e9700000| Untracked 
| 152|0x00000000e9800000, 0x00000000e9800000, 0x00000000e9900000|  0%| F|  |TAMS 0x00000000e9800000| PB 0x00000000e9800000| Untracked 
| 153|0x00000000e9900000, 0x00000000e9900000, 0x00000000e9a00000|  0%| F|  |TAMS 0x00000000e9900000| PB 0x00000000e9900000| Untracked 
| 154|0x00000000e9a00000, 0x00000000e9a00000, 0x00000000e9b00000|  0%| F|  |TAMS 0x00000000e9a00000| PB 0x00000000e9a00000| Untracked 
| 155|0x00000000e9b00000, 0x00000000e9b00000, 0x00000000e9c00000|  0%| F|  |TAMS 0x00000000e9b00000| PB 0x00000000e9b00000| Untracked 
| 156|0x00000000e9c00000, 0x00000000e9c00000, 0x00000000e9d00000|  0%| F|  |TAMS 0x00000000e9c00000| PB 0x00000000e9c00000| Untracked 
| 157|0x00000000e9d00000, 0x00000000e9d00000, 0x00000000e9e00000|  0%| F|  |TAMS 0x00000000e9d00000| PB 0x00000000e9d00000| Untracked 
| 158|0x00000000e9e00000, 0x00000000e9e00000, 0x00000000e9f00000|  0%| F|  |TAMS 0x00000000e9e00000| PB 0x00000000e9e00000| Untracked 
| 159|0x00000000e9f00000, 0x00000000e9f00000, 0x00000000ea000000|  0%| F|  |TAMS 0x00000000e9f00000| PB 0x00000000e9f00000| Untracked 
| 160|0x00000000ea000000, 0x00000000ea000000, 0x00000000ea100000|  0%| F|  |TAMS 0x00000000ea000000| PB 0x00000000ea000000| Untracked 
| 161|0x00000000ea100000, 0x00000000ea100000, 0x00000000ea200000|  0%| F|  |TAMS 0x00000000ea100000| PB 0x00000000ea100000| Untracked 
| 162|0x00000000ea200000, 0x00000000ea200000, 0x00000000ea300000|  0%| F|  |TAMS 0x00000000ea200000| PB 0x00000000ea200000| Untracked 
| 163|0x00000000ea300000, 0x00000000ea300000, 0x00000000ea400000|  0%| F|  |TAMS 0x00000000ea300000| PB 0x00000000ea300000| Untracked 
| 164|0x00000000ea400000, 0x00000000ea400000, 0x00000000ea500000|  0%| F|  |TAMS 0x00000000ea400000| PB 0x00000000ea400000| Untracked 
| 165|0x00000000ea500000, 0x00000000ea500000, 0x00000000ea600000|  0%| F|  |TAMS 0x00000000ea500000| PB 0x00000000ea500000| Untracked 
| 166|0x00000000ea600000, 0x00000000ea600000, 0x00000000ea700000|  0%| F|  |TAMS 0x00000000ea600000| PB 0x00000000ea600000| Untracked 
| 167|0x00000000ea700000, 0x00000000ea700000, 0x00000000ea800000|  0%| F|  |TAMS 0x00000000ea700000| PB 0x00000000ea700000| Untracked 
| 168|0x00000000ea800000, 0x00000000ea800000, 0x00000000ea900000|  0%| F|  |TAMS 0x00000000ea800000| PB 0x00000000ea800000| Untracked 
| 169|0x00000000ea900000, 0x00000000ea900000, 0x00000000eaa00000|  0%| F|  |TAMS 0x00000000ea900000| PB 0x00000000ea900000| Untracked 
| 170|0x00000000eaa00000, 0x00000000eaa00000, 0x00000000eab00000|  0%| F|  |TAMS 0x00000000eaa00000| PB 0x00000000eaa00000| Untracked 
| 171|0x00000000eab00000, 0x00000000eab00000, 0x00000000eac00000|  0%| F|  |TAMS 0x00000000eab00000| PB 0x00000000eab00000| Untracked 
| 172|0x00000000eac00000, 0x00000000eac00000, 0x00000000ead00000|  0%| F|  |TAMS 0x00000000eac00000| PB 0x00000000eac00000| Untracked 
| 173|0x00000000ead00000, 0x00000000ead00000, 0x00000000eae00000|  0%| F|  |TAMS 0x00000000ead00000| PB 0x00000000ead00000| Untracked 
| 174|0x00000000eae00000, 0x00000000eae00000, 0x00000000eaf00000|  0%| F|  |TAMS 0x00000000eae00000| PB 0x00000000eae00000| Untracked 
| 175|0x00000000eaf00000, 0x00000000eaf00000, 0x00000000eb000000|  0%| F|  |TAMS 0x00000000eaf00000| PB 0x00000000eaf00000| Untracked 
| 176|0x00000000eb000000, 0x00000000eb000000, 0x00000000eb100000|  0%| F|  |TAMS 0x00000000eb000000| PB 0x00000000eb000000| Untracked 
| 177|0x00000000eb100000, 0x00000000eb100000, 0x00000000eb200000|  0%| F|  |TAMS 0x00000000eb100000| PB 0x00000000eb100000| Untracked 
| 178|0x00000000eb200000, 0x00000000eb200000, 0x00000000eb300000|  0%| F|  |TAMS 0x00000000eb200000| PB 0x00000000eb200000| Untracked 
| 179|0x00000000eb300000, 0x00000000eb300000, 0x00000000eb400000|  0%| F|  |TAMS 0x00000000eb300000| PB 0x00000000eb300000| Untracked 
| 180|0x00000000eb400000, 0x00000000eb400000, 0x00000000eb500000|  0%| F|  |TAMS 0x00000000eb400000| PB 0x00000000eb400000| Untracked 
| 181|0x00000000eb500000, 0x00000000eb500000, 0x00000000eb600000|  0%| F|  |TAMS 0x00000000eb500000| PB 0x00000000eb500000| Untracked 
| 182|0x00000000eb600000, 0x00000000eb600000, 0x00000000eb700000|  0%| F|  |TAMS 0x00000000eb600000| PB 0x00000000eb600000| Untracked 
| 183|0x00000000eb700000, 0x00000000eb700000, 0x00000000eb800000|  0%| F|  |TAMS 0x00000000eb700000| PB 0x00000000eb700000| Untracked 
| 184|0x00000000eb800000, 0x00000000eb800000, 0x00000000eb900000|  0%| F|  |TAMS 0x00000000eb800000| PB 0x00000000eb800000| Untracked 
| 185|0x00000000eb900000, 0x00000000eb900000, 0x00000000eba00000|  0%| F|  |TAMS 0x00000000eb900000| PB 0x00000000eb900000| Untracked 
| 186|0x00000000eba00000, 0x00000000eba00000, 0x00000000ebb00000|  0%| F|  |TAMS 0x00000000eba00000| PB 0x00000000eba00000| Untracked 
| 187|0x00000000ebb00000, 0x00000000ebb00000, 0x00000000ebc00000|  0%| F|  |TAMS 0x00000000ebb00000| PB 0x00000000ebb00000| Untracked 
| 188|0x00000000ebc00000, 0x00000000ebc00000, 0x00000000ebd00000|  0%| F|  |TAMS 0x00000000ebc00000| PB 0x00000000ebc00000| Untracked 
| 189|0x00000000ebd00000, 0x00000000ebd00000, 0x00000000ebe00000|  0%| F|  |TAMS 0x00000000ebd00000| PB 0x00000000ebd00000| Untracked 
| 190|0x00000000ebe00000, 0x00000000ebe00000, 0x00000000ebf00000|  0%| F|  |TAMS 0x00000000ebe00000| PB 0x00000000ebe00000| Untracked 
| 191|0x00000000ebf00000, 0x00000000ebf00000, 0x00000000ec000000|  0%| F|  |TAMS 0x00000000ebf00000| PB 0x00000000ebf00000| Untracked 
| 192|0x00000000ec000000, 0x00000000ec000000, 0x00000000ec100000|  0%| F|  |TAMS 0x00000000ec000000| PB 0x00000000ec000000| Untracked 
| 193|0x00000000ec100000, 0x00000000ec100000, 0x00000000ec200000|  0%| F|  |TAMS 0x00000000ec100000| PB 0x00000000ec100000| Untracked 
| 194|0x00000000ec200000, 0x00000000ec200000, 0x00000000ec300000|  0%| F|  |TAMS 0x00000000ec200000| PB 0x00000000ec200000| Untracked 
| 195|0x00000000ec300000, 0x00000000ec300000, 0x00000000ec400000|  0%| F|  |TAMS 0x00000000ec300000| PB 0x00000000ec300000| Untracked 
| 196|0x00000000ec400000, 0x00000000ec400000, 0x00000000ec500000|  0%| F|  |TAMS 0x00000000ec400000| PB 0x00000000ec400000| Untracked 
| 197|0x00000000ec500000, 0x00000000ec500000, 0x00000000ec600000|  0%| F|  |TAMS 0x00000000ec500000| PB 0x00000000ec500000| Untracked 
| 198|0x00000000ec600000, 0x00000000ec600000, 0x00000000ec700000|  0%| F|  |TAMS 0x00000000ec600000| PB 0x00000000ec600000| Untracked 
| 199|0x00000000ec700000, 0x00000000ec700000, 0x00000000ec800000|  0%| F|  |TAMS 0x00000000ec700000| PB 0x00000000ec700000| Untracked 
| 200|0x00000000ec800000, 0x00000000ec800000, 0x00000000ec900000|  0%| F|  |TAMS 0x00000000ec800000| PB 0x00000000ec800000| Untracked 
| 201|0x00000000ec900000, 0x00000000ec900000, 0x00000000eca00000|  0%| F|  |TAMS 0x00000000ec900000| PB 0x00000000ec900000| Untracked 
| 202|0x00000000eca00000, 0x00000000eca00000, 0x00000000ecb00000|  0%| F|  |TAMS 0x00000000eca00000| PB 0x00000000eca00000| Untracked 
| 203|0x00000000ecb00000, 0x00000000ecb00000, 0x00000000ecc00000|  0%| F|  |TAMS 0x00000000ecb00000| PB 0x00000000ecb00000| Untracked 
| 204|0x00000000ecc00000, 0x00000000ecc00000, 0x00000000ecd00000|  0%| F|  |TAMS 0x00000000ecc00000| PB 0x00000000ecc00000| Untracked 
| 205|0x00000000ecd00000, 0x00000000ecd00000, 0x00000000ece00000|  0%| F|  |TAMS 0x00000000ecd00000| PB 0x00000000ecd00000| Untracked 
| 206|0x00000000ece00000, 0x00000000ece00000, 0x00000000ecf00000|  0%| F|  |TAMS 0x00000000ece00000| PB 0x00000000ece00000| Untracked 
| 207|0x00000000ecf00000, 0x00000000ecf00000, 0x00000000ed000000|  0%| F|  |TAMS 0x00000000ecf00000| PB 0x00000000ecf00000| Untracked 
| 208|0x00000000ed000000, 0x00000000ed000000, 0x00000000ed100000|  0%| F|  |TAMS 0x00000000ed000000| PB 0x00000000ed000000| Untracked 
| 209|0x00000000ed100000, 0x00000000ed100000, 0x00000000ed200000|  0%| F|  |TAMS 0x00000000ed100000| PB 0x00000000ed100000| Untracked 
| 210|0x00000000ed200000, 0x00000000ed200000, 0x00000000ed300000|  0%| F|  |TAMS 0x00000000ed200000| PB 0x00000000ed200000| Untracked 
| 211|0x00000000ed300000, 0x00000000ed300000, 0x00000000ed400000|  0%| F|  |TAMS 0x00000000ed300000| PB 0x00000000ed300000| Untracked 
| 212|0x00000000ed400000, 0x00000000ed400000, 0x00000000ed500000|  0%| F|  |TAMS 0x00000000ed400000| PB 0x00000000ed400000| Untracked 
| 213|0x00000000ed500000, 0x00000000ed500000, 0x00000000ed600000|  0%| F|  |TAMS 0x00000000ed500000| PB 0x00000000ed500000| Untracked 
| 214|0x00000000ed600000, 0x00000000ed600000, 0x00000000ed700000|  0%| F|  |TAMS 0x00000000ed600000| PB 0x00000000ed600000| Untracked 
| 215|0x00000000ed700000, 0x00000000ed700000, 0x00000000ed800000|  0%| F|  |TAMS 0x00000000ed700000| PB 0x00000000ed700000| Untracked 
| 216|0x00000000ed800000, 0x00000000ed800000, 0x00000000ed900000|  0%| F|  |TAMS 0x00000000ed800000| PB 0x00000000ed800000| Untracked 
| 217|0x00000000ed900000, 0x00000000ed900000, 0x00000000eda00000|  0%| F|  |TAMS 0x00000000ed900000| PB 0x00000000ed900000| Untracked 
| 218|0x00000000eda00000, 0x00000000eda00000, 0x00000000edb00000|  0%| F|  |TAMS 0x00000000eda00000| PB 0x00000000eda00000| Untracked 
| 219|0x00000000edb00000, 0x00000000edb00000, 0x00000000edc00000|  0%| F|  |TAMS 0x00000000edb00000| PB 0x00000000edb00000| Untracked 
| 220|0x00000000edc00000, 0x00000000edc00000, 0x00000000edd00000|  0%| F|  |TAMS 0x00000000edc00000| PB 0x00000000edc00000| Untracked 
| 221|0x00000000edd00000, 0x00000000edd00000, 0x00000000ede00000|  0%| F|  |TAMS 0x00000000edd00000| PB 0x00000000edd00000| Untracked 
| 222|0x00000000ede00000, 0x00000000ede00000, 0x00000000edf00000|  0%| F|  |TAMS 0x00000000ede00000| PB 0x00000000ede00000| Untracked 
| 223|0x00000000edf00000, 0x00000000edf00000, 0x00000000ee000000|  0%| F|  |TAMS 0x00000000edf00000| PB 0x00000000edf00000| Untracked 
| 224|0x00000000ee000000, 0x00000000ee000000, 0x00000000ee100000|  0%| F|  |TAMS 0x00000000ee000000| PB 0x00000000ee000000| Untracked 
| 225|0x00000000ee100000, 0x00000000ee100000, 0x00000000ee200000|  0%| F|  |TAMS 0x00000000ee100000| PB 0x00000000ee100000| Untracked 
| 226|0x00000000ee200000, 0x00000000ee200000, 0x00000000ee300000|  0%| F|  |TAMS 0x00000000ee200000| PB 0x00000000ee200000| Untracked 
| 227|0x00000000ee300000, 0x00000000ee300000, 0x00000000ee400000|  0%| F|  |TAMS 0x00000000ee300000| PB 0x00000000ee300000| Untracked 
| 228|0x00000000ee400000, 0x00000000ee400000, 0x00000000ee500000|  0%| F|  |TAMS 0x00000000ee400000| PB 0x00000000ee400000| Untracked 
| 229|0x00000000ee500000, 0x00000000ee500000, 0x00000000ee600000|  0%| F|  |TAMS 0x00000000ee500000| PB 0x00000000ee500000| Untracked 
| 230|0x00000000ee600000, 0x00000000ee600000, 0x00000000ee700000|  0%| F|  |TAMS 0x00000000ee600000| PB 0x00000000ee600000| Untracked 
| 231|0x00000000ee700000, 0x00000000ee700000, 0x00000000ee800000|  0%| F|  |TAMS 0x00000000ee700000| PB 0x00000000ee700000| Untracked 
| 232|0x00000000ee800000, 0x00000000ee800000, 0x00000000ee900000|  0%| F|  |TAMS 0x00000000ee800000| PB 0x00000000ee800000| Untracked 
| 233|0x00000000ee900000, 0x00000000ee900000, 0x00000000eea00000|  0%| F|  |TAMS 0x00000000ee900000| PB 0x00000000ee900000| Untracked 
| 234|0x00000000eea00000, 0x00000000eea00000, 0x00000000eeb00000|  0%| F|  |TAMS 0x00000000eea00000| PB 0x00000000eea00000| Untracked 
| 235|0x00000000eeb00000, 0x00000000eeb00000, 0x00000000eec00000|  0%| F|  |TAMS 0x00000000eeb00000| PB 0x00000000eeb00000| Untracked 
| 236|0x00000000eec00000, 0x00000000eec00000, 0x00000000eed00000|  0%| F|  |TAMS 0x00000000eec00000| PB 0x00000000eec00000| Untracked 
| 237|0x00000000eed00000, 0x00000000eed00000, 0x00000000eee00000|  0%| F|  |TAMS 0x00000000eed00000| PB 0x00000000eed00000| Untracked 
| 238|0x00000000eee00000, 0x00000000eee00000, 0x00000000eef00000|  0%| F|  |TAMS 0x00000000eee00000| PB 0x00000000eee00000| Untracked 
| 239|0x00000000eef00000, 0x00000000eef00000, 0x00000000ef000000|  0%| F|  |TAMS 0x00000000eef00000| PB 0x00000000eef00000| Untracked 
| 240|0x00000000ef000000, 0x00000000ef000000, 0x00000000ef100000|  0%| F|  |TAMS 0x00000000ef000000| PB 0x00000000ef000000| Untracked 
| 241|0x00000000ef100000, 0x00000000ef100000, 0x00000000ef200000|  0%| F|  |TAMS 0x00000000ef100000| PB 0x00000000ef100000| Untracked 
| 242|0x00000000ef200000, 0x00000000ef2dc548, 0x00000000ef300000| 86%| E|  |TAMS 0x00000000ef200000| PB 0x00000000ef200000| Complete 
| 243|0x00000000ef300000, 0x00000000ef400000, 0x00000000ef400000|100%| E|CS|TAMS 0x00000000ef300000| PB 0x00000000ef300000| Complete 
| 244|0x00000000ef400000, 0x00000000ef500000, 0x00000000ef500000|100%| E|CS|TAMS 0x00000000ef400000| PB 0x00000000ef400000| Complete 
| 245|0x00000000ef500000, 0x00000000ef600000, 0x00000000ef600000|100%| E|CS|TAMS 0x00000000ef500000| PB 0x00000000ef500000| Complete 
| 246|0x00000000ef600000, 0x00000000ef700000, 0x00000000ef700000|100%| E|CS|TAMS 0x00000000ef600000| PB 0x00000000ef600000| Complete 
| 247|0x00000000ef700000, 0x00000000ef800000, 0x00000000ef800000|100%| E|CS|TAMS 0x00000000ef700000| PB 0x00000000ef700000| Complete 
| 248|0x00000000ef800000, 0x00000000ef900000, 0x00000000ef900000|100%| E|CS|TAMS 0x00000000ef800000| PB 0x00000000ef800000| Complete 
| 249|0x00000000ef900000, 0x00000000efa00000, 0x00000000efa00000|100%| E|CS|TAMS 0x00000000ef900000| PB 0x00000000ef900000| Complete 
| 250|0x00000000efa00000, 0x00000000efb00000, 0x00000000efb00000|100%| E|CS|TAMS 0x00000000efa00000| PB 0x00000000efa00000| Complete 
| 251|0x00000000efb00000, 0x00000000efc00000, 0x00000000efc00000|100%| E|CS|TAMS 0x00000000efb00000| PB 0x00000000efb00000| Complete 
| 252|0x00000000efc00000, 0x00000000efd00000, 0x00000000efd00000|100%| E|CS|TAMS 0x00000000efc00000| PB 0x00000000efc00000| Complete 
| 253|0x00000000efd00000, 0x00000000efe00000, 0x00000000efe00000|100%| E|CS|TAMS 0x00000000efd00000| PB 0x00000000efd00000| Complete 
| 254|0x00000000efe00000, 0x00000000eff00000, 0x00000000eff00000|100%| E|CS|TAMS 0x00000000efe00000| PB 0x00000000efe00000| Complete 
| 255|0x00000000eff00000, 0x00000000f0000000, 0x00000000f0000000|100%| E|CS|TAMS 0x00000000eff00000| PB 0x00000000eff00000| Complete 

Card table byte_map: [0x000001b26b590000,0x000001b26b690000] _byte_map_base: 0x000001b26ae90000

Marking Bits: (CMBitMap*) 0x000001b2538c1950
 Bits: [0x000001b26b690000, 0x000001b26be90000)

Polling page: 0x000001b252870000

Metaspace:

Usage:
  Non-class:     41.52 MB used.
      Class:      6.80 MB used.
       Both:     48.32 MB used.

Virtual space:
  Non-class space:       64.00 MB reserved,      42.38 MB ( 66%) committed,  1 nodes.
      Class space:      320.00 MB reserved,       7.69 MB (  2%) committed,  1 nodes.
             Both:      384.00 MB reserved,      50.06 MB ( 13%) committed. 

Chunk freelists:
   Non-Class:  5.62 MB
       Class:  8.24 MB
        Both:  13.87 MB

MaxMetaspaceSize: 384.00 MB
CompressedClassSpaceSize: 320.00 MB
Initial GC threshold: 21.00 MB
Current GC threshold: 58.88 MB
CDS: on
 - commit_granule_bytes: 65536.
 - commit_granule_words: 8192.
 - virtual_space_node_default_size: 8388608.
 - enlarge_chunks_in_place: 1.
 - use_allocation_guard: 0.


Internal statistics:

num_allocs_failed_limit: 6.
num_arena_births: 3050.
num_arena_deaths: 0.
num_vsnodes_births: 2.
num_vsnodes_deaths: 0.
num_space_committed: 801.
num_space_uncommitted: 0.
num_chunks_returned_to_freelist: 6.
num_chunks_taken_from_freelist: 5501.
num_chunk_merges: 6.
num_chunk_splits: 3479.
num_chunks_enlarged: 2023.
num_inconsistent_stats: 0.

CodeHeap 'non-profiled nmethods': size=120000Kb used=3313Kb max_used=3313Kb free=116686Kb
 bounds [0x000001b263a00000, 0x000001b263d40000, 0x000001b26af30000]
CodeHeap 'profiled nmethods': size=120000Kb used=10468Kb max_used=10468Kb free=109531Kb
 bounds [0x000001b25bf30000, 0x000001b25c970000, 0x000001b263460000]
CodeHeap 'non-nmethods': size=5760Kb used=2723Kb max_used=2755Kb free=3037Kb
 bounds [0x000001b263460000, 0x000001b263720000, 0x000001b263a00000]
 total_blobs=6316 nmethods=5459 adapters=760
 compilation: enabled
              stopped_count=0, restarted_count=0
 full_count=0

Compilation events (20 events):
Event: 19.827 Thread 0x000001b26eb1a1e0 nmethod 5974 0x000001b25c965610 code [0x000001b25c9657c0, 0x000001b25c9659f8]
Event: 19.827 Thread 0x000001b26eb1a1e0 5976       3       com.google.common.collect.LinkedHashMultimap$ValueSet$1::hasNext (21 bytes)
Event: 19.828 Thread 0x000001b26eb1a1e0 nmethod 5976 0x000001b25c965b10 code [0x000001b25c965ce0, 0x000001b25c965fd0]
Event: 19.828 Thread 0x000001b26eb1a1e0 5977       3       com.google.common.collect.LinkedHashMultimap$ValueSet$1::checkForComodification (23 bytes)
Event: 19.828 Thread 0x000001b26eb1a1e0 nmethod 5977 0x000001b25c966110 code [0x000001b25c9662c0, 0x000001b25c9664f8]
Event: 19.832 Thread 0x000001b26eb19750 nmethod 5978 0x000001b263d36110 code [0x000001b263d36360, 0x000001b263d36d20]
Event: 19.833 Thread 0x000001b26eb19750 5979   !   4       java.lang.invoke.MemberName$Factory::resolve (159 bytes)
Event: 19.837 Thread 0x000001b26eb1a1e0 5982       3       org.gradle.internal.service.DefaultServiceRegistry$1::add (31 bytes)
Event: 19.837 Thread 0x000001b26eb1a1e0 nmethod 5982 0x000001b25c966610 code [0x000001b25c9667e0, 0x000001b25c966a90]
Event: 19.837 Thread 0x000001b26eb1a1e0 5983       3       org.gradle.internal.service.DefaultServiceRegistry$ConstructorService::<init> (10 bytes)
Event: 19.838 Thread 0x000001b26eb1a1e0 nmethod 5983 0x000001b25c966c10 code [0x000001b25c966dc0, 0x000001b25c966ef8]
Event: 19.852 Thread 0x000001b2765be030 nmethod 5970 0x000001b263d37590 code [0x000001b263d378a0, 0x000001b263d39660]
Event: 19.852 Thread 0x000001b2765be030 5980       4       java.util.ArrayList::contains (14 bytes)
Event: 19.854 Thread 0x000001b2765be030 nmethod 5980 0x000001b263d3a390 code [0x000001b263d3a520, 0x000001b263d3a6a8]
Event: 19.854 Thread 0x000001b2765be030 5981   !   4       sun.reflect.annotation.AnnotationParser::parseAnnotations (37 bytes)
Event: 19.855 Thread 0x000001b26eb19750 nmethod 5979 0x000001b263d3a810 code [0x000001b263d3aac0, 0x000001b263d3b9a8]
Event: 19.885 Thread 0x000001b26eb19750 5984       4       java.lang.invoke.InvokerBytecodeGenerator::addMethod (725 bytes)
Event: 20.360 Thread 0x000001b26eb1a1e0 5985       3       java.util.stream.AbstractPipeline::sequential (10 bytes)
Event: 21.912 Thread 0x000001b26eb1a1e0 nmethod 5985 0x000001b25c967010 code [0x000001b25c9671a0, 0x000001b25c9672b8]
Event: 21.912 Thread 0x000001b26eb1a1e0 5987   !   3       java.util.stream.ReferencePipeline$7$1::accept (127 bytes)

GC Heap History (12 events):
Event: 3.681 GC heap before
{Heap before GC invocations=0 (full 0):
 garbage-first heap   total 262144K, used 23552K [0x00000000e0000000, 0x0000000100000000)
  region size 1024K, 23 young (23552K), 0 survivors (0K)
 Metaspace       used 1051K, committed 1152K, reserved 393216K
  class space    used 76K, committed 128K, reserved 327680K
}
Event: 3.687 GC heap after
{Heap after GC invocations=1 (full 0):
 garbage-first heap   total 262144K, used 2367K [0x00000000e0000000, 0x0000000100000000)
  region size 1024K, 3 young (3072K), 3 survivors (3072K)
 Metaspace       used 1051K, committed 1152K, reserved 393216K
  class space    used 76K, committed 128K, reserved 327680K
}
Event: 7.157 GC heap before
{Heap before GC invocations=1 (full 0):
 garbage-first heap   total 262144K, used 41279K [0x00000000e0000000, 0x0000000100000000)
  region size 1024K, 39 young (39936K), 3 survivors (3072K)
 Metaspace       used 4421K, committed 4608K, reserved 393216K
  class space    used 543K, committed 640K, reserved 327680K
}
Event: 7.166 GC heap after
{Heap after GC invocations=2 (full 0):
 garbage-first heap   total 262144K, used 10953K [0x00000000e0000000, 0x0000000100000000)
  region size 1024K, 5 young (5120K), 5 survivors (5120K)
 Metaspace       used 4421K, committed 4608K, reserved 393216K
  class space    used 543K, committed 640K, reserved 327680K
}
Event: 11.180 GC heap before
{Heap before GC invocations=2 (full 0):
 garbage-first heap   total 262144K, used 62153K [0x00000000e0000000, 0x0000000100000000)
  region size 1024K, 53 young (54272K), 5 survivors (5120K)
 Metaspace       used 5789K, committed 6016K, reserved 393216K
  class space    used 750K, committed 832K, reserved 327680K
}
Event: 11.190 GC heap after
{Heap after GC invocations=3 (full 0):
 garbage-first heap   total 262144K, used 17700K [0x00000000e0000000, 0x0000000100000000)
  region size 1024K, 6 young (6144K), 6 survivors (6144K)
 Metaspace       used 5789K, committed 6016K, reserved 393216K
  class space    used 750K, committed 832K, reserved 327680K
}
Event: 13.752 GC heap before
{Heap before GC invocations=3 (full 0):
 garbage-first heap   total 262144K, used 104740K [0x00000000e0000000, 0x0000000100000000)
  region size 1024K, 92 young (94208K), 6 survivors (6144K)
 Metaspace       used 20895K, committed 21504K, reserved 393216K
  class space    used 2994K, committed 3328K, reserved 327680K
}
Event: 13.769 GC heap after
{Heap after GC invocations=4 (full 0):
 garbage-first heap   total 262144K, used 23684K [0x00000000e0000000, 0x0000000100000000)
  region size 1024K, 12 young (12288K), 12 survivors (12288K)
 Metaspace       used 20895K, committed 21504K, reserved 393216K
  class space    used 2994K, committed 3328K, reserved 327680K
}
Event: 16.499 GC heap before
{Heap before GC invocations=5 (full 0):
 garbage-first heap   total 262144K, used 152708K [0x00000000e0000000, 0x0000000100000000)
  region size 1024K, 129 young (132096K), 12 survivors (12288K)
 Metaspace       used 35079K, committed 36096K, reserved 393216K
  class space    used 4928K, committed 5440K, reserved 327680K
}
Event: 16.516 GC heap after
{Heap after GC invocations=6 (full 0):
 garbage-first heap   total 262144K, used 46699K [0x00000000e0000000, 0x0000000100000000)
  region size 1024K, 18 young (18432K), 18 survivors (18432K)
 Metaspace       used 35079K, committed 36096K, reserved 393216K
  class space    used 4928K, committed 5440K, reserved 327680K
}
Event: 19.598 GC heap before
{Heap before GC invocations=7 (full 0):
 garbage-first heap   total 262144K, used 203371K [0x00000000e0000000, 0x0000000100000000)
  region size 1024K, 153 young (156672K), 18 survivors (18432K)
 Metaspace       used 48374K, committed 50112K, reserved 393216K
  class space    used 6768K, committed 7616K, reserved 327680K
}
Event: 19.615 GC heap after
{Heap after GC invocations=8 (full 0):
 garbage-first heap   total 262144K, used 68294K [0x00000000e0000000, 0x0000000100000000)
  region size 1024K, 20 young (20480K), 20 survivors (20480K)
 Metaspace       used 48374K, committed 50112K, reserved 393216K
  class space    used 6768K, committed 7616K, reserved 327680K
}

Dll operation events (15 events):
Event: 0.237 Loaded shared library D:\Usuarios\PM71796543\.jdks\corretto-21.0.5\bin\java.dll
Event: 0.441 Loaded shared library D:\Usuarios\PM71796543\.jdks\corretto-21.0.5\bin\jsvml.dll
Event: 0.541 Loaded shared library D:\Usuarios\PM71796543\.jdks\corretto-21.0.5\bin\zip.dll
Event: 0.551 Loaded shared library D:\Usuarios\PM71796543\.jdks\corretto-21.0.5\bin\instrument.dll
Event: 0.634 Loaded shared library D:\Usuarios\PM71796543\.jdks\corretto-21.0.5\bin\net.dll
Event: 0.729 Loaded shared library D:\Usuarios\PM71796543\.jdks\corretto-21.0.5\bin\nio.dll
Event: 0.785 Loaded shared library D:\Usuarios\PM71796543\.jdks\corretto-21.0.5\bin\zip.dll
Event: 3.129 Loaded shared library D:\Usuarios\PM71796543\.jdks\corretto-21.0.5\bin\jimage.dll
Event: 6.225 Loaded shared library D:\Usuarios\PM71796543\.jdks\corretto-21.0.5\bin\verify.dll
Event: 6.422 Loaded shared library D:\Usuarios\PM71796543\.gradle\native\1def1411415f61bf3af743bc5b6707747c0891f09f0c88961ee8f79bc544acac\windows-amd64\native-platform.dll
Event: 6.477 Loaded shared library D:\Usuarios\PM71796543\.gradle\native\0.2.7\x86_64-windows-gnu\gradle-fileevents.dll
Event: 11.256 Loaded shared library D:\Usuarios\PM71796543\.jdks\corretto-21.0.5\bin\management.dll
Event: 11.289 Loaded shared library D:\Usuarios\PM71796543\.jdks\corretto-21.0.5\bin\management_ext.dll
Event: 11.525 Loaded shared library D:\Usuarios\PM71796543\.jdks\corretto-21.0.5\bin\extnet.dll
Event: 12.184 Loaded shared library D:\Usuarios\PM71796543\.jdks\corretto-21.0.5\bin\sunmscapi.dll

Deoptimization events (20 events):
Event: 19.314 Thread 0x000001b2744acf90 Uncommon trap: trap_request=0xffffffde fr.pc=0x000001b263c8f110 relative=0x0000000000000070
Event: 19.314 Thread 0x000001b2744acf90 Uncommon trap: reason=class_check action=maybe_recompile pc=0x000001b263c8f110 method=java.util.stream.StreamOpFlag.fromCharacteristics(Ljava/util/Spliterator;)I @ 14 c2
Event: 19.314 Thread 0x000001b2744acf90 DEOPT PACKING pc=0x000001b263c8f110 sp=0x0000004614ef88e0
Event: 19.314 Thread 0x000001b2744acf90 DEOPT UNPACKING pc=0x000001b2634b46a2 sp=0x0000004614ef8878 mode 2
Event: 19.588 Thread 0x000001b2744acf90 Uncommon trap: trap_request=0xffffffde fr.pc=0x000001b263c7cc54 relative=0x0000000000000214
Event: 19.588 Thread 0x000001b2744acf90 Uncommon trap: reason=class_check action=maybe_recompile pc=0x000001b263c7cc54 method=java.util.regex.Matcher.getTextLength()I @ 4 c2
Event: 19.588 Thread 0x000001b2744acf90 DEOPT PACKING pc=0x000001b263c7cc54 sp=0x0000004614ef4f90
Event: 19.588 Thread 0x000001b2744acf90 DEOPT UNPACKING pc=0x000001b2634b46a2 sp=0x0000004614ef4eb8 mode 2
Event: 19.637 Thread 0x000001b2744acf90 Uncommon trap: trap_request=0xffffffc6 fr.pc=0x000001b263bd805c relative=0x00000000000002fc
Event: 19.637 Thread 0x000001b2744acf90 Uncommon trap: reason=bimorphic_or_optimized_type_check action=maybe_recompile pc=0x000001b263bd805c method=com.google.common.base.CharMatcher.indexIn(Ljava/lang/CharSequence;I)I @ 31 c2
Event: 19.637 Thread 0x000001b2744acf90 DEOPT PACKING pc=0x000001b263bd805c sp=0x0000004614ef5700
Event: 19.637 Thread 0x000001b2744acf90 DEOPT UNPACKING pc=0x000001b2634b46a2 sp=0x0000004614ef56a8 mode 2
Event: 19.777 Thread 0x000001b2744acf90 Uncommon trap: trap_request=0xffffffde fr.pc=0x000001b263c93dd8 relative=0x00000000000026b8
Event: 19.777 Thread 0x000001b2744acf90 Uncommon trap: reason=class_check action=maybe_recompile pc=0x000001b263c93dd8 method=java.util.regex.Pattern$CharProperty.study(Ljava/util/regex/Pattern$TreeInfo;)Z @ 25 c2
Event: 19.777 Thread 0x000001b2744acf90 DEOPT PACKING pc=0x000001b263c93dd8 sp=0x0000004614ef8570
Event: 19.777 Thread 0x000001b2744acf90 DEOPT UNPACKING pc=0x000001b2634b46a2 sp=0x0000004614ef8468 mode 2
Event: 19.787 Thread 0x000001b2744acf90 Uncommon trap: trap_request=0xffffffc6 fr.pc=0x000001b263a6a3fc relative=0x000000000000027c
Event: 19.787 Thread 0x000001b2744acf90 Uncommon trap: reason=bimorphic_or_optimized_type_check action=maybe_recompile pc=0x000001b263a6a3fc method=java.util.regex.Pattern$BmpCharProperty.match(Ljava/util/regex/Matcher;ILjava/lang/CharSequence;)Z @ 19 c2
Event: 19.787 Thread 0x000001b2744acf90 DEOPT PACKING pc=0x000001b263a6a3fc sp=0x0000004614ef8aa0
Event: 19.787 Thread 0x000001b2744acf90 DEOPT UNPACKING pc=0x000001b2634b46a2 sp=0x0000004614ef8a38 mode 2

Classes loaded (20 events):
Event: 18.955 Loading class sun/reflect/generics/reflectiveObjects/GenericArrayTypeImpl
Event: 18.955 Loading class sun/reflect/generics/reflectiveObjects/GenericArrayTypeImpl done
Event: 18.960 Loading class jdk/internal/vm/annotation/ForceInline
Event: 18.960 Loading class jdk/internal/vm/annotation/ForceInline done
Event: 19.314 Loading class java/util/BitSet$1BitSetSpliterator
Event: 19.314 Loading class java/util/BitSet$1BitSetSpliterator done
Event: 19.338 Loading class sun/nio/fs/WindowsException
Event: 19.339 Loading class sun/nio/fs/WindowsException done
Event: 19.495 Loading class java/util/AbstractCollectionBeanInfo
Event: 19.495 Loading class java/util/AbstractCollectionBeanInfo done
Event: 19.495 Loading class java/util/AbstractCollectionBeanInfo
Event: 19.495 Loading class java/util/AbstractCollectionBeanInfo done
Event: 19.495 Loading class java/util/AbstractCollectionCustomizer
Event: 19.495 Loading class java/util/AbstractCollectionCustomizer done
Event: 19.495 Loading class java/util/AbstractCollectionCustomizer
Event: 19.495 Loading class java/util/AbstractCollectionCustomizer done
Event: 19.635 Loading class java/util/DualPivotQuicksort
Event: 19.636 Loading class java/util/DualPivotQuicksort done
Event: 19.884 Loading class java/io/FileWriter
Event: 19.884 Loading class java/io/FileWriter done

Classes unloaded (0 events):
No events

Classes redefined (0 events):
No events

Internal exceptions (20 events):
Event: 19.571 Thread 0x000001b2744acf90 Exception <a 'java/lang/NoSuchMethodError'{0x00000000e69cddd8}: 'java.lang.Object java.lang.invoke.DirectMethodHandle$Holder.invokeSpecial(java.lang.Object, java.lang.Object, java.lang.Object, java.lang.Object, java.lang.Object, java.lang.Object, java.lang.Object, java.lang.Object, java.lang.Object, java.lang.Object, java.lang.Object, java.lang.Object, java.lang.Object, java.lang.Object, java.lang.Object, java.lang.Object, java.lang.Object, java.lang.Object, java.lang.Object, java.lang.Object)'> (0x0000000
Event: 19.571 Thread 0x000001b2744acf90 Exception <a 'java/lang/NoSuchMethodError'{0x00000000e69d3e38}: 'java.lang.Object java.lang.invoke.DelegatingMethodHandle$Holder.reinvoke_L(java.lang.Object, java.lang.Object, java.lang.Object, java.lang.Object, java.lang.Object, java.lang.Object, java.lang.Object, java.lang.Object, java.lang.Object, java.lang.Object, java.lang.Object, java.lang.Object, java.lang.Object, java.lang.Object, java.lang.Object, java.lang.Object, java.lang.Object, java.lang.Object, java.lang.Object)'> (0x00000000e69d3e38) 
throw
Event: 19.584 Thread 0x000001b2744acf90 Exception <a 'java/lang/NoSuchMethodError'{0x00000000e6721898}: 'java.lang.Object java.lang.invoke.DirectMethodHandle$Holder.newInvokeSpecial(java.lang.Object, java.lang.Object, java.lang.Object, java.lang.Object, java.lang.Object, java.lang.Object, java.lang.Object, java.lang.Object, java.lang.Object, java.lang.Object, java.lang.Object, java.lang.Object, java.lang.Object, java.lang.Object, java.lang.Object, java.lang.Object)'> (0x00000000e6721898) 
thrown [s\src\hotspot\share\interpreter\linkResolver.cpp,
Event: 19.584 Thread 0x000001b2744acf90 Exception <a 'java/lang/NoSuchMethodError'{0x00000000e6728648}: 'java.lang.Object java.lang.invoke.DirectMethodHandle$Holder.invokeSpecial(java.lang.Object, java.lang.Object, java.lang.Object, java.lang.Object, java.lang.Object, java.lang.Object, java.lang.Object, java.lang.Object, java.lang.Object, java.lang.Object, java.lang.Object, java.lang.Object, java.lang.Object, java.lang.Object, java.lang.Object, java.lang.Object, java.lang.Object)'> (0x00000000e6728648) 
thrown [s\src\hotspot\share\interpreter\li
Event: 19.584 Thread 0x000001b2744acf90 Exception <a 'java/lang/NoSuchMethodError'{0x00000000e672e228}: 'java.lang.Object java.lang.invoke.DelegatingMethodHandle$Holder.reinvoke_L(java.lang.Object, java.lang.Object, java.lang.Object, java.lang.Object, java.lang.Object, java.lang.Object, java.lang.Object, java.lang.Object, java.lang.Object, java.lang.Object, java.lang.Object, java.lang.Object, java.lang.Object, java.lang.Object, java.lang.Object, java.lang.Object)'> (0x00000000e672e228) 
thrown [s\src\hotspot\share\interpreter\linkResolver.cpp, l
Event: 19.619 Thread 0x000001b2744acf90 Exception <a 'java/lang/ClassNotFoundException'{0x00000000eff548e8}: groovy/lang/GString$1BeanInfo> (0x00000000eff548e8) 
thrown [s\src\hotspot\share\classfile\systemDictionary.cpp, line 312]
Event: 19.620 Thread 0x000001b2744acf90 Exception <a 'java/lang/ClassNotFoundException'{0x00000000eff68400}: groovy/lang/GStringBeanInfo> (0x00000000eff68400) 
thrown [s\src\hotspot\share\classfile\systemDictionary.cpp, line 312]
Event: 19.620 Thread 0x000001b2744acf90 Exception <a 'java/lang/ClassNotFoundException'{0x00000000eff7bc30}: groovy/lang/GStringCustomizer> (0x00000000eff7bc30) 
thrown [s\src\hotspot\share\classfile\systemDictionary.cpp, line 312]
Event: 19.621 Thread 0x000001b2744acf90 Exception <a 'java/lang/ClassNotFoundException'{0x00000000efff5808}: groovy/lang/GString$1Customizer> (0x00000000efff5808) 
thrown [s\src\hotspot\share\classfile\systemDictionary.cpp, line 312]
Event: 19.625 Thread 0x000001b2744acf90 Exception <a 'java/lang/ClassNotFoundException'{0x00000000efe2bc60}: org/gradle/plugin/management/internal/DefaultPluginManagementSpec$PluginDependenciesSpecImplBeanInfo> (0x00000000efe2bc60) 
thrown [s\src\hotspot\share\classfile\systemDictionary.cpp, line 312]
Event: 19.626 Thread 0x000001b2744acf90 Exception <a 'java/lang/ClassNotFoundException'{0x00000000efe43048}: org/gradle/plugin/management/internal/DefaultPluginManagementSpec$PluginDependenciesSpecImplCustomizer> (0x00000000efe43048) 
thrown [s\src\hotspot\share\classfile\systemDictionary.cpp, line 312]
Event: 19.629 Thread 0x000001b2744acf90 Exception <a 'java/lang/ClassNotFoundException'{0x00000000efd4e1a8}: org/codehaus/groovy/runtime/GStringImplBeanInfo> (0x00000000efd4e1a8) 
thrown [s\src\hotspot\share\classfile\systemDictionary.cpp, line 312]
Event: 19.630 Thread 0x000001b2744acf90 Exception <a 'java/lang/ClassNotFoundException'{0x00000000efd61058}: org/codehaus/groovy/runtime/GStringImplCustomizer> (0x00000000efd61058) 
thrown [s\src\hotspot\share\classfile\systemDictionary.cpp, line 312]
Event: 19.648 Thread 0x000001b2744acf90 Exception <a 'java/lang/ClassNotFoundException'{0x00000000efdce1a8}: org/gradle/plugin/management/internal/DefaultPluginManagementSpec$PluginDependencySpecImplBeanInfo> (0x00000000efdce1a8) 
thrown [s\src\hotspot\share\classfile\systemDictionary.cpp, line 312]
Event: 19.649 Thread 0x000001b2744acf90 Exception <a 'java/lang/ClassNotFoundException'{0x00000000efde4f70}: org/gradle/plugin/management/internal/DefaultPluginManagementSpec$PluginDependencySpecImplCustomizer> (0x00000000efde4f70) 
thrown [s\src\hotspot\share\classfile\systemDictionary.cpp, line 312]
Event: 19.653 Thread 0x000001b2744acf90 Exception <a 'java/lang/IncompatibleClassChangeError'{0x00000000efc48728}: Found class java.lang.Object, but interface was expected> (0x00000000efc48728) 
thrown [s\src\hotspot\share\interpreter\linkResolver.cpp, line 840]
Event: 19.676 Thread 0x000001b2744acf90 Exception <a 'java/lang/ClassNotFoundException'{0x00000000efb0a030}: settings_370v4d7jswwp31g9kkkc25ph8BeanInfo> (0x00000000efb0a030) 
thrown [s\src\hotspot\share\classfile\systemDictionary.cpp, line 312]
Event: 19.677 Thread 0x000001b2744acf90 Exception <a 'java/lang/ClassNotFoundException'{0x00000000efb11a88}: settings_370v4d7jswwp31g9kkkc25ph8Customizer> (0x00000000efb11a88) 
thrown [s\src\hotspot\share\classfile\systemDictionary.cpp, line 312]
Event: 19.682 Thread 0x000001b2744acf90 Exception <a 'java/lang/ClassNotFoundException'{0x00000000efb42b28}: org/gradle/initialization/DefaultProjectDescriptorBeanInfo> (0x00000000efb42b28) 
thrown [s\src\hotspot\share\classfile\systemDictionary.cpp, line 312]
Event: 19.682 Thread 0x000001b2744acf90 Exception <a 'java/lang/ClassNotFoundException'{0x00000000efb52bd8}: org/gradle/initialization/DefaultProjectDescriptorCustomizer> (0x00000000efb52bd8) 
thrown [s\src\hotspot\share\classfile\systemDictionary.cpp, line 312]

ZGC Phase Switch (0 events):
No events

VM Operations (20 events):
Event: 17.708 Executing VM operation: HandshakeAllThreads (Deoptimize)
Event: 17.708 Executing VM operation: HandshakeAllThreads (Deoptimize) done
Event: 17.764 Executing VM operation: HandshakeAllThreads (Deoptimize)
Event: 17.764 Executing VM operation: HandshakeAllThreads (Deoptimize) done
Event: 18.042 Executing VM operation: HandshakeAllThreads (Deoptimize)
Event: 18.042 Executing VM operation: HandshakeAllThreads (Deoptimize) done
Event: 18.147 Executing VM operation: HandshakeAllThreads (Deoptimize)
Event: 18.147 Executing VM operation: HandshakeAllThreads (Deoptimize) done
Event: 18.335 Executing VM operation: ICBufferFull
Event: 18.335 Executing VM operation: ICBufferFull done
Event: 18.956 Executing VM operation: ICBufferFull
Event: 18.956 Executing VM operation: ICBufferFull done
Event: 18.976 Executing VM operation: HandshakeAllThreads (Deoptimize)
Event: 18.976 Executing VM operation: HandshakeAllThreads (Deoptimize) done
Event: 19.598 Executing VM operation: G1CollectForAllocation (G1 Evacuation Pause)
Event: 19.615 Executing VM operation: G1CollectForAllocation (G1 Evacuation Pause) done
Event: 19.884 Executing VM operation: HandshakeAllThreads (Deoptimize)
Event: 19.884 Executing VM operation: HandshakeAllThreads (Deoptimize) done
Event: 20.886 Executing VM operation: Cleanup
Event: 20.887 Executing VM operation: Cleanup done

Memory protections (0 events):
No events

Nmethod flushes (20 events):
Event: 16.532 Thread 0x000001b26eadca40 flushing  nmethod 0x000001b25bf7a010
Event: 16.532 Thread 0x000001b26eadca40 flushing  nmethod 0x000001b25bf7a710
Event: 16.532 Thread 0x000001b26eadca40 flushing  nmethod 0x000001b25bf7ab10
Event: 16.532 Thread 0x000001b26eadca40 flushing  nmethod 0x000001b25bf7b810
Event: 16.532 Thread 0x000001b26eadca40 flushing  nmethod 0x000001b25bf7c090
Event: 16.532 Thread 0x000001b26eadca40 flushing  nmethod 0x000001b25bf7c590
Event: 16.532 Thread 0x000001b26eadca40 flushing  nmethod 0x000001b25bf7cb10
Event: 16.532 Thread 0x000001b26eadca40 flushing  nmethod 0x000001b25bf7d010
Event: 16.532 Thread 0x000001b26eadca40 flushing  nmethod 0x000001b25bff5290
Event: 16.532 Thread 0x000001b26eadca40 flushing  nmethod 0x000001b25bff6310
Event: 16.532 Thread 0x000001b26eadca40 flushing  nmethod 0x000001b25bff7410
Event: 16.532 Thread 0x000001b26eadca40 flushing  nmethod 0x000001b25bff8d90
Event: 16.532 Thread 0x000001b26eadca40 flushing  nmethod 0x000001b25bff9190
Event: 16.532 Thread 0x000001b26eadca40 flushing  nmethod 0x000001b25bff9690
Event: 16.532 Thread 0x000001b26eadca40 flushing  nmethod 0x000001b25bffbc90
Event: 16.532 Thread 0x000001b26eadca40 flushing  nmethod 0x000001b25c067110
Event: 16.532 Thread 0x000001b26eadca40 flushing  nmethod 0x000001b25c067510
Event: 16.532 Thread 0x000001b26eadca40 flushing  nmethod 0x000001b25c06c690
Event: 16.532 Thread 0x000001b26eadca40 flushing  nmethod 0x000001b25c2e5c10
Event: 16.532 Thread 0x000001b26eadca40 flushing  nmethod 0x000001b25c2e6490

Events (20 events):
Event: 18.219 Thread 0x000001b2744acf90 Thread added: 0x000001b275027590
Event: 18.223 Thread 0x000001b2744acf90 Thread added: 0x000001b275025b50
Event: 18.227 Thread 0x000001b2744acf90 Thread added: 0x000001b275027c20
Event: 18.230 Thread 0x000001b2744acf90 Thread added: 0x000001b2750282b0
Event: 18.234 Thread 0x000001b2744acf90 Thread added: 0x000001b275024e30
Event: 18.238 Thread 0x000001b2744acf90 Thread added: 0x000001b275028940
Event: 18.351 Thread 0x000001b2744acf90 Thread added: 0x000001b2750254c0
Event: 18.354 Thread 0x000001b2744acf90 Thread added: 0x000001b275028fd0
Event: 18.357 Thread 0x000001b2744acf90 Thread added: 0x000001b275029cf0
Event: 18.359 Thread 0x000001b2744acf90 Thread added: 0x000001b275029660
Event: 18.364 Thread 0x000001b2744acf90 Thread added: 0x000001b27502aa10
Event: 18.369 Thread 0x000001b2744acf90 Thread added: 0x000001b27502a380
Event: 18.372 Thread 0x000001b2744acf90 Thread added: 0x000001b27502b0a0
Event: 18.377 Thread 0x000001b2744acf90 Thread added: 0x000001b27502b730
Event: 18.381 Thread 0x000001b2744acf90 Thread added: 0x000001b27640d930
Event: 18.384 Thread 0x000001b2744acf90 Thread added: 0x000001b27640ece0
Event: 18.386 Thread 0x000001b2744acf90 Thread added: 0x000001b27640bef0
Event: 18.908 Thread 0x000001b2756532d0 Thread exited: 0x000001b2756532d0
Event: 18.908 Thread 0x000001b274ca0810 Thread exited: 0x000001b274ca0810
Event: 19.480 Thread 0x000001b26eb1a1e0 Thread added: 0x000001b2765be030


Dynamic libraries:
0x00007ff68f5a0000 - 0x00007ff68f5ae000 	D:\Usuarios\PM71796543\.jdks\corretto-21.0.5\bin\java.exe
0x00007ffc78520000 - 0x00007ffc78780000 	C:\WINDOWS\SYSTEM32\ntdll.dll
0x00007ffc77040000 - 0x00007ffc77107000 	C:\WINDOWS\System32\KERNEL32.DLL
0x00007ffc757f0000 - 0x00007ffc75bba000 	C:\WINDOWS\System32\KERNELBASE.dll
0x00007ffc75bc0000 - 0x00007ffc75d0b000 	C:\WINDOWS\System32\ucrtbase.dll
0x00007ffc68f40000 - 0x00007ffc68f5b000 	D:\Usuarios\PM71796543\.jdks\corretto-21.0.5\bin\VCRUNTIME140.dll
0x00007ffc68e80000 - 0x00007ffc68e98000 	D:\Usuarios\PM71796543\.jdks\corretto-21.0.5\bin\jli.dll
0x00007ffc76320000 - 0x00007ffc764ec000 	C:\WINDOWS\System32\USER32.dll
0x00007ffc75700000 - 0x00007ffc75727000 	C:\WINDOWS\System32\win32u.dll
0x00007ffc76ad0000 - 0x00007ffc76afa000 	C:\WINDOWS\System32\GDI32.dll
0x00007ffc75ef0000 - 0x00007ffc76021000 	C:\WINDOWS\System32\gdi32full.dll
0x00007ffc75d10000 - 0x00007ffc75db3000 	C:\WINDOWS\System32\msvcp_win.dll
0x00007ffc64720000 - 0x00007ffc649b7000 	C:\WINDOWS\WinSxS\amd64_microsoft.windows.common-controls_6595b64144ccf1df_6.0.26100.3624_none_3e086962e3345f24\COMCTL32.dll
0x00007ffc76f90000 - 0x00007ffc77039000 	C:\WINDOWS\System32\msvcrt.dll
0x00007ffc77650000 - 0x00007ffc7767f000 	C:\WINDOWS\System32\IMM32.DLL
0x00007ffc684b0000 - 0x00007ffc6860b000 	C:\WINDOWS\system32\tmumh\20019\AddOn\8.55.0.1350\TmUmEvt64.dll
0x00007ffc77480000 - 0x00007ffc77488000 	C:\WINDOWS\System32\PSAPI.DLL
0x00007ffc76c00000 - 0x00007ffc76cb2000 	C:\WINDOWS\System32\ADVAPI32.dll
0x00007ffc775a0000 - 0x00007ffc77646000 	C:\WINDOWS\System32\sechost.dll
0x00007ffc764f0000 - 0x00007ffc76606000 	C:\WINDOWS\System32\RPCRT4.dll
0x000000005cb90000 - 0x000000005ccb6000 	C:\WINDOWS\system32\tmumh\20019\TmMon\2.9.0.1205\tmmon64.dll
0x00007ffc5aa40000 - 0x00007ffc5ad7f000 	C:\WINDOWS\System32\TmLWE\TmUmSnsr64\1.0.0.1147\TmUmSnsr64.dll
0x00007ffc744d0000 - 0x00007ffc744ea000 	C:\WINDOWS\SYSTEM32\kernel.appcore.dll
0x00007ffc68e70000 - 0x00007ffc68e7c000 	D:\Usuarios\PM71796543\.jdks\corretto-21.0.5\bin\vcruntime140_1.dll
0x00007ffc50560000 - 0x00007ffc505ed000 	D:\Usuarios\PM71796543\.jdks\corretto-21.0.5\bin\msvcp140.dll
0x00007ffb8cac0000 - 0x00007ffb8d85d000 	D:\Usuarios\PM71796543\.jdks\corretto-21.0.5\bin\server\jvm.dll
0x00007ffc77490000 - 0x00007ffc77504000 	C:\WINDOWS\System32\WS2_32.dll
0x00007ffc75550000 - 0x00007ffc755ae000 	C:\WINDOWS\SYSTEM32\POWRPROF.dll
0x00007ffc68830000 - 0x00007ffc68866000 	C:\WINDOWS\SYSTEM32\WINMM.dll
0x00007ffc64f20000 - 0x00007ffc64f2b000 	C:\WINDOWS\SYSTEM32\VERSION.dll
0x00007ffc75530000 - 0x00007ffc75544000 	C:\WINDOWS\SYSTEM32\UMPDC.dll
0x00007ffc68e60000 - 0x00007ffc68e6a000 	D:\Usuarios\PM71796543\.jdks\corretto-21.0.5\bin\jimage.dll
0x00007ffc72bf0000 - 0x00007ffc72e31000 	C:\WINDOWS\SYSTEM32\DBGHELP.DLL
0x00007ffc78150000 - 0x00007ffc784d2000 	C:\WINDOWS\System32\combase.dll
0x00007ffc77180000 - 0x00007ffc77256000 	C:\WINDOWS\System32\OLEAUT32.dll
0x00007ffc646e0000 - 0x00007ffc64719000 	C:\WINDOWS\SYSTEM32\dbgcore.DLL
0x00007ffc75dc0000 - 0x00007ffc75e59000 	C:\WINDOWS\System32\bcryptPrimitives.dll
0x00007ffc63c80000 - 0x00007ffc63c8e000 	D:\Usuarios\PM71796543\.jdks\corretto-21.0.5\bin\instrument.dll
0x00007ffc54aa0000 - 0x00007ffc54abf000 	D:\Usuarios\PM71796543\.jdks\corretto-21.0.5\bin\java.dll
0x00007ffc77a20000 - 0x00007ffc78149000 	C:\WINDOWS\System32\SHELL32.dll
0x00007ffc761b0000 - 0x00007ffc76318000 	C:\WINDOWS\System32\wintypes.dll
0x00007ffc731a0000 - 0x00007ffc739f2000 	C:\WINDOWS\SYSTEM32\windows.storage.dll
0x00007ffc76cc0000 - 0x00007ffc76dad000 	C:\WINDOWS\System32\SHCORE.dll
0x00007ffc76b80000 - 0x00007ffc76be4000 	C:\WINDOWS\System32\shlwapi.dll
0x00007ffc75610000 - 0x00007ffc7563f000 	C:\WINDOWS\SYSTEM32\profapi.dll
0x00007ffc15cb0000 - 0x00007ffc15d87000 	D:\Usuarios\PM71796543\.jdks\corretto-21.0.5\bin\jsvml.dll
0x00007ffc53f20000 - 0x00007ffc53f38000 	D:\Usuarios\PM71796543\.jdks\corretto-21.0.5\bin\zip.dll
0x00007ffc55100000 - 0x00007ffc55110000 	D:\Usuarios\PM71796543\.jdks\corretto-21.0.5\bin\net.dll
0x00007ffc6d5b0000 - 0x00007ffc6d6cd000 	C:\WINDOWS\SYSTEM32\WINHTTP.dll
0x00007ffc749d0000 - 0x00007ffc74a3a000 	C:\WINDOWS\system32\mswsock.dll
0x00007ffc53f00000 - 0x00007ffc53f16000 	D:\Usuarios\PM71796543\.jdks\corretto-21.0.5\bin\nio.dll
0x00007ffc54cd0000 - 0x00007ffc54ce0000 	D:\Usuarios\PM71796543\.jdks\corretto-21.0.5\bin\verify.dll
0x00007ffbc7930000 - 0x00007ffbc7957000 	D:\Usuarios\PM71796543\.gradle\native\1def1411415f61bf3af743bc5b6707747c0891f09f0c88961ee8f79bc544acac\windows-amd64\native-platform.dll
0x00007ffc1bc20000 - 0x00007ffc1bc98000 	D:\Usuarios\PM71796543\.gradle\native\0.2.7\x86_64-windows-gnu\gradle-fileevents.dll
0x00007ffc54a90000 - 0x00007ffc54a99000 	D:\Usuarios\PM71796543\.jdks\corretto-21.0.5\bin\management.dll
0x00007ffc50bb0000 - 0x00007ffc50bbb000 	D:\Usuarios\PM71796543\.jdks\corretto-21.0.5\bin\management_ext.dll
0x00007ffc73c30000 - 0x00007ffc73c63000 	C:\WINDOWS\SYSTEM32\IPHLPAPI.DLL
0x000001b2528e0000 - 0x000001b2528ea000 	C:\WINDOWS\System32\NSI.dll
0x00007ffc50b60000 - 0x00007ffc50b69000 	D:\Usuarios\PM71796543\.jdks\corretto-21.0.5\bin\extnet.dll
0x00007ffc74d80000 - 0x00007ffc74d9c000 	C:\WINDOWS\SYSTEM32\CRYPTSP.dll
0x00007ffc74430000 - 0x00007ffc7446a000 	C:\WINDOWS\system32\rsaenh.dll
0x00007ffc74a70000 - 0x00007ffc74a9b000 	C:\WINDOWS\SYSTEM32\USERENV.dll
0x00007ffc755e0000 - 0x00007ffc75606000 	C:\WINDOWS\SYSTEM32\bcrypt.dll
0x00007ffc74c00000 - 0x00007ffc74c0c000 	C:\WINDOWS\SYSTEM32\CRYPTBASE.dll
0x00007ffc50b50000 - 0x00007ffc50b5e000 	D:\Usuarios\PM71796543\.jdks\corretto-21.0.5\bin\sunmscapi.dll
0x00007ffc76030000 - 0x00007ffc761a7000 	C:\WINDOWS\System32\CRYPT32.dll
0x00007ffc74ed0000 - 0x00007ffc74f00000 	C:\WINDOWS\SYSTEM32\ncrypt.dll
0x00007ffc74e80000 - 0x00007ffc74ebf000 	C:\WINDOWS\SYSTEM32\NTASN1.dll
0x00007ffc4ba80000 - 0x00007ffc4ba88000 	C:\WINDOWS\system32\wshunix.dll

dbghelp: loaded successfully - version: 4.0.5 - missing functions: none
symbol engine: initialized successfully - sym options: 0x614 - pdb path: .;D:\Usuarios\PM71796543\.jdks\corretto-21.0.5\bin;C:\WINDOWS\SYSTEM32;C:\WINDOWS\WinSxS\amd64_microsoft.windows.common-controls_6595b64144ccf1df_6.0.26100.3624_none_3e086962e3345f24;C:\WINDOWS\system32\tmumh\20019\AddOn\8.55.0.1350;C:\WINDOWS\system32\tmumh\20019\TmMon\2.9.0.1205;C:\WINDOWS\System32\TmLWE\TmUmSnsr64\1.0.0.1147;D:\Usuarios\PM71796543\.jdks\corretto-21.0.5\bin\server;D:\Usuarios\PM71796543\.gradle\native\1def1411415f61bf3af743bc5b6707747c0891f09f0c88961ee8f79bc544acac\windows-amd64;D:\Usuarios\PM71796543\.gradle\native\0.2.7\x86_64-windows-gnu

VM Arguments:
jvm_args: --add-opens=java.base/java.lang=ALL-UNNAMED --add-opens=java.base/java.lang.invoke=ALL-UNNAMED --add-opens=java.base/java.util=ALL-UNNAMED --add-opens=java.prefs/java.util.prefs=ALL-UNNAMED --add-exports=jdk.compiler/com.sun.tools.javac.api=ALL-UNNAMED --add-exports=jdk.compiler/com.sun.tools.javac.util=ALL-UNNAMED --add-opens=java.base/java.util=ALL-UNNAMED --add-opens=java.prefs/java.util.prefs=ALL-UNNAMED --add-opens=java.base/java.nio.charset=ALL-UNNAMED --add-opens=java.base/java.net=ALL-UNNAMED --add-opens=java.base/java.util.concurrent.atomic=ALL-UNNAMED --add-opens=java.xml/javax.xml.namespace=ALL-UNNAMED -XX:MaxMetaspaceSize=384m -XX:+HeapDumpOnOutOfMemoryError -Xms256m -Xmx512m -Dfile.encoding=UTF-8 -Duser.country=PE -Duser.language=es -Duser.variant -javaagent:D:\Usuarios\PM71796543\.gradle\wrapper\dists\gradle-8.13-bin\5xuhj0ry160q40clulazy9h7d\gradle-8.13\lib\agents\gradle-instrumentation-agent-8.13.jar 
java_command: org.gradle.launcher.daemon.bootstrap.GradleDaemon 8.13
java_class_path (initial): D:\Usuarios\PM71796543\.gradle\wrapper\dists\gradle-8.13-bin\5xuhj0ry160q40clulazy9h7d\gradle-8.13\lib\gradle-daemon-main-8.13.jar
Launcher Type: SUN_STANDARD

[Global flags]
     intx CICompilerCount                          = 4                                         {product} {ergonomic}
   size_t CompressedClassSpaceSize                 = 335544320                                 {product} {ergonomic}
     uint ConcGCThreads                            = 3                                         {product} {ergonomic}
     uint G1ConcRefinementThreads                  = 10                                        {product} {ergonomic}
   size_t G1HeapRegionSize                         = 1048576                                   {product} {ergonomic}
    uintx GCDrainStackTargetSize                   = 64                                        {product} {ergonomic}
     bool HeapDumpOnOutOfMemoryError               = true                                   {manageable} {command line}
   size_t InitialHeapSize                          = 268435456                                 {product} {command line}
   size_t MarkStackSize                            = 4194304                                   {product} {ergonomic}
   size_t MaxHeapSize                              = 536870912                                 {product} {command line}
   size_t MaxMetaspaceSize                         = 402653184                                 {product} {command line}
   size_t MaxNewSize                               = 321912832                                 {product} {ergonomic}
   size_t MinHeapDeltaBytes                        = 1048576                                   {product} {ergonomic}
   size_t MinHeapSize                              = 268435456                                 {product} {command line}
    uintx NonNMethodCodeHeapSize                   = 5839372                                {pd product} {ergonomic}
    uintx NonProfiledCodeHeapSize                  = 122909434                              {pd product} {ergonomic}
    uintx ProfiledCodeHeapSize                     = 122909434                              {pd product} {ergonomic}
    uintx ReservedCodeCacheSize                    = 251658240                              {pd product} {ergonomic}
     bool SegmentedCodeCache                       = true                                      {product} {ergonomic}
   size_t SoftMaxHeapSize                          = 536870912                              {manageable} {ergonomic}
     bool UseCompressedOops                        = true                           {product lp64_product} {ergonomic}
     bool UseG1GC                                  = true                                      {product} {ergonomic}
     bool UseLargePagesIndividualAllocation        = false                                  {pd product} {ergonomic}

Logging:
Log output configuration:
 #0: stdout all=warning uptime,level,tags foldmultilines=false
 #1: stderr all=off uptime,level,tags foldmultilines=false

Environment Variables:
JAVA_HOME=C:\Program Files\Java\jdk-17.0.6
PATH=C:\Program Files\Alacritty\;C:\Archivos de programa\Java\jdk-17.0.6\bin;C:\Program Files\PowerShell\7;C:\Program Files\Common Files\Oracle\Java\javapath;C:\Python312\Scripts\;C:\Python312\;C:\Oracle\product\11.2.0\client_1\bin;C:\Windows\system32;C:\Windows;C:\Windows\System32\Wbem;C:\Windows\System32\WindowsPowerShell\v1.0\;C:\Windows\System32\OpenSSH\;C:\Program Files\dotnet\;C:\ProgramData\chocolatey\bin;C:\Program Files (x86)\Microsoft SQL Server\160\Tools\Binn\;C:\Program Files\Microsoft SQL Server\160\Tools\Binn\;C:\Program Files\Microsoft SQL Server\Client SDK\ODBC\170\Tools\Binn\;C:\Program Files\Microsoft SQL Server\160\DTS\Binn\;C:\Program Files (x86)\Microsoft SQL Server\160\DTS\Binn\;D:\Usuarios\PM71796543\AppData\Local\Microsoft\WindowsApps;D:\Usuarios\PM71796543\AppData\Local\Programs\Microsoft VS Code\bin;D:\Usuarios\PM71796543\AppData\Local\Programs\oh-my-posh\bin;D:\Usuarios\PM71796543\AppData\Roaming\npm;C:\Program Files\Git\cmd;C:\Users\PM71796543\AppData\Roaming\nvm;C:\Program Files\nodejs;C:\Program Files\GitHub CLI\;C:\Program Files\PuTTY\;C:\Program Files\Docker\Docker\resources\bin;C:\Program Files (x86)\Go\bin;C:\WINDOWS\system32;C:\WINDOWS;C:\WINDOWS\System32\Wbem;C:\WINDOWS\System32\WindowsPowerShell\v1.0\;C:\WINDOWS\System32\OpenSSH\;C:\Program Files\PowerShell\7\;C:\Program Files\PowerShell\7-preview\preview;D:\Usuarios\PM71796543\.console-ninja\.bin;D:\Usuarios\PM71796543\AppData\Local\Microsoft\WindowsApps;D:\Usuarios\PM71796543\AppData\Local\Programs\Microsoft VS Code\bin;D:\Usuarios\PM71796543\AppData\Local\Programs\oh-my-posh\bin;D:\Usuarios\PM71796543\AppData\Roaming\nvm;C:\Program Files\nodejs;D:\Usuarios\PM71796543\.jetbrains\helm;D:\Usuarios\PM71796543\AppData\Local\JetBrains\Toolbox\scripts;D:\Usuarios\PM71796543\AppData\Local\Google\Cloud SDK\google-cloud-sdk\bin;D:\Usuarios\PM71796543\.bun\bin;D:\Usuarios\PM71796543\go\bin;D:\Usuarios\PM71796543\AppData\Local\Microsoft\WindowsApps;
USERNAME=PM71796543
OS=Windows_NT
PROCESSOR_IDENTIFIER=Intel64 Family 6 Model 186 Stepping 3, GenuineIntel
TMP=D:\Usuarios\PM71796543\AppData\Local\Temp
TEMP=D:\Usuarios\PM71796543\AppData\Local\Temp




Periodic native trim disabled

---------------  S Y S T E M  ---------------

OS:
 Windows 11 , 64 bit Build 26100 (10.0.26100.3775)
OS uptime: 0 days 13:23 hours
Hyper-V role detected

CPU: total 12 (initial active 12) (6 cores per cpu, 2 threads per core) family 6 model 186 stepping 3 microcode 0x4123, cx8, cmov, fxsr, ht, mmx, 3dnowpref, sse, sse2, sse3, ssse3, sse4.1, sse4.2, popcnt, lzcnt, tsc, tscinvbit, avx, avx2, aes, erms, clmul, bmi1, bmi2, adx, sha, fma, vzeroupper, clflush, clflushopt, clwb, hv, serialize, rdtscp, rdpid, fsrm, f16c, cet_ibt, cet_ss
Processor Information for processor 0
  Max Mhz: 1800, Current Mhz: 1800, Mhz Limit: 1800
Processor Information for processor 1
  Max Mhz: 1800, Current Mhz: 1800, Mhz Limit: 1800
Processor Information for processor 2
  Max Mhz: 1800, Current Mhz: 1800, Mhz Limit: 1800
Processor Information for processor 3
  Max Mhz: 1800, Current Mhz: 1800, Mhz Limit: 1800
Processor Information for processor 4
  Max Mhz: 1800, Current Mhz: 1800, Mhz Limit: 1800
Processor Information for processor 5
  Max Mhz: 1800, Current Mhz: 1800, Mhz Limit: 1800
Processor Information for processor 6
  Max Mhz: 1800, Current Mhz: 1800, Mhz Limit: 1800
Processor Information for processor 7
  Max Mhz: 1800, Current Mhz: 1523, Mhz Limit: 1800
Processor Information for processor 8
  Max Mhz: 1800, Current Mhz: 1523, Mhz Limit: 1800
Processor Information for processor 9
  Max Mhz: 1800, Current Mhz: 1523, Mhz Limit: 1800
Processor Information for processor 10
  Max Mhz: 1800, Current Mhz: 1523, Mhz Limit: 1800
Processor Information for processor 11
  Max Mhz: 1800, Current Mhz: 1800, Mhz Limit: 1800

Memory: 4k page, system-wide physical 16036M (1644M free)
TotalPageFile size 54542M (AvailPageFile size 0M)
current process WorkingSet (physical memory assigned to process): 393M, peak: 393M
current process commit charge ("private bytes"): 476M, peak: 476M

vm_info: OpenJDK 64-Bit Server VM (21.0.5+11-LTS) for windows-amd64 JRE (21.0.5+11-LTS), built on 2024-10-11T20:58:34Z by "Administrator" with MS VC++ 16.10 / 16.11 (VS2019)

END.
